******************************************************************************
                  MSP430 Linker PC v3.3.3                      
******************************************************************************
>> Linked Mon Nov 23 19:12:04 2015

OUTPUT FILE NAME:   <Project.out>
ENTRY POINT SYMBOL: "_c_int00"  address: 00005d72


MEMORY CONFIGURATION

         name            origin    length      used     unused   attr    fill
----------------------  --------  ---------  --------  --------  ----  --------
  SFR                   00000000   00000010  00000000  00000010  RWIX
  PERIPHERALS_8BIT      00000010   000000f0  00000000  000000f0  RWIX
  PERIPHERALS_16BIT     00000100   00000100  00000000  00000100  RWIX
  INFOD                 00001800   00000080  00000000  00000080  RWIX
  INFOC                 00001880   00000080  00000000  00000080  RWIX
  INFOB                 00001900   00000080  00000000  00000080  RWIX
  INFOA                 00001980   00000080  00000000  00000080  RWIX
  RAM                   00001c00   00004000  0000068b  00003975  RWIX
  FLASH                 00005c00   0000a380  00002bef  00007791  RWIX
  INT00                 0000ff80   00000002  00000000  00000002  RWIX
  INT01                 0000ff82   00000002  00000000  00000002  RWIX
  INT02                 0000ff84   00000002  00000000  00000002  RWIX
  INT03                 0000ff86   00000002  00000000  00000002  RWIX
  INT04                 0000ff88   00000002  00000000  00000002  RWIX
  INT05                 0000ff8a   00000002  00000000  00000002  RWIX
  INT06                 0000ff8c   00000002  00000000  00000002  RWIX
  INT07                 0000ff8e   00000002  00000000  00000002  RWIX
  INT08                 0000ff90   00000002  00000000  00000002  RWIX
  INT09                 0000ff92   00000002  00000000  00000002  RWIX
  INT10                 0000ff94   00000002  00000000  00000002  RWIX
  INT11                 0000ff96   00000002  00000000  00000002  RWIX
  INT12                 0000ff98   00000002  00000000  00000002  RWIX
  INT13                 0000ff9a   00000002  00000000  00000002  RWIX
  INT14                 0000ff9c   00000002  00000000  00000002  RWIX
  INT15                 0000ff9e   00000002  00000000  00000002  RWIX
  INT16                 0000ffa0   00000002  00000000  00000002  RWIX
  INT17                 0000ffa2   00000002  00000000  00000002  RWIX
  INT18                 0000ffa4   00000002  00000000  00000002  RWIX
  INT19                 0000ffa6   00000002  00000000  00000002  RWIX
  INT20                 0000ffa8   00000002  00000000  00000002  RWIX
  INT21                 0000ffaa   00000002  00000000  00000002  RWIX
  INT22                 0000ffac   00000002  00000000  00000002  RWIX
  INT23                 0000ffae   00000002  00000000  00000002  RWIX
  INT24                 0000ffb0   00000002  00000000  00000002  RWIX
  INT25                 0000ffb2   00000002  00000000  00000002  RWIX
  INT26                 0000ffb4   00000002  00000000  00000002  RWIX
  INT27                 0000ffb6   00000002  00000000  00000002  RWIX
  INT28                 0000ffb8   00000002  00000000  00000002  RWIX
  INT29                 0000ffba   00000002  00000000  00000002  RWIX
  INT30                 0000ffbc   00000002  00000000  00000002  RWIX
  INT31                 0000ffbe   00000002  00000000  00000002  RWIX
  INT32                 0000ffc0   00000002  00000000  00000002  RWIX
  INT33                 0000ffc2   00000002  00000000  00000002  RWIX
  INT34                 0000ffc4   00000002  00000000  00000002  RWIX
  INT35                 0000ffc6   00000002  00000000  00000002  RWIX
  INT36                 0000ffc8   00000002  00000000  00000002  RWIX
  INT37                 0000ffca   00000002  00000000  00000002  RWIX
  INT38                 0000ffcc   00000002  00000000  00000002  RWIX
  INT39                 0000ffce   00000002  00000000  00000002  RWIX
  INT40                 0000ffd0   00000002  00000000  00000002  RWIX
  INT41                 0000ffd2   00000002  00000002  00000000  RWIX
  INT42                 0000ffd4   00000002  00000000  00000002  RWIX
  INT43                 0000ffd6   00000002  00000000  00000002  RWIX
  INT44                 0000ffd8   00000002  00000000  00000002  RWIX
  INT45                 0000ffda   00000002  00000000  00000002  RWIX
  INT46                 0000ffdc   00000002  00000002  00000000  RWIX
  INT47                 0000ffde   00000002  00000002  00000000  RWIX
  INT48                 0000ffe0   00000002  00000000  00000002  RWIX
  INT49                 0000ffe2   00000002  00000000  00000002  RWIX
  INT50                 0000ffe4   00000002  00000000  00000002  RWIX
  INT51                 0000ffe6   00000002  00000000  00000002  RWIX
  INT52                 0000ffe8   00000002  00000000  00000002  RWIX
  INT53                 0000ffea   00000002  00000000  00000002  RWIX
  INT54                 0000ffec   00000002  00000000  00000002  RWIX
  INT55                 0000ffee   00000002  00000000  00000002  RWIX
  INT56                 0000fff0   00000002  00000000  00000002  RWIX
  INT57                 0000fff2   00000002  00000000  00000002  RWIX
  INT58                 0000fff4   00000002  00000000  00000002  RWIX
  INT59                 0000fff6   00000002  00000000  00000002  RWIX
  INT60                 0000fff8   00000002  00000000  00000002  RWIX
  INT61                 0000fffa   00000002  00000000  00000002  RWIX
  INT62                 0000fffc   00000002  00000000  00000002  RWIX
  RESET                 0000fffe   00000002  00000002  00000000  RWIX
  FLASH2                00010000   00035c00  00000000  00035c00  RWIX


SECTION ALLOCATION MAP

 output                                  attributes/
section   page    origin      length       input sections
--------  ----  ----------  ----------   ----------------
.pinit     0    00005c00    00000000     UNINITIALIZED

.bss       0    00001c00    000005eb     UNINITIALIZED
                  00001c00    00000378     nwk_QMgmt.obj (.bss)
                  00001f78    00000102     usb.obj (.bss)
                  0000207a    00000081     nwk.obj (.bss)
                  000020fb    00000001     nwk_api.obj (.bss)
                  000020fc    0000007d     mrfi.obj (.bss)
                  00002179    00000001     nwk_ping.obj (.bss)
                  0000217a    00000029     main_AP_Async_Listen.obj (.bss)
                  000021a3    00000001     --HOLE--
                  000021a4    00000010     nwk_link.obj (.bss)
                  000021b4    0000000d     nwk_join.obj (.bss)
                  000021c1    00000001     --HOLE--
                  000021c2    0000000a     nwk_frame.obj (.bss)
                  000021cc    00000009     nwk_globals.obj (.bss)
                  000021d5    00000001     --HOLE--
                  000021d6    00000008     rts430x.lib : _lock.obj (.bss)
                  000021de    00000008                 : boot.obj (.bss)
                  000021e6    00000005     nwk_mgmt.obj (.bss)

.stack     0    00005b60    000000a0     UNINITIALIZED
                  00005b60    00000002     rts430x.lib : boot.obj (.stack)
                  00005b62    0000009e     --HOLE--

.cinit     0    00005c00    00000104     
                  00005c00    0000003d     mrfi.obj (.cinit)
                  00005c3d    00000001     --HOLE-- [fill = 0]
                  00005c3e    00000037     main_AP_Async_Listen.obj (.cinit)
                  00005c75    00000001     --HOLE-- [fill = 0]
                  00005c76    00000021     nwk_join.obj (.cinit)
                  00005c97    00000001     --HOLE-- [fill = 0]
                  00005c98    00000020     nwk_frame.obj (.cinit)
                  00005cb8    00000019     nwk_link.obj (.cinit)
                  00005cd1    00000001     --HOLE-- [fill = 0]
                  00005cd2    0000000b     nwk_mgmt.obj (.cinit)
                  00005cdd    00000001     --HOLE-- [fill = 0]
                  00005cde    0000000b     usb.obj (.cinit)
                  00005ce9    00000001     --HOLE-- [fill = 0]
                  00005cea    00000005     nwk.obj (.cinit)
                  00005cef    00000001     --HOLE-- [fill = 0]
                  00005cf0    00000005     nwk_api.obj (.cinit)
                  00005cf5    00000001     --HOLE-- [fill = 0]
                  00005cf6    00000005     nwk_globals.obj (.cinit)
                  00005cfb    00000001     --HOLE-- [fill = 0]
                  00005cfc    00000005     nwk_ping.obj (.cinit)
                  00005d01    00000001     --HOLE-- [fill = 0]
                  00005d02    00000002     (.pad.cinit) [fill = 0]

.text:_isr 
*          0    00005d04    000000cc     
                  00005d04    0000006e     bsp_rtc.obj (.text:_isr:RTC_ISR)
                  00005d72    0000002a     rts430x.lib : boot.obj (.text:_isr:_c_int00_noexit)
                  00005d9c    0000001a     mrfi.obj (.text:_isr:BSP_GpioPort1Isr)
                  00005db6    0000001a     usb.obj (.text:_isr:USCI_A1_ISR)

.text      0    00005dd0    000029aa     
                  00005dd0    00000344     main_AP_Async_Listen.obj (.text:main)
                  00006114    0000016e     nwk_link.obj (.text:smpl_send_link_reply)
                  00006282    00000134     nwk_QMgmt.obj (.text:nwk_QfindOldest)
                  000063b6    0000012e     mrfi.obj (.text:Mrfi_FiFoPIsr)
                  000064e4    00000118     nwk_frame.obj (.text:dispatchFrame)
                  000065fc    0000010e     rts430x.lib : _printfi_min.obj (.text:_setfield)
                  0000670a    0000010a     nwk_api.obj (.text:SMPL_SendOpt)
                  00006814    00000102     nwk_join.obj (.text:smpl_send_join_reply)
                  00006916    00000100     bsp.obj (.text:BSP_InitBoard)
                  00006a16    000000f8     mrfi.obj (.text:MRFI_Transmit)
                  00006b0e    000000ea     nwk_frame.obj (.text:nwk_retrieveFrame_ConnInfo)
                  00006bf8    000000e6     mrfi.obj (.text:MRFI_Init)
                  00006cde    000000de     mrfi.obj (.text:MRFI_WakeUp)
                  00006dbc    000000d4     nwk.obj (.text:nwk_allocateLocalRxPort)
                  00006e90    000000c0     rts430x.lib : _printfi_min.obj (.text:_printfi_minimal)
                  00006f50    00000092     nwk_frame.obj (.text:isDupSandFFrame)
                  00006fe2    00000090     nwk_frame.obj (.text:nwk_buildFrame)
                  00007072    0000008c     nwk.obj (.text:nwk_isConnectionValid)
                  000070fe    00000086     nwk.obj (.text:nwk_nwkInit)
                  00007184    00000084     nwk_mgmt.obj (.text:send_poll_reply)
                  00007208    00000084     nwk_link.obj (.text:smpl_send_unlink_reply)
                  0000728c    00000082     nwk_frame.obj (.text:nwk_SendEmptyPollRspFrame)
                  0000730e    00000080     nwk_QMgmt.obj (.text:nwk_QfindSlot)
                  0000738e    0000007e     mrfi.obj (.text:MRFI_SetRxAddrFilter)
                  0000740c    0000007c     nwk_frame.obj (.text:nwk_sendAckReply)
                  00007488    00000078     mrfi.obj (.text:spiFifoAccess)
                  00007500    0000006c     nwk_frame.obj (.text:nwk_getSandFFrame)
                  0000756c    00000068     nwk_api.obj (.text:SMPL_LinkListen)
                  000075d4    00000064     rts430x.lib : _printfi_min.obj (.text:_ltostr)
                  00007638    00000064     main_AP_Async_Listen.obj (.text:processMessage)
                  0000769c    00000060     usb.obj (.text:UsbInit)
                  000076fc    0000005e     nwk_api.obj (.text:SMPL_Receive_Src)
                  0000775a    0000005a     nwk.obj (.text:nwk_saveJoinedDevice)
                  000077b4    0000005a     rts430x.lib : snprintf.obj (.text:snprintf)
                  0000780e    00000058                 : div32u.obj (.text)
                  00007866    00000056                 : _printfi_min.obj (.text:_pproc_diouxp)
                  000078bc    00000046     bsp.obj (.text:SetVCoreUp)
                  00007902    00000046     rts430x.lib : autoinit.obj (.text:_auto_init)
                  00007948    00000044                 : _printfi_min.obj (.text:_getarg_diouxp)
                  0000798c    00000044     nwk_mgmt.obj (.text:nwk_processMgmt)
                  000079d0    00000042     nwk.obj (.text:nwk_getNextConnection)
                  00007a12    00000042     nwk_ping.obj (.text:smpl_send_ping_reply)
                  00007a54    00000040     rts430x.lib : _printfi_min.obj (.text:_pproc_str)
                  00007a94    00000040     mrfi.obj (.text:mrfiSpiWriteReg)
                  00007ad4    00000040     nwk.obj (.text:nwk_isValidReply)
                  00007b14    0000003e     rts430x.lib : lsr32.obj (.text:l_lsr_const)
                  00007b52    0000003e     nwk.obj (.text:nwk_findPeer)
                  00007b90    0000003e     nwk_frame.obj (.text:nwk_replayFrame)
                  00007bce    0000003c     mrfi.obj (.text:MRFI_ReplyDelay)
                  00007c0a    0000003c     nwk.obj (.text:nwk_findAlreadyJoined)
                  00007c46    0000003c     nwk.obj (.text:nwk_isLinkDuplicate)
                  00007c82    0000003c     nwk_join.obj (.text:nwk_processJoin)
                  00007cbe    0000003a     mrfi.obj (.text:MRFI_SetLogicalChannel)
                  00007cf8    0000003a     nwk_link.obj (.text:nwk_getLocalLinkID)
                  00007d32    0000003a     nwk_join.obj (.text:nwk_isSandFClient)
                  00007d6c    00000038     nwk_link.obj (.text:handleLinkRequest)
                  00007da4    00000038     nwk.obj (.text:initializeConnection)
                  00007ddc    00000038     mrfi.obj (.text:mrfiSpiInit)
                  00007e14    00000038     mrfi.obj (.text:mrfiSpiReadReg)
                  00007e4c    00000036     nwk.obj (.text:nwk_putNumObjectIntoMsg)
                  00007e82    00000034     rts430x.lib : _printfi_min.obj (.text:_div)
                  00007eb6    00000034     mrfi.obj (.text:spiSendBytes)
                  00007eea    00000032     mrfi.obj (.text:MRFI_SetRFPwr)
                  00007f1c    00000032     rts430x.lib : snprintf.obj (.text:_outs)
                  00007f4e    00000032     mrfi.obj (.text:spiWriteRamByte)
                  00007f80    00000030     nwk_link.obj (.text:nwk_linkInit)
                  00007fb0    00000030     nwk_ping.obj (.text:nwk_processPing)
                  00007fe0    00000030     nwk_frame.obj (.text:nwk_sendFrame)
                  00008010    0000002e     bsp.obj (.text:BSP_Delay)
                  0000803e    0000002e     mrfi.obj (.text:Mrfi_RxModeOff)
                  0000806c    0000002e     nwk_QMgmt.obj (.text:nwk_QadjustOrder)
                  0000809a    0000002e     nwk_join.obj (.text:nwk_joinInit)
                  000080c8    0000002e     nwk_link.obj (.text:nwk_processLink)
                  000080f6    0000002c     nwk_api.obj (.text:SMPL_Init)
                  00008122    0000002c     mrfi.obj (.text:mrfiSpiBitClear)
                  0000814e    0000002c     mrfi.obj (.text:mrfiSpiBitSet)
                  0000817a    0000002a     mrfi.obj (.text:Mrfi_DelayUsecSem)
                  000081a4    0000002a     nwk.obj (.text:map_lid2idx)
                  000081ce    0000002a     nwk.obj (.text:nwk_checkAppMsgTID)
                  000081f8    0000002a     bsp_rtc.obj (.text:setupRTC)
                  00008222    00000028     rts430x.lib : memccpy.obj (.text:memccpy)
                  0000824a    00000028     nwk.obj (.text:nwk_getConnInfo)
                  00008272    00000026     mrfi.obj (.text:Mrfi_CalculateRssi)
                  00008298    00000026     mrfi.obj (.text:Mrfi_TurnOnRadioPower)
                  000082be    00000026     bsp.obj (.text:SetVCoreDown)
                  000082e4    00000026     nwk.obj (.text:nwk_checkConnInfo)
                  0000830a    00000024     mrfi.obj (.text:Mrfi_DelayUsec)
                  0000832e    00000024     bsp.obj (.text:SetVCore)
                  00008352    00000024     rts430x.lib : memcmp.obj (.text:memcmp)
                  00008376    00000024     nwk_frame.obj (.text:nwk_frameInit)
                  0000839a    00000022     nwk_frame.obj (.text:nwk_buildAckReqFrame)
                  000083bc    00000020     bsp.obj (.text:BSP_Init)
                  000083dc    00000020     mrfi.obj (.text:MRFI_EnableRxAddrFilter)
                  000083fc    00000020     nwk_frame.obj (.text:MRFI_RxCompleteISR)
                  0000841c    00000020     mrfi.obj (.text:MRFI_RxIdle)
                  0000843c    00000020     mrfi.obj (.text:MRFI_RxOn)
                  0000845c    00000020     rts430x.lib : memmov.obj (.text:memmove)
                  0000847c    0000001e     mrfi.obj (.text:Mrfi_RandomBackoffDelay)
                  0000849a    0000001e     rts430x.lib : snprintf.obj (.text:_outc)
                  000084b8    0000001c     nwk_QMgmt.obj (.text:nwk_QInit)
                  000084d4    0000001a     nwk_join.obj (.text:handleJoinRequest)
                  000084ee    0000001a     nwk_globals.obj (.text:nwk_globalsInit)
                  00008508    00000018     mrfi.obj (.text:MRFI_DelayMs)
                  00008520    00000016     mrfi.obj (.text:MRFI_RandomByte)
                  00008536    00000016     mrfi.obj (.text:Mrfi_RxModeOn)
                  0000854c    00000016     mrfi.obj (.text:mrfiSpiRandomByte)
                  00008562    00000016     nwk_mgmt.obj (.text:nwk_mgmtInit)
                  00008578    00000016     rts430x.lib : div16u.obj (.text)
                  0000858e    00000016                 : mult16_f5hw.obj (.text)
                  000085a4    00000016     main_AP_Async_Listen.obj (.text:sCB)
                  000085ba    00000014     mrfi.obj (.text:MRFI_DisableRxAddrFilter)
                  000085ce    00000014     mrfi.obj (.text:MRFI_Sleep)
                  000085e2    00000014     rts430x.lib : memset.obj (.text:memset)
                  000085f6    00000014     main_AP_Async_Listen.obj (.text:toggleLED)
                  0000860a    00000012     bsp.obj (.text:BSP_InitLeds)
                  0000861c    00000012     usb.obj (.text:UsbSendString)
                  0000862e    00000012     rts430x.lib : memcpy.obj (.text:memcpy)
                  00008640    00000012     mrfi.obj (.text:mrfiSpiCmdStrobe)
                  00008652    00000012     nwk_link.obj (.text:nwk_getLinkToken)
                  00008664    00000012     nwk_globals.obj (.text:nwk_getMyAddress)
                  00008676    00000012     nwk_link.obj (.text:nwk_setLinkToken)
                  00008688    00000012     rts430x.lib : strlen.obj (.text:strlen)
                  0000869a    00000010     nwk_QMgmt.obj (.text:nwk_getQ)
                  000086aa    0000000e     nwk_link.obj (.text:nwk_setListenContext)
                  000086b8    0000000c     mrfi.obj (.text:MRFI_PostKillSem)
                  000086c4    0000000c     mrfi.obj (.text:MRFI_Receive)
                  000086d0    0000000c     mrfi.obj (.text:Mrfi_TurnOffRadioPower)
                  000086dc    0000000c     usb.obj (.text:UsbSendChar)
                  000086e8    0000000c     nwk_ping.obj (.text:handlePingRequest)
                  000086f4    0000000c     nwk.obj (.text:nwk_getNumObjectFromMsg)
                  00008700    0000000c     nwk_mgmt.obj (.text:smpl_send_mgmt_reply)
                  0000870c    0000000a     nwk_join.obj (.text:generateLinkToken)
                  00008716    0000000a     nwk_ping.obj (.text:nwk_pingInit)
                  00008720    00000008     nwk_mgmt.obj (.text:nwk_resetSFMarker)
                  00008728    00000006     mrfi.obj (.text:MRFI_GetRadioState)
                  0000872e    00000006     nwk_api.obj (.text:SMPL_Send)
                  00008734    00000006     mrfi.obj (.text:mrfiSpiReadRxFifo)
                  0000873a    00000006     mrfi.obj (.text:mrfiSpiWriteTxFifo)
                  00008740    00000006     nwk.obj (.text:nwk_freeConnection)
                  00008746    00000006     nwk_globals.obj (.text:nwk_getBCastAddress)
                  0000874c    00000006     nwk_frame.obj (.text:nwk_getMyRxType)
                  00008752    00000006     nwk.obj (.text:nwk_getSFInfoPtr)
                  00008758    00000004     bsp.obj (.text:BSP_InitDrivers)
                  0000875c    00000004     rts430x.lib : pre_init.obj (.text:_system_pre_init)
                  00008760    00000004                 : exit.obj (.text:abort)
                  00008764    00000004     nwk_globals.obj (.text:nwk_getProtocolVersion)
                  00008768    00000004     nwk_join.obj (.text:nwk_join)
                  0000876c    00000004     nwk_freq.obj (.text:nwk_processFreq)
                  00008770    00000004     nwk_security.obj (.text:nwk_processSecurity)
                  00008774    00000002     rts430x.lib : _lock.obj (.text:_nop)
                  00008776    00000002     nwk_freq.obj (.text:nwk_freqInit)
                  00008778    00000002     nwk_security.obj (.text:nwk_securityInit)

.const     0    0000877a    00000075     
                  0000877a    00000034     main_AP_Async_Listen.obj (.const:.string)
                  000087ae    00000018     nwk_frame.obj (.const:func)
                  000087c6    00000014     rts430x.lib : _printfi_min.obj (.const:.string)
                  000087da    00000009     nwk_globals.obj (.const)
                  000087e3    00000001     --HOLE-- [fill = 0]
                  000087e4    00000004     mrfi.obj (.const:mrfiBroadcastAddr)
                  000087e8    00000004     mrfi.obj (.const:mrfiLogicalChanTable)
                  000087ec    00000003     mrfi.obj (.const:mrfiRFPowerTable)

.int41     0    0000ffd2    00000002     
                  0000ffd2    00000002     bsp_rtc.obj (.int41)

.int46     0    0000ffdc    00000002     
                  0000ffdc    00000002     usb.obj (.int46)

.int47     0    0000ffde    00000002     
                  0000ffde    00000002     mrfi.obj (.int47)

.reset     0    0000fffe    00000002     
                  0000fffe    00000002     rts430x.lib : boot.obj (.reset)


GLOBAL SYMBOLS: SORTED ALPHABETICALLY BY Name 

address    name
--------   ----
00001c00   .bss
ffffffff   .text
00000700   ADC12CTL0
00000701   ADC12CTL0_H
00000700   ADC12CTL0_L
00000702   ADC12CTL1
00000703   ADC12CTL1_H
00000702   ADC12CTL1_L
00000704   ADC12CTL2
00000705   ADC12CTL2_H
00000704   ADC12CTL2_L
0000070c   ADC12IE
0000070d   ADC12IE_H
0000070c   ADC12IE_L
0000070a   ADC12IFG
0000070b   ADC12IFG_H
0000070a   ADC12IFG_L
0000070e   ADC12IV
0000070f   ADC12IV_H
0000070e   ADC12IV_L
00000710   ADC12MCTL0
00000711   ADC12MCTL1
0000071a   ADC12MCTL10
0000071b   ADC12MCTL11
0000071c   ADC12MCTL12
0000071d   ADC12MCTL13
0000071e   ADC12MCTL14
0000071f   ADC12MCTL15
00000712   ADC12MCTL2
00000713   ADC12MCTL3
00000714   ADC12MCTL4
00000715   ADC12MCTL5
00000716   ADC12MCTL6
00000717   ADC12MCTL7
00000718   ADC12MCTL8
00000719   ADC12MCTL9
00000720   ADC12MEM0
00000721   ADC12MEM0_H
00000720   ADC12MEM0_L
00000722   ADC12MEM1
00000734   ADC12MEM10
00000735   ADC12MEM10_H
00000734   ADC12MEM10_L
00000736   ADC12MEM11
00000737   ADC12MEM11_H
00000736   ADC12MEM11_L
00000738   ADC12MEM12
00000739   ADC12MEM12_H
00000738   ADC12MEM12_L
0000073a   ADC12MEM13
0000073b   ADC12MEM13_H
0000073a   ADC12MEM13_L
0000073c   ADC12MEM14
0000073d   ADC12MEM14_H
0000073c   ADC12MEM14_L
0000073e   ADC12MEM15
0000073f   ADC12MEM15_H
0000073e   ADC12MEM15_L
00000723   ADC12MEM1_H
00000722   ADC12MEM1_L
00000724   ADC12MEM2
00000725   ADC12MEM2_H
00000724   ADC12MEM2_L
00000726   ADC12MEM3
00000727   ADC12MEM3_H
00000726   ADC12MEM3_L
00000728   ADC12MEM4
00000729   ADC12MEM4_H
00000728   ADC12MEM4_L
0000072a   ADC12MEM5
0000072b   ADC12MEM5_H
0000072a   ADC12MEM5_L
0000072c   ADC12MEM6
0000072d   ADC12MEM6_H
0000072c   ADC12MEM6_L
0000072e   ADC12MEM7
0000072f   ADC12MEM7_H
0000072e   ADC12MEM7_L
00000730   ADC12MEM8
00000731   ADC12MEM8_H
00000730   ADC12MEM8_L
00000732   ADC12MEM9
00000733   ADC12MEM9_H
00000732   ADC12MEM9_L
00002184   AppConnState
00008010   BSP_Delay
00005d9c   BSP_GpioPort1Isr
000083bc   BSP_Init
00006916   BSP_InitBoard
00008758   BSP_InitDrivers
0000860a   BSP_InitLeds
00002078   BufferSize
00008760   C$$EXIT
00002194   CMTS
00000150   CRCDI
00000152   CRCDIRB
00000153   CRCDIRB_H
00000152   CRCDIRB_L
00000151   CRCDI_H
00000150   CRCDI_L
00000154   CRCINIRES
00000155   CRCINIRES_H
00000154   CRCINIRES_L
00000156   CRCRESR
00000157   CRCRESR_H
00000156   CRCRESR_L
00002079   CmdComplete
00000510   DMA0CTL
00000511   DMA0CTL_H
00000510   DMA0CTL_L
00000516   DMA0DA
00000516   DMA0DAL
00000512   DMA0SA
00000512   DMA0SAL
0000051a   DMA0SZ
00000520   DMA1CTL
00000521   DMA1CTL_H
00000520   DMA1CTL_L
00000526   DMA1DA
00000526   DMA1DAL
00000522   DMA1SA
00000522   DMA1SAL
0000052a   DMA1SZ
00000530   DMA2CTL
00000531   DMA2CTL_H
00000530   DMA2CTL_L
00000536   DMA2DA
00000536   DMA2DAL
00000532   DMA2SA
00000532   DMA2SAL
0000053a   DMA2SZ
00000500   DMACTL0
00000501   DMACTL0_H
00000500   DMACTL0_L
00000502   DMACTL1
00000503   DMACTL1_H
00000502   DMACTL1_L
00000504   DMACTL2
00000505   DMACTL2_H
00000504   DMACTL2_L
00000506   DMACTL3
00000507   DMACTL3_H
00000506   DMACTL3_L
00000508   DMACTL4
00000509   DMACTL4_H
00000508   DMACTL4_L
0000050e   DMAIV
0000050f   DMAIV_H
0000050e   DMAIV_L
00000140   FCTL1
00000141   FCTL1_H
00000140   FCTL1_L
00000144   FCTL3
00000145   FCTL3_H
00000144   FCTL3_L
00000146   FCTL4
00000147   FCTL4_H
00000146   FCTL4_L
00007b4c   L_LSR_1
00007b28   L_LSR_10
00007b24   L_LSR_11
00007b20   L_LSR_12
00007b1c   L_LSR_13
00007b18   L_LSR_14
00007b14   L_LSR_15
00007b48   L_LSR_2
00007b44   L_LSR_3
00007b40   L_LSR_4
00007b3c   L_LSR_5
00007b38   L_LSR_6
00007b34   L_LSR_7
00007b30   L_LSR_8
00007b2c   L_LSR_9
000004c4   MAC
000004da   MAC32H
000004db   MAC32H_H
000004da   MAC32H_L
000004d8   MAC32L
000004d9   MAC32L_H
000004d8   MAC32L_L
000004c6   MACS
000004de   MACS32H
000004df   MACS32H_H
000004de   MACS32H_L
000004dc   MACS32L
000004dd   MACS32L_H
000004dc   MACS32L_L
000004c7   MACS_H
000004c6   MACS_L
000004c5   MAC_H
000004c4   MAC_L
000004c0   MPY
000004ec   MPY32CTL0
000004ed   MPY32CTL0_H
000004ec   MPY32CTL0_L
000004d2   MPY32H
000004d3   MPY32H_H
000004d2   MPY32H_L
000004d0   MPY32L
000004d1   MPY32L_H
000004d0   MPY32L_L
000004c2   MPYS
000004d6   MPYS32H
000004d7   MPYS32H_H
000004d6   MPYS32H_L
000004d4   MPYS32L
000004d5   MPYS32L_H
000004d4   MPYS32L_L
000004c3   MPYS_H
000004c2   MPYS_L
000004c1   MPY_H
000004c0   MPY_L
00008508   MRFI_DelayMs
000085ba   MRFI_DisableRxAddrFilter
000083dc   MRFI_EnableRxAddrFilter
00008728   MRFI_GetRadioState
00006bf8   MRFI_Init
000086b8   MRFI_PostKillSem
00008520   MRFI_RandomByte
000086c4   MRFI_Receive
00007bce   MRFI_ReplyDelay
000083fc   MRFI_RxCompleteISR
0000841c   MRFI_RxIdle
0000843c   MRFI_RxOn
00007cbe   MRFI_SetLogicalChannel
00007eea   MRFI_SetRFPwr
0000738e   MRFI_SetRxAddrFilter
000085ce   MRFI_Sleep
00006a16   MRFI_Transmit
00006cde   MRFI_WakeUp
000063b6   Mrfi_FiFoPIsr
000004c8   OP2
000004e2   OP2H
000004e3   OP2H_H
000004e2   OP2H_L
000004e0   OP2L
000004e1   OP2L_H
000004e0   OP2L_L
000004c9   OP2_H
000004c8   OP2_L
0000020e   P1IV
0000021e   P2IV
00000204   PADIR
00000205   PADIR_H
00000204   PADIR_L
00000208   PADS
00000209   PADS_H
00000208   PADS_L
0000021a   PAIE
00000218   PAIES
00000219   PAIES_H
00000218   PAIES_L
0000021b   PAIE_H
0000021a   PAIE_L
0000021c   PAIFG
0000021d   PAIFG_H
0000021c   PAIFG_L
00000200   PAIN
00000201   PAIN_H
00000200   PAIN_L
00000202   PAOUT
00000203   PAOUT_H
00000202   PAOUT_L
00000206   PAREN
00000207   PAREN_H
00000206   PAREN_L
0000020a   PASEL
0000020b   PASEL_H
0000020a   PASEL_L
00000224   PBDIR
00000225   PBDIR_H
00000224   PBDIR_L
00000228   PBDS
00000229   PBDS_H
00000228   PBDS_L
00000220   PBIN
00000221   PBIN_H
00000220   PBIN_L
00000222   PBOUT
00000223   PBOUT_H
00000222   PBOUT_L
00000226   PBREN
00000227   PBREN_H
00000226   PBREN_L
0000022a   PBSEL
0000022b   PBSEL_H
0000022a   PBSEL_L
00000244   PCDIR
00000245   PCDIR_H
00000244   PCDIR_L
00000248   PCDS
00000249   PCDS_H
00000248   PCDS_L
00000240   PCIN
00000241   PCIN_H
00000240   PCIN_L
00000242   PCOUT
00000243   PCOUT_H
00000242   PCOUT_L
00000246   PCREN
00000247   PCREN_H
00000246   PCREN_L
0000024a   PCSEL
0000024b   PCSEL_H
0000024a   PCSEL_L
00000264   PDDIR
00000265   PDDIR_H
00000264   PDDIR_L
00000268   PDDS
00000269   PDDS_H
00000268   PDDS_L
00000260   PDIN
00000261   PDIN_H
00000260   PDIN_L
00000262   PDOUT
00000263   PDOUT_H
00000262   PDOUT_L
00000266   PDREN
00000267   PDREN_H
00000266   PDREN_L
0000026a   PDSEL
0000026b   PDSEL_H
0000026a   PDSEL_L
00000284   PEDIR
00000285   PEDIR_H
00000284   PEDIR_L
00000288   PEDS
00000289   PEDS_H
00000288   PEDS_L
00000280   PEIN
00000281   PEIN_H
00000280   PEIN_L
00000282   PEOUT
00000283   PEOUT_H
00000282   PEOUT_L
00000286   PEREN
00000287   PEREN_H
00000286   PEREN_L
0000028a   PESEL
0000028b   PESEL_H
0000028a   PESEL_L
000002a4   PFDIR
000002a5   PFDIR_H
000002a4   PFDIR_L
000002a8   PFDS
000002a9   PFDS_H
000002a8   PFDS_L
000002a0   PFIN
000002a1   PFIN_H
000002a0   PFIN_L
000002a2   PFOUT
000002a3   PFOUT_H
000002a2   PFOUT_L
000002a6   PFREN
000002a7   PFREN_H
000002a6   PFREN_L
000002aa   PFSEL
000002ab   PFSEL_H
000002aa   PFSEL_L
00000324   PJDIR
00000325   PJDIR_H
00000324   PJDIR_L
00000328   PJDS
00000329   PJDS_H
00000328   PJDS_L
00000320   PJIN
00000321   PJIN_H
00000320   PJIN_L
00000322   PJOUT
00000323   PJOUT_H
00000322   PJOUT_L
00000326   PJREN
00000327   PJREN_H
00000326   PJREN_L
00000130   PM5CTL0
00000131   PM5CTL0_H
00000130   PM5CTL0_L
00000120   PMMCTL0
00000121   PMMCTL0_H
00000120   PMMCTL0_L
00000122   PMMCTL1
00000123   PMMCTL1_H
00000122   PMMCTL1_L
0000012c   PMMIFG
0000012d   PMMIFG_H
0000012c   PMMIFG_L
0000012e   PMMRIE
0000012f   PMMRIE_H
0000012e   PMMRIE_L
00000158   RCCTL0
00000159   RCCTL0_H
00000158   RCCTL0_L
000001b0   REFCTL0
000001b1   REFCTL0_H
000001b0   REFCTL0_L
000004e4   RES0
000004e5   RES0_H
000004e4   RES0_L
000004e6   RES1
000004e7   RES1_H
000004e6   RES1_L
000004e8   RES2
000004e9   RES2_H
000004e8   RES2_L
000004ea   RES3
000004eb   RES3_H
000004ea   RES3_L
000004cc   RESHI
000004cd   RESHI_H
000004cc   RESHI_L
000004ca   RESLO
000004cb   RESLO_H
000004ca   RESLO_L
000004ba   RTCADOWDAY
000004bb   RTCADOWDAY_H
000004ba   RTCADOWDAY_L
000004b8   RTCAMINHR
000004b9   RTCAMINHR_H
000004b8   RTCAMINHR_L
000004a0   RTCCTL01
000004a1   RTCCTL01_H
000004a0   RTCCTL01_L
000004a2   RTCCTL23
000004a3   RTCCTL23_H
000004a2   RTCCTL23_L
000004b4   RTCDATE
000004b5   RTCDATE_H
000004b4   RTCDATE_L
000004ae   RTCIV
000004ac   RTCPS
000004a8   RTCPS0CTL
000004a9   RTCPS0CTL_H
000004a8   RTCPS0CTL_L
000004aa   RTCPS1CTL
000004ab   RTCPS1CTL_H
000004aa   RTCPS1CTL_L
000004ad   RTCPS_H
000004ac   RTCPS_L
000004b0   RTCTIM0
000004b1   RTCTIM0_H
000004b0   RTCTIM0_L
000004b2   RTCTIM1
000004b3   RTCTIM1_H
000004b2   RTCTIM1_L
000004b6   RTCYEAR
000004b7   RTCYEAR_H
000004b6   RTCYEAR_L
00005d04   RTC_ISR
00000100   SFRIE1
00000101   SFRIE1_H
00000100   SFRIE1_L
00000102   SFRIFG1
00000103   SFRIFG1_H
00000102   SFRIFG1_L
00000104   SFRRPCR
00000105   SFRRPCR_H
00000104   SFRRPCR_L
000080f6   SMPL_Init
0000756c   SMPL_LinkListen
000076fc   SMPL_Receive_Src
0000872e   SMPL_Send
0000670a   SMPL_SendOpt
000004ce   SUMEXT
000004cf   SUMEXT_H
000004ce   SUMEXT_L
00000124   SVSMHCTL
00000125   SVSMHCTL_H
00000124   SVSMHCTL_L
00000128   SVSMIO
00000129   SVSMIO_H
00000128   SVSMIO_L
00000126   SVSMLCTL
00000127   SVSMLCTL_H
00000126   SVSMLCTL_L
00000198   SYSBERRIV
00000199   SYSBERRIV_H
00000198   SYSBERRIV_L
00000182   SYSBSLC
00000183   SYSBSLC_H
00000182   SYSBSLC_L
00000180   SYSCTL
00000181   SYSCTL_H
00000180   SYSCTL_L
00000186   SYSJMBC
00000187   SYSJMBC_H
00000186   SYSJMBC_L
00000188   SYSJMBI0
00000189   SYSJMBI0_H
00000188   SYSJMBI0_L
0000018a   SYSJMBI1
0000018b   SYSJMBI1_H
0000018a   SYSJMBI1_L
0000018c   SYSJMBO0
0000018d   SYSJMBO0_H
0000018c   SYSJMBO0_L
0000018e   SYSJMBO1
0000018f   SYSJMBO1_H
0000018e   SYSJMBO1_L
0000019e   SYSRSTIV
0000019f   SYSRSTIV_H
0000019e   SYSRSTIV_L
0000019c   SYSSNIV
0000019d   SYSSNIV_H
0000019c   SYSSNIV_L
0000019a   SYSUNIV
0000019b   SYSUNIV_H
0000019a   SYSUNIV_L
0000832e   SetVCore
000082be   SetVCoreDown
000078bc   SetVCoreUp
00000352   TA0CCR0
00000354   TA0CCR1
00000356   TA0CCR2
00000358   TA0CCR3
0000035a   TA0CCR4
00000342   TA0CCTL0
00000344   TA0CCTL1
00000346   TA0CCTL2
00000348   TA0CCTL3
0000034a   TA0CCTL4
00000340   TA0CTL
00000360   TA0EX0
0000036e   TA0IV
00000350   TA0R
00000392   TA1CCR0
00000394   TA1CCR1
00000396   TA1CCR2
00000382   TA1CCTL0
00000384   TA1CCTL1
00000386   TA1CCTL2
00000380   TA1CTL
000003a0   TA1EX0
000003ae   TA1IV
00000390   TA1R
000003d2   TB0CCR0
000003d4   TB0CCR1
000003d6   TB0CCR2
000003d8   TB0CCR3
000003da   TB0CCR4
000003dc   TB0CCR5
000003de   TB0CCR6
000003c2   TB0CCTL0
000003c4   TB0CCTL1
000003c6   TB0CCTL2
000003c8   TB0CCTL3
000003ca   TB0CCTL4
000003cc   TB0CCTL5
000003ce   TB0CCTL6
000003c0   TB0CTL
000003e0   TB0EX0
000003ee   TB0IV
000003d0   TB0R
000005d0   UCA0ABCTL
000005c6   UCA0BRW
000005c7   UCA0BRW_H
000005c6   UCA0BRW_L
000005c0   UCA0CTLW0
000005c1   UCA0CTLW0_H
000005c0   UCA0CTLW0_L
000005dc   UCA0ICTL
000005dd   UCA0ICTL_H
000005dc   UCA0ICTL_L
000005d2   UCA0IRCTL
000005d3   UCA0IRCTL_H
000005d2   UCA0IRCTL_L
000005de   UCA0IV
000005c8   UCA0MCTL
000005cc   UCA0RXBUF
000005ca   UCA0STAT
000005ce   UCA0TXBUF
00000610   UCA1ABCTL
00000606   UCA1BRW
00000607   UCA1BRW_H
00000606   UCA1BRW_L
00000600   UCA1CTLW0
00000601   UCA1CTLW0_H
00000600   UCA1CTLW0_L
0000061c   UCA1ICTL
0000061d   UCA1ICTL_H
0000061c   UCA1ICTL_L
00000612   UCA1IRCTL
00000613   UCA1IRCTL_H
00000612   UCA1IRCTL_L
0000061e   UCA1IV
00000608   UCA1MCTL
0000060c   UCA1RXBUF
0000060a   UCA1STAT
0000060e   UCA1TXBUF
00000650   UCA2ABCTL
00000646   UCA2BRW
00000647   UCA2BRW_H
00000646   UCA2BRW_L
00000640   UCA2CTLW0
00000641   UCA2CTLW0_H
00000640   UCA2CTLW0_L
0000065c   UCA2ICTL
0000065d   UCA2ICTL_H
0000065c   UCA2ICTL_L
00000652   UCA2IRCTL
00000653   UCA2IRCTL_H
00000652   UCA2IRCTL_L
0000065e   UCA2IV
00000648   UCA2MCTL
0000064c   UCA2RXBUF
0000064a   UCA2STAT
0000064e   UCA2TXBUF
00000690   UCA3ABCTL
00000686   UCA3BRW
00000687   UCA3BRW_H
00000686   UCA3BRW_L
00000680   UCA3CTLW0
00000681   UCA3CTLW0_H
00000680   UCA3CTLW0_L
0000069c   UCA3ICTL
0000069d   UCA3ICTL_H
0000069c   UCA3ICTL_L
00000692   UCA3IRCTL
00000693   UCA3IRCTL_H
00000692   UCA3IRCTL_L
0000069e   UCA3IV
00000688   UCA3MCTL
0000068c   UCA3RXBUF
0000068a   UCA3STAT
0000068e   UCA3TXBUF
000005e6   UCB0BRW
000005e7   UCB0BRW_H
000005e6   UCB0BRW_L
000005e0   UCB0CTLW0
000005e1   UCB0CTLW0_H
000005e0   UCB0CTLW0_L
000005f0   UCB0I2COA
000005f1   UCB0I2COA_H
000005f0   UCB0I2COA_L
000005f2   UCB0I2CSA
000005f3   UCB0I2CSA_H
000005f2   UCB0I2CSA_L
000005fc   UCB0ICTL
000005fd   UCB0ICTL_H
000005fc   UCB0ICTL_L
000005fe   UCB0IV
000005ec   UCB0RXBUF
000005ea   UCB0STAT
000005ee   UCB0TXBUF
00000626   UCB1BRW
00000627   UCB1BRW_H
00000626   UCB1BRW_L
00000620   UCB1CTLW0
00000621   UCB1CTLW0_H
00000620   UCB1CTLW0_L
00000630   UCB1I2COA
00000631   UCB1I2COA_H
00000630   UCB1I2COA_L
00000632   UCB1I2CSA
00000633   UCB1I2CSA_H
00000632   UCB1I2CSA_L
0000063c   UCB1ICTL
0000063d   UCB1ICTL_H
0000063c   UCB1ICTL_L
0000063e   UCB1IV
0000062c   UCB1RXBUF
0000062a   UCB1STAT
0000062e   UCB1TXBUF
00000666   UCB2BRW
00000667   UCB2BRW_H
00000666   UCB2BRW_L
00000660   UCB2CTLW0
00000661   UCB2CTLW0_H
00000660   UCB2CTLW0_L
00000670   UCB2I2COA
00000671   UCB2I2COA_H
00000670   UCB2I2COA_L
00000672   UCB2I2CSA
00000673   UCB2I2CSA_H
00000672   UCB2I2CSA_L
0000067c   UCB2ICTL
0000067d   UCB2ICTL_H
0000067c   UCB2ICTL_L
0000067e   UCB2IV
0000066c   UCB2RXBUF
0000066a   UCB2STAT
0000066e   UCB2TXBUF
000006a6   UCB3BRW
000006a7   UCB3BRW_H
000006a6   UCB3BRW_L
000006a0   UCB3CTLW0
000006a1   UCB3CTLW0_H
000006a0   UCB3CTLW0_L
000006b0   UCB3I2COA
000006b1   UCB3I2COA_H
000006b0   UCB3I2COA_L
000006b2   UCB3I2CSA
000006b3   UCB3I2CSA_H
000006b2   UCB3I2CSA_L
000006bc   UCB3ICTL
000006bd   UCB3ICTL_H
000006bc   UCB3ICTL_L
000006be   UCB3IV
000006ac   UCB3RXBUF
000006aa   UCB3STAT
000006ae   UCB3TXBUF
00000160   UCSCTL0
00000161   UCSCTL0_H
00000160   UCSCTL0_L
00000162   UCSCTL1
00000163   UCSCTL1_H
00000162   UCSCTL1_L
00000164   UCSCTL2
00000165   UCSCTL2_H
00000164   UCSCTL2_L
00000166   UCSCTL3
00000167   UCSCTL3_H
00000166   UCSCTL3_L
00000168   UCSCTL4
00000169   UCSCTL4_H
00000168   UCSCTL4_L
0000016a   UCSCTL5
0000016b   UCSCTL5_H
0000016a   UCSCTL5_L
0000016c   UCSCTL6
0000016d   UCSCTL6_H
0000016c   UCSCTL6_L
0000016e   UCSCTL7
0000016f   UCSCTL7_H
0000016e   UCSCTL7_L
00000170   UCSCTL8
00000171   UCSCTL8_H
00000170   UCSCTL8_L
00005db6   USCI_A1_ISR
0000769c   UsbInit
00001f78   UsbReceiveBuffer
000086dc   UsbSendChar
0000861c   UsbSendString
0000015c   WDTCTL
0000015d   WDTCTL_H
0000015c   WDTCTL_L
00005c00   __STACK_END
000000a0   __STACK_SIZE
00000001   __TI_args_main
00000001   __TI_auto_init
00000001   __TI_exit
ffffffff   __binit__
00001c00   __bss__
ffffffff   __c_args__
00005c00   __cinit__
00008578   __divu
0000780e   __divul
000021eb   __end__
ffffffff   __etext__
0000858e   __mpyi_f5hw
ffffffff   __pinit__
00008578   __remu
0000780e   __remul
ffffffff   __text__
00007902   _auto_init
00005d72   _c_int00
00005d72   _c_int00_noexit
000021de   _cleanup_ptr
000021e2   _dtors_ptr
000021d6   _lock
00008774   _nop
00006e90   _printfi_minimal
0000fffe   _reset_vector
00005b60   _stack
0000875c   _system_pre_init
000021da   _unlock
00008760   abort
ffffffff   binit
00005c00   cinit
0000219a   currReprogramming
0000219e   destAddr
0000219c   destED
000021eb   end
ffffffff   etext
0000219d   initPayloadSize
00006f50   isDupSandFFrame
00005dd0   main
00008222   memccpy
00008352   memcmp
0000862e   memcpy
0000845c   memmove
000085e2   memset
000087e4   mrfiBroadcastAddr
00008122   mrfiSpiBitClear
0000814e   mrfiSpiBitSet
00008640   mrfiSpiCmdStrobe
00007ddc   mrfiSpiInit
0000854c   mrfiSpiRandomByte
00007e14   mrfiSpiReadReg
00008734   mrfiSpiReadRxFifo
00007a94   mrfiSpiWriteReg
0000873a   mrfiSpiWriteTxFifo
000084b8   nwk_QInit
0000806c   nwk_QadjustOrder
00006282   nwk_QfindOldest
0000730e   nwk_QfindSlot
0000728c   nwk_SendEmptyPollRspFrame
00006dbc   nwk_allocateLocalRxPort
0000839a   nwk_buildAckReqFrame
00006fe2   nwk_buildFrame
000081ce   nwk_checkAppMsgTID
000082e4   nwk_checkConnInfo
00007c0a   nwk_findAlreadyJoined
00007b52   nwk_findPeer
00008376   nwk_frameInit
00008740   nwk_freeConnection
00008776   nwk_freqInit
00008746   nwk_getBCastAddress
0000824a   nwk_getConnInfo
00008652   nwk_getLinkToken
00007cf8   nwk_getLocalLinkID
00008664   nwk_getMyAddress
0000874c   nwk_getMyRxType
000079d0   nwk_getNextConnection
000086f4   nwk_getNumObjectFromMsg
00008764   nwk_getProtocolVersion
0000869a   nwk_getQ
00008752   nwk_getSFInfoPtr
00007500   nwk_getSandFFrame
000084ee   nwk_globalsInit
00007072   nwk_isConnectionValid
00007c46   nwk_isLinkDuplicate
00007d32   nwk_isSandFClient
00007ad4   nwk_isValidReply
00008768   nwk_join
0000809a   nwk_joinInit
00007f80   nwk_linkInit
00008562   nwk_mgmtInit
000070fe   nwk_nwkInit
00008716   nwk_pingInit
0000876c   nwk_processFreq
00007c82   nwk_processJoin
000080c8   nwk_processLink
0000798c   nwk_processMgmt
00007fb0   nwk_processPing
00008770   nwk_processSecurity
00007e4c   nwk_putNumObjectIntoMsg
00007b90   nwk_replayFrame
00008720   nwk_resetSFMarker
00006b0e   nwk_retrieveFrame_ConnInfo
0000775a   nwk_saveJoinedDevice
00008778   nwk_securityInit
0000740c   nwk_sendAckReply
00007fe0   nwk_sendFrame
00008676   nwk_setLinkToken
000086aa   nwk_setListenContext
0000219b   payloadSize
ffffffff   pinit
0000217c   sLID
000081f8   setupRTC
000077b4   snprintf
00008688   strlen
000085f6   toggleLED


GLOBAL SYMBOLS: SORTED BY Symbol Address 

address    name
--------   ----
00000001   __TI_args_main
00000001   __TI_auto_init
00000001   __TI_exit
000000a0   __STACK_SIZE
00000100   SFRIE1
00000100   SFRIE1_L
00000101   SFRIE1_H
00000102   SFRIFG1
00000102   SFRIFG1_L
00000103   SFRIFG1_H
00000104   SFRRPCR
00000104   SFRRPCR_L
00000105   SFRRPCR_H
00000120   PMMCTL0
00000120   PMMCTL0_L
00000121   PMMCTL0_H
00000122   PMMCTL1
00000122   PMMCTL1_L
00000123   PMMCTL1_H
00000124   SVSMHCTL
00000124   SVSMHCTL_L
00000125   SVSMHCTL_H
00000126   SVSMLCTL
00000126   SVSMLCTL_L
00000127   SVSMLCTL_H
00000128   SVSMIO
00000128   SVSMIO_L
00000129   SVSMIO_H
0000012c   PMMIFG
0000012c   PMMIFG_L
0000012d   PMMIFG_H
0000012e   PMMRIE
0000012e   PMMRIE_L
0000012f   PMMRIE_H
00000130   PM5CTL0
00000130   PM5CTL0_L
00000131   PM5CTL0_H
00000140   FCTL1
00000140   FCTL1_L
00000141   FCTL1_H
00000144   FCTL3
00000144   FCTL3_L
00000145   FCTL3_H
00000146   FCTL4
00000146   FCTL4_L
00000147   FCTL4_H
00000150   CRCDI
00000150   CRCDI_L
00000151   CRCDI_H
00000152   CRCDIRB
00000152   CRCDIRB_L
00000153   CRCDIRB_H
00000154   CRCINIRES
00000154   CRCINIRES_L
00000155   CRCINIRES_H
00000156   CRCRESR
00000156   CRCRESR_L
00000157   CRCRESR_H
00000158   RCCTL0
00000158   RCCTL0_L
00000159   RCCTL0_H
0000015c   WDTCTL
0000015c   WDTCTL_L
0000015d   WDTCTL_H
00000160   UCSCTL0
00000160   UCSCTL0_L
00000161   UCSCTL0_H
00000162   UCSCTL1
00000162   UCSCTL1_L
00000163   UCSCTL1_H
00000164   UCSCTL2
00000164   UCSCTL2_L
00000165   UCSCTL2_H
00000166   UCSCTL3
00000166   UCSCTL3_L
00000167   UCSCTL3_H
00000168   UCSCTL4
00000168   UCSCTL4_L
00000169   UCSCTL4_H
0000016a   UCSCTL5
0000016a   UCSCTL5_L
0000016b   UCSCTL5_H
0000016c   UCSCTL6
0000016c   UCSCTL6_L
0000016d   UCSCTL6_H
0000016e   UCSCTL7
0000016e   UCSCTL7_L
0000016f   UCSCTL7_H
00000170   UCSCTL8
00000170   UCSCTL8_L
00000171   UCSCTL8_H
00000180   SYSCTL
00000180   SYSCTL_L
00000181   SYSCTL_H
00000182   SYSBSLC
00000182   SYSBSLC_L
00000183   SYSBSLC_H
00000186   SYSJMBC
00000186   SYSJMBC_L
00000187   SYSJMBC_H
00000188   SYSJMBI0
00000188   SYSJMBI0_L
00000189   SYSJMBI0_H
0000018a   SYSJMBI1
0000018a   SYSJMBI1_L
0000018b   SYSJMBI1_H
0000018c   SYSJMBO0
0000018c   SYSJMBO0_L
0000018d   SYSJMBO0_H
0000018e   SYSJMBO1
0000018e   SYSJMBO1_L
0000018f   SYSJMBO1_H
00000198   SYSBERRIV
00000198   SYSBERRIV_L
00000199   SYSBERRIV_H
0000019a   SYSUNIV
0000019a   SYSUNIV_L
0000019b   SYSUNIV_H
0000019c   SYSSNIV
0000019c   SYSSNIV_L
0000019d   SYSSNIV_H
0000019e   SYSRSTIV
0000019e   SYSRSTIV_L
0000019f   SYSRSTIV_H
000001b0   REFCTL0
000001b0   REFCTL0_L
000001b1   REFCTL0_H
00000200   PAIN
00000200   PAIN_L
00000201   PAIN_H
00000202   PAOUT
00000202   PAOUT_L
00000203   PAOUT_H
00000204   PADIR
00000204   PADIR_L
00000205   PADIR_H
00000206   PAREN
00000206   PAREN_L
00000207   PAREN_H
00000208   PADS
00000208   PADS_L
00000209   PADS_H
0000020a   PASEL
0000020a   PASEL_L
0000020b   PASEL_H
0000020e   P1IV
00000218   PAIES
00000218   PAIES_L
00000219   PAIES_H
0000021a   PAIE
0000021a   PAIE_L
0000021b   PAIE_H
0000021c   PAIFG
0000021c   PAIFG_L
0000021d   PAIFG_H
0000021e   P2IV
00000220   PBIN
00000220   PBIN_L
00000221   PBIN_H
00000222   PBOUT
00000222   PBOUT_L
00000223   PBOUT_H
00000224   PBDIR
00000224   PBDIR_L
00000225   PBDIR_H
00000226   PBREN
00000226   PBREN_L
00000227   PBREN_H
00000228   PBDS
00000228   PBDS_L
00000229   PBDS_H
0000022a   PBSEL
0000022a   PBSEL_L
0000022b   PBSEL_H
00000240   PCIN
00000240   PCIN_L
00000241   PCIN_H
00000242   PCOUT
00000242   PCOUT_L
00000243   PCOUT_H
00000244   PCDIR
00000244   PCDIR_L
00000245   PCDIR_H
00000246   PCREN
00000246   PCREN_L
00000247   PCREN_H
00000248   PCDS
00000248   PCDS_L
00000249   PCDS_H
0000024a   PCSEL
0000024a   PCSEL_L
0000024b   PCSEL_H
00000260   PDIN
00000260   PDIN_L
00000261   PDIN_H
00000262   PDOUT
00000262   PDOUT_L
00000263   PDOUT_H
00000264   PDDIR
00000264   PDDIR_L
00000265   PDDIR_H
00000266   PDREN
00000266   PDREN_L
00000267   PDREN_H
00000268   PDDS
00000268   PDDS_L
00000269   PDDS_H
0000026a   PDSEL
0000026a   PDSEL_L
0000026b   PDSEL_H
00000280   PEIN
00000280   PEIN_L
00000281   PEIN_H
00000282   PEOUT
00000282   PEOUT_L
00000283   PEOUT_H
00000284   PEDIR
00000284   PEDIR_L
00000285   PEDIR_H
00000286   PEREN
00000286   PEREN_L
00000287   PEREN_H
00000288   PEDS
00000288   PEDS_L
00000289   PEDS_H
0000028a   PESEL
0000028a   PESEL_L
0000028b   PESEL_H
000002a0   PFIN
000002a0   PFIN_L
000002a1   PFIN_H
000002a2   PFOUT
000002a2   PFOUT_L
000002a3   PFOUT_H
000002a4   PFDIR
000002a4   PFDIR_L
000002a5   PFDIR_H
000002a6   PFREN
000002a6   PFREN_L
000002a7   PFREN_H
000002a8   PFDS
000002a8   PFDS_L
000002a9   PFDS_H
000002aa   PFSEL
000002aa   PFSEL_L
000002ab   PFSEL_H
00000320   PJIN
00000320   PJIN_L
00000321   PJIN_H
00000322   PJOUT
00000322   PJOUT_L
00000323   PJOUT_H
00000324   PJDIR
00000324   PJDIR_L
00000325   PJDIR_H
00000326   PJREN
00000326   PJREN_L
00000327   PJREN_H
00000328   PJDS
00000328   PJDS_L
00000329   PJDS_H
00000340   TA0CTL
00000342   TA0CCTL0
00000344   TA0CCTL1
00000346   TA0CCTL2
00000348   TA0CCTL3
0000034a   TA0CCTL4
00000350   TA0R
00000352   TA0CCR0
00000354   TA0CCR1
00000356   TA0CCR2
00000358   TA0CCR3
0000035a   TA0CCR4
00000360   TA0EX0
0000036e   TA0IV
00000380   TA1CTL
00000382   TA1CCTL0
00000384   TA1CCTL1
00000386   TA1CCTL2
00000390   TA1R
00000392   TA1CCR0
00000394   TA1CCR1
00000396   TA1CCR2
000003a0   TA1EX0
000003ae   TA1IV
000003c0   TB0CTL
000003c2   TB0CCTL0
000003c4   TB0CCTL1
000003c6   TB0CCTL2
000003c8   TB0CCTL3
000003ca   TB0CCTL4
000003cc   TB0CCTL5
000003ce   TB0CCTL6
000003d0   TB0R
000003d2   TB0CCR0
000003d4   TB0CCR1
000003d6   TB0CCR2
000003d8   TB0CCR3
000003da   TB0CCR4
000003dc   TB0CCR5
000003de   TB0CCR6
000003e0   TB0EX0
000003ee   TB0IV
000004a0   RTCCTL01
000004a0   RTCCTL01_L
000004a1   RTCCTL01_H
000004a2   RTCCTL23
000004a2   RTCCTL23_L
000004a3   RTCCTL23_H
000004a8   RTCPS0CTL
000004a8   RTCPS0CTL_L
000004a9   RTCPS0CTL_H
000004aa   RTCPS1CTL
000004aa   RTCPS1CTL_L
000004ab   RTCPS1CTL_H
000004ac   RTCPS
000004ac   RTCPS_L
000004ad   RTCPS_H
000004ae   RTCIV
000004b0   RTCTIM0
000004b0   RTCTIM0_L
000004b1   RTCTIM0_H
000004b2   RTCTIM1
000004b2   RTCTIM1_L
000004b3   RTCTIM1_H
000004b4   RTCDATE
000004b4   RTCDATE_L
000004b5   RTCDATE_H
000004b6   RTCYEAR
000004b6   RTCYEAR_L
000004b7   RTCYEAR_H
000004b8   RTCAMINHR
000004b8   RTCAMINHR_L
000004b9   RTCAMINHR_H
000004ba   RTCADOWDAY
000004ba   RTCADOWDAY_L
000004bb   RTCADOWDAY_H
000004c0   MPY
000004c0   MPY_L
000004c1   MPY_H
000004c2   MPYS
000004c2   MPYS_L
000004c3   MPYS_H
000004c4   MAC
000004c4   MAC_L
000004c5   MAC_H
000004c6   MACS
000004c6   MACS_L
000004c7   MACS_H
000004c8   OP2
000004c8   OP2_L
000004c9   OP2_H
000004ca   RESLO
000004ca   RESLO_L
000004cb   RESLO_H
000004cc   RESHI
000004cc   RESHI_L
000004cd   RESHI_H
000004ce   SUMEXT
000004ce   SUMEXT_L
000004cf   SUMEXT_H
000004d0   MPY32L
000004d0   MPY32L_L
000004d1   MPY32L_H
000004d2   MPY32H
000004d2   MPY32H_L
000004d3   MPY32H_H
000004d4   MPYS32L
000004d4   MPYS32L_L
000004d5   MPYS32L_H
000004d6   MPYS32H
000004d6   MPYS32H_L
000004d7   MPYS32H_H
000004d8   MAC32L
000004d8   MAC32L_L
000004d9   MAC32L_H
000004da   MAC32H
000004da   MAC32H_L
000004db   MAC32H_H
000004dc   MACS32L
000004dc   MACS32L_L
000004dd   MACS32L_H
000004de   MACS32H
000004de   MACS32H_L
000004df   MACS32H_H
000004e0   OP2L
000004e0   OP2L_L
000004e1   OP2L_H
000004e2   OP2H
000004e2   OP2H_L
000004e3   OP2H_H
000004e4   RES0
000004e4   RES0_L
000004e5   RES0_H
000004e6   RES1
000004e6   RES1_L
000004e7   RES1_H
000004e8   RES2
000004e8   RES2_L
000004e9   RES2_H
000004ea   RES3
000004ea   RES3_L
000004eb   RES3_H
000004ec   MPY32CTL0
000004ec   MPY32CTL0_L
000004ed   MPY32CTL0_H
00000500   DMACTL0
00000500   DMACTL0_L
00000501   DMACTL0_H
00000502   DMACTL1
00000502   DMACTL1_L
00000503   DMACTL1_H
00000504   DMACTL2
00000504   DMACTL2_L
00000505   DMACTL2_H
00000506   DMACTL3
00000506   DMACTL3_L
00000507   DMACTL3_H
00000508   DMACTL4
00000508   DMACTL4_L
00000509   DMACTL4_H
0000050e   DMAIV
0000050e   DMAIV_L
0000050f   DMAIV_H
00000510   DMA0CTL
00000510   DMA0CTL_L
00000511   DMA0CTL_H
00000512   DMA0SA
00000512   DMA0SAL
00000516   DMA0DA
00000516   DMA0DAL
0000051a   DMA0SZ
00000520   DMA1CTL
00000520   DMA1CTL_L
00000521   DMA1CTL_H
00000522   DMA1SA
00000522   DMA1SAL
00000526   DMA1DA
00000526   DMA1DAL
0000052a   DMA1SZ
00000530   DMA2CTL
00000530   DMA2CTL_L
00000531   DMA2CTL_H
00000532   DMA2SA
00000532   DMA2SAL
00000536   DMA2DA
00000536   DMA2DAL
0000053a   DMA2SZ
000005c0   UCA0CTLW0
000005c0   UCA0CTLW0_L
000005c1   UCA0CTLW0_H
000005c6   UCA0BRW
000005c6   UCA0BRW_L
000005c7   UCA0BRW_H
000005c8   UCA0MCTL
000005ca   UCA0STAT
000005cc   UCA0RXBUF
000005ce   UCA0TXBUF
000005d0   UCA0ABCTL
000005d2   UCA0IRCTL
000005d2   UCA0IRCTL_L
000005d3   UCA0IRCTL_H
000005dc   UCA0ICTL
000005dc   UCA0ICTL_L
000005dd   UCA0ICTL_H
000005de   UCA0IV
000005e0   UCB0CTLW0
000005e0   UCB0CTLW0_L
000005e1   UCB0CTLW0_H
000005e6   UCB0BRW
000005e6   UCB0BRW_L
000005e7   UCB0BRW_H
000005ea   UCB0STAT
000005ec   UCB0RXBUF
000005ee   UCB0TXBUF
000005f0   UCB0I2COA
000005f0   UCB0I2COA_L
000005f1   UCB0I2COA_H
000005f2   UCB0I2CSA
000005f2   UCB0I2CSA_L
000005f3   UCB0I2CSA_H
000005fc   UCB0ICTL
000005fc   UCB0ICTL_L
000005fd   UCB0ICTL_H
000005fe   UCB0IV
00000600   UCA1CTLW0
00000600   UCA1CTLW0_L
00000601   UCA1CTLW0_H
00000606   UCA1BRW
00000606   UCA1BRW_L
00000607   UCA1BRW_H
00000608   UCA1MCTL
0000060a   UCA1STAT
0000060c   UCA1RXBUF
0000060e   UCA1TXBUF
00000610   UCA1ABCTL
00000612   UCA1IRCTL
00000612   UCA1IRCTL_L
00000613   UCA1IRCTL_H
0000061c   UCA1ICTL
0000061c   UCA1ICTL_L
0000061d   UCA1ICTL_H
0000061e   UCA1IV
00000620   UCB1CTLW0
00000620   UCB1CTLW0_L
00000621   UCB1CTLW0_H
00000626   UCB1BRW
00000626   UCB1BRW_L
00000627   UCB1BRW_H
0000062a   UCB1STAT
0000062c   UCB1RXBUF
0000062e   UCB1TXBUF
00000630   UCB1I2COA
00000630   UCB1I2COA_L
00000631   UCB1I2COA_H
00000632   UCB1I2CSA
00000632   UCB1I2CSA_L
00000633   UCB1I2CSA_H
0000063c   UCB1ICTL
0000063c   UCB1ICTL_L
0000063d   UCB1ICTL_H
0000063e   UCB1IV
00000640   UCA2CTLW0
00000640   UCA2CTLW0_L
00000641   UCA2CTLW0_H
00000646   UCA2BRW
00000646   UCA2BRW_L
00000647   UCA2BRW_H
00000648   UCA2MCTL
0000064a   UCA2STAT
0000064c   UCA2RXBUF
0000064e   UCA2TXBUF
00000650   UCA2ABCTL
00000652   UCA2IRCTL
00000652   UCA2IRCTL_L
00000653   UCA2IRCTL_H
0000065c   UCA2ICTL
0000065c   UCA2ICTL_L
0000065d   UCA2ICTL_H
0000065e   UCA2IV
00000660   UCB2CTLW0
00000660   UCB2CTLW0_L
00000661   UCB2CTLW0_H
00000666   UCB2BRW
00000666   UCB2BRW_L
00000667   UCB2BRW_H
0000066a   UCB2STAT
0000066c   UCB2RXBUF
0000066e   UCB2TXBUF
00000670   UCB2I2COA
00000670   UCB2I2COA_L
00000671   UCB2I2COA_H
00000672   UCB2I2CSA
00000672   UCB2I2CSA_L
00000673   UCB2I2CSA_H
0000067c   UCB2ICTL
0000067c   UCB2ICTL_L
0000067d   UCB2ICTL_H
0000067e   UCB2IV
00000680   UCA3CTLW0
00000680   UCA3CTLW0_L
00000681   UCA3CTLW0_H
00000686   UCA3BRW
00000686   UCA3BRW_L
00000687   UCA3BRW_H
00000688   UCA3MCTL
0000068a   UCA3STAT
0000068c   UCA3RXBUF
0000068e   UCA3TXBUF
00000690   UCA3ABCTL
00000692   UCA3IRCTL
00000692   UCA3IRCTL_L
00000693   UCA3IRCTL_H
0000069c   UCA3ICTL
0000069c   UCA3ICTL_L
0000069d   UCA3ICTL_H
0000069e   UCA3IV
000006a0   UCB3CTLW0
000006a0   UCB3CTLW0_L
000006a1   UCB3CTLW0_H
000006a6   UCB3BRW
000006a6   UCB3BRW_L
000006a7   UCB3BRW_H
000006aa   UCB3STAT
000006ac   UCB3RXBUF
000006ae   UCB3TXBUF
000006b0   UCB3I2COA
000006b0   UCB3I2COA_L
000006b1   UCB3I2COA_H
000006b2   UCB3I2CSA
000006b2   UCB3I2CSA_L
000006b3   UCB3I2CSA_H
000006bc   UCB3ICTL
000006bc   UCB3ICTL_L
000006bd   UCB3ICTL_H
000006be   UCB3IV
00000700   ADC12CTL0
00000700   ADC12CTL0_L
00000701   ADC12CTL0_H
00000702   ADC12CTL1
00000702   ADC12CTL1_L
00000703   ADC12CTL1_H
00000704   ADC12CTL2
00000704   ADC12CTL2_L
00000705   ADC12CTL2_H
0000070a   ADC12IFG
0000070a   ADC12IFG_L
0000070b   ADC12IFG_H
0000070c   ADC12IE
0000070c   ADC12IE_L
0000070d   ADC12IE_H
0000070e   ADC12IV
0000070e   ADC12IV_L
0000070f   ADC12IV_H
00000710   ADC12MCTL0
00000711   ADC12MCTL1
00000712   ADC12MCTL2
00000713   ADC12MCTL3
00000714   ADC12MCTL4
00000715   ADC12MCTL5
00000716   ADC12MCTL6
00000717   ADC12MCTL7
00000718   ADC12MCTL8
00000719   ADC12MCTL9
0000071a   ADC12MCTL10
0000071b   ADC12MCTL11
0000071c   ADC12MCTL12
0000071d   ADC12MCTL13
0000071e   ADC12MCTL14
0000071f   ADC12MCTL15
00000720   ADC12MEM0
00000720   ADC12MEM0_L
00000721   ADC12MEM0_H
00000722   ADC12MEM1
00000722   ADC12MEM1_L
00000723   ADC12MEM1_H
00000724   ADC12MEM2
00000724   ADC12MEM2_L
00000725   ADC12MEM2_H
00000726   ADC12MEM3
00000726   ADC12MEM3_L
00000727   ADC12MEM3_H
00000728   ADC12MEM4
00000728   ADC12MEM4_L
00000729   ADC12MEM4_H
0000072a   ADC12MEM5
0000072a   ADC12MEM5_L
0000072b   ADC12MEM5_H
0000072c   ADC12MEM6
0000072c   ADC12MEM6_L
0000072d   ADC12MEM6_H
0000072e   ADC12MEM7
0000072e   ADC12MEM7_L
0000072f   ADC12MEM7_H
00000730   ADC12MEM8
00000730   ADC12MEM8_L
00000731   ADC12MEM8_H
00000732   ADC12MEM9
00000732   ADC12MEM9_L
00000733   ADC12MEM9_H
00000734   ADC12MEM10
00000734   ADC12MEM10_L
00000735   ADC12MEM10_H
00000736   ADC12MEM11
00000736   ADC12MEM11_L
00000737   ADC12MEM11_H
00000738   ADC12MEM12
00000738   ADC12MEM12_L
00000739   ADC12MEM12_H
0000073a   ADC12MEM13
0000073a   ADC12MEM13_L
0000073b   ADC12MEM13_H
0000073c   ADC12MEM14
0000073c   ADC12MEM14_L
0000073d   ADC12MEM14_H
0000073e   ADC12MEM15
0000073e   ADC12MEM15_L
0000073f   ADC12MEM15_H
00001c00   .bss
00001c00   __bss__
00001f78   UsbReceiveBuffer
00002078   BufferSize
00002079   CmdComplete
0000217c   sLID
00002184   AppConnState
00002194   CMTS
0000219a   currReprogramming
0000219b   payloadSize
0000219c   destED
0000219d   initPayloadSize
0000219e   destAddr
000021d6   _lock
000021da   _unlock
000021de   _cleanup_ptr
000021e2   _dtors_ptr
000021eb   __end__
000021eb   end
00005b60   _stack
00005c00   __STACK_END
00005c00   __cinit__
00005c00   cinit
00005d04   RTC_ISR
00005d72   _c_int00
00005d72   _c_int00_noexit
00005d9c   BSP_GpioPort1Isr
00005db6   USCI_A1_ISR
00005dd0   main
00006282   nwk_QfindOldest
000063b6   Mrfi_FiFoPIsr
0000670a   SMPL_SendOpt
00006916   BSP_InitBoard
00006a16   MRFI_Transmit
00006b0e   nwk_retrieveFrame_ConnInfo
00006bf8   MRFI_Init
00006cde   MRFI_WakeUp
00006dbc   nwk_allocateLocalRxPort
00006e90   _printfi_minimal
00006f50   isDupSandFFrame
00006fe2   nwk_buildFrame
00007072   nwk_isConnectionValid
000070fe   nwk_nwkInit
0000728c   nwk_SendEmptyPollRspFrame
0000730e   nwk_QfindSlot
0000738e   MRFI_SetRxAddrFilter
0000740c   nwk_sendAckReply
00007500   nwk_getSandFFrame
0000756c   SMPL_LinkListen
0000769c   UsbInit
000076fc   SMPL_Receive_Src
0000775a   nwk_saveJoinedDevice
000077b4   snprintf
0000780e   __divul
0000780e   __remul
000078bc   SetVCoreUp
00007902   _auto_init
0000798c   nwk_processMgmt
000079d0   nwk_getNextConnection
00007a94   mrfiSpiWriteReg
00007ad4   nwk_isValidReply
00007b14   L_LSR_15
00007b18   L_LSR_14
00007b1c   L_LSR_13
00007b20   L_LSR_12
00007b24   L_LSR_11
00007b28   L_LSR_10
00007b2c   L_LSR_9
00007b30   L_LSR_8
00007b34   L_LSR_7
00007b38   L_LSR_6
00007b3c   L_LSR_5
00007b40   L_LSR_4
00007b44   L_LSR_3
00007b48   L_LSR_2
00007b4c   L_LSR_1
00007b52   nwk_findPeer
00007b90   nwk_replayFrame
00007bce   MRFI_ReplyDelay
00007c0a   nwk_findAlreadyJoined
00007c46   nwk_isLinkDuplicate
00007c82   nwk_processJoin
00007cbe   MRFI_SetLogicalChannel
00007cf8   nwk_getLocalLinkID
00007d32   nwk_isSandFClient
00007ddc   mrfiSpiInit
00007e14   mrfiSpiReadReg
00007e4c   nwk_putNumObjectIntoMsg
00007eea   MRFI_SetRFPwr
00007f80   nwk_linkInit
00007fb0   nwk_processPing
00007fe0   nwk_sendFrame
00008010   BSP_Delay
0000806c   nwk_QadjustOrder
0000809a   nwk_joinInit
000080c8   nwk_processLink
000080f6   SMPL_Init
00008122   mrfiSpiBitClear
0000814e   mrfiSpiBitSet
000081ce   nwk_checkAppMsgTID
000081f8   setupRTC
00008222   memccpy
0000824a   nwk_getConnInfo
000082be   SetVCoreDown
000082e4   nwk_checkConnInfo
0000832e   SetVCore
00008352   memcmp
00008376   nwk_frameInit
0000839a   nwk_buildAckReqFrame
000083bc   BSP_Init
000083dc   MRFI_EnableRxAddrFilter
000083fc   MRFI_RxCompleteISR
0000841c   MRFI_RxIdle
0000843c   MRFI_RxOn
0000845c   memmove
000084b8   nwk_QInit
000084ee   nwk_globalsInit
00008508   MRFI_DelayMs
00008520   MRFI_RandomByte
0000854c   mrfiSpiRandomByte
00008562   nwk_mgmtInit
00008578   __divu
00008578   __remu
0000858e   __mpyi_f5hw
000085ba   MRFI_DisableRxAddrFilter
000085ce   MRFI_Sleep
000085e2   memset
000085f6   toggleLED
0000860a   BSP_InitLeds
0000861c   UsbSendString
0000862e   memcpy
00008640   mrfiSpiCmdStrobe
00008652   nwk_getLinkToken
00008664   nwk_getMyAddress
00008676   nwk_setLinkToken
00008688   strlen
0000869a   nwk_getQ
000086aa   nwk_setListenContext
000086b8   MRFI_PostKillSem
000086c4   MRFI_Receive
000086dc   UsbSendChar
000086f4   nwk_getNumObjectFromMsg
00008716   nwk_pingInit
00008720   nwk_resetSFMarker
00008728   MRFI_GetRadioState
0000872e   SMPL_Send
00008734   mrfiSpiReadRxFifo
0000873a   mrfiSpiWriteTxFifo
00008740   nwk_freeConnection
00008746   nwk_getBCastAddress
0000874c   nwk_getMyRxType
00008752   nwk_getSFInfoPtr
00008758   BSP_InitDrivers
0000875c   _system_pre_init
00008760   C$$EXIT
00008760   abort
00008764   nwk_getProtocolVersion
00008768   nwk_join
0000876c   nwk_processFreq
00008770   nwk_processSecurity
00008774   _nop
00008776   nwk_freqInit
00008778   nwk_securityInit
000087e4   mrfiBroadcastAddr
0000fffe   _reset_vector
ffffffff   .text
ffffffff   __binit__
ffffffff   __c_args__
ffffffff   __etext__
ffffffff   __pinit__
ffffffff   __text__
ffffffff   binit
ffffffff   etext
ffffffff   pinit

[852 symbols]
