******************************************************************************
                  MSP430 Linker PC v3.3.3                      
******************************************************************************
>> Linked Tue Dec 01 17:43:48 2015

OUTPUT FILE NAME:   <Project.out>
ENTRY POINT SYMBOL: "_c_int00"  address: 0000aec2


MEMORY CONFIGURATION

         name            origin    length      used     unused   attr    fill
----------------------  --------  ---------  --------  --------  ----  --------
  SFR                   00000000   00000010  00000000  00000010  RWIX
  PERIPHERALS_8BIT      00000010   000000f0  00000000  000000f0  RWIX
  PERIPHERALS_16BIT     00000100   00000100  00000000  00000100  RWIX
  INFOD                 00001800   00000080  00000000  00000080  RWIX
  INFOC                 00001880   00000080  00000000  00000080  RWIX
  INFOB                 00001900   00000080  00000000  00000080  RWIX
  INFOA                 00001980   00000080  00000000  00000080  RWIX
  RAM                   00001c00   00004000  00000347  00003cb9  RWIX
  FLASH                 0000adc0   00005040  000029c0  00002680  RWIX
  BRINTVEC              0000fe00   00000180  0000005a  00000126  RWIX
  MAININTVEC1           0000ff80   0000005e  0000005e  00000000  RWIX
  INT47                 0000ffde   00000002  00000002  00000000  RWIX
  MAININTVEC2           0000ffe0   0000001e  0000001e  00000000  RWIX
  RESET                 0000fffe   00000002  00000002  00000000  RWIX
  FLASH2                00010000   00035c00  00000000  00035c00  RWIX


SECTION ALLOCATION MAP

 output                                  attributes/
section   page    origin      length       input sections
--------  ----  ----------  ----------   ----------------
.pinit     0    0000adc0    00000000     UNINITIALIZED

.bss       0    00001c00    000002a7     UNINITIALIZED
                  00001c00    000001bc     nwk_QMgmt.obj (.bss)
                  00001dbc    0000007d     mrfi.obj (.bss)
                  00001e39    00000029     nwk.obj (.bss)
                  00001e62    0000000a     nwk_frame.obj (.bss)
                  00001e6c    0000000a     nwk_link.obj (.bss)
                  00001e76    0000000a     reprogrammer.obj (.bss)
                  00001e80    00000009     nwk_globals.obj (.bss)
                  00001e89    00000001     nwk_api.obj (.bss)
                  00001e8a    00000009     nwk_join.obj (.bss)
                  00001e93    00000001     nwk_ping.obj (.bss)
                  00001e94    00000008     rts430x.lib : _lock.obj (.bss)
                  00001e9c    00000008                 : boot.obj (.bss)
                  00001ea4    00000003     nwk_mgmt.obj (.bss)

.stack     0    00005b60    000000a0     UNINITIALIZED
                  00005b60    00000002     rts430x.lib : boot.obj (.stack)
                  00005b62    0000009e     --HOLE--

.cinit     0    0000adc0    000000d8     
                  0000adc0    0000003d     mrfi.obj (.cinit)
                  0000adfd    00000001     --HOLE-- [fill = 0]
                  0000adfe    00000024     reprogrammer.obj (.cinit)
                  0000ae22    00000020     nwk_frame.obj (.cinit)
                  0000ae42    00000019     nwk_link.obj (.cinit)
                  0000ae5b    00000001     --HOLE-- [fill = 0]
                  0000ae5c    00000015     nwk_join.obj (.cinit)
                  0000ae71    00000001     --HOLE-- [fill = 0]
                  0000ae72    0000000b     nwk_mgmt.obj (.cinit)
                  0000ae7d    00000001     --HOLE-- [fill = 0]
                  0000ae7e    00000005     nwk.obj (.cinit)
                  0000ae83    00000001     --HOLE-- [fill = 0]
                  0000ae84    00000005     nwk_api.obj (.cinit)
                  0000ae89    00000001     --HOLE-- [fill = 0]
                  0000ae8a    00000005     nwk_globals.obj (.cinit)
                  0000ae8f    00000001     --HOLE-- [fill = 0]
                  0000ae90    00000005     nwk_ping.obj (.cinit)
                  0000ae95    00000001     --HOLE-- [fill = 0]
                  0000ae96    00000002     (.pad.cinit) [fill = 0]

.text:_isr 
*          0    0000ae98    00000054     
                  0000ae98    0000002a     mrfi.obj (.text:_isr:BSP_GpioPort1Isr)
                  0000aec2    0000002a     rts430x.lib : boot.obj (.text:_isr:_c_int00_noexit)

.text      0    0000aeec    0000284e     
                  0000aeec    00000358     reprogrammer.obj (.text:reprogram)
                  0000b244    0000018e     nwk_link.obj (.text:smpl_send_link_reply)
                  0000b3d2    00000156     nwk_link.obj (.text:nwk_link)
                  0000b528    0000013e     mrfi.obj (.text:Mrfi_FiFoPIsr)
                  0000b666    0000013c     nwk_api.obj (.text:SMPL_Ioctl)
                  0000b7a2    00000122     nwk_QMgmt.obj (.text:nwk_QfindOldest)
                  0000b8c4    00000112     mrfi.obj (.text:MRFI_Init)
                  0000b9d6    0000010e     mrfi.obj (.text:MRFI_Transmit)
                  0000bae4    00000100     bsp.obj (.text:BSP_InitBoard)
                  0000bbe4    000000fc     nwk_api.obj (.text:SMPL_SendOpt)
                  0000bce0    000000f8     nwk_join.obj (.text:nwk_join)
                  0000bdd8    000000f4     nwk_frame.obj (.text:nwk_retrieveFrame_ConnInfo)
                  0000becc    000000de     mrfi.obj (.text:MRFI_WakeUp)
                  0000bfaa    000000dc     nwk.obj (.text:nwk_allocateLocalRxPort)
                  0000c086    000000d8     nwk_link.obj (.text:nwk_unlink)
                  0000c15e    000000be     reprogrammer.obj (.text:linkTo)
                  0000c21c    000000ae     nwk_frame.obj (.text:dispatchFrame)
                  0000c2ca    000000a6     nwk_frame.obj (.text:nwk_retrieveFrame)
                  0000c370    00000096     nwk_frame.obj (.text:nwk_buildFrame)
                  0000c406    00000096     nwk_ioctl.obj (.text:nwk_radioControl)
                  0000c49c    00000096     nwk_frame.obj (.text:nwk_sendAckReply)
                  0000c532    00000090     nwk.obj (.text:nwk_isConnectionValid)
                  0000c5c2    00000086     nwk.obj (.text:nwk_nwkInit)
                  0000c648    0000007c     nwk_QMgmt.obj (.text:nwk_QfindSlot)
                  0000c6c4    0000007a     mrfi.obj (.text:MRFI_SetRxAddrFilter)
                  0000c73e    00000078     mrfi.obj (.text:spiFifoAccess)
                  0000c7b6    00000062     nwk_api.obj (.text:SMPL_Receive_Src)
                  0000c818    00000062     nwk_link.obj (.text:smpl_send_unlink_reply)
                  0000c87a    00000058     rts430x.lib : div32u.obj (.text)
                  0000c8d2    00000052     bsp.obj (.text:SetVCoreUp)
                  0000c924    00000052     nwk_ioctl.obj (.text:nwk_rawSend)
                  0000c976    00000050     nwk.obj (.text:nwk_getNextConnection)
                  0000c9c6    00000046     rts430x.lib : autoinit.obj (.text:_auto_init)
                  0000ca0c    00000046     nwk.obj (.text:nwk_findPeer)
                  0000ca52    00000042     mrfi.obj (.text:MRFI_Rssi)
                  0000ca94    00000042     mrfi.obj (.text:MRFI_SetLogicalChannel)
                  0000cad6    00000042     nwk.obj (.text:nwk_isLinkDuplicate)
                  0000cb18    00000042     nwk_ping.obj (.text:smpl_send_ping_reply)
                  0000cb5a    00000040     mrfi.obj (.text:mrfiSpiWriteReg)
                  0000cb9a    0000003e     nwk.obj (.text:initializeConnection)
                  0000cbd8    0000003e     rts430x.lib : lsl32.obj (.text:l_lsl_const)
                  0000cc16    0000003e                 : lsr32.obj (.text:l_lsr_const)
                  0000cc54    0000003c     mrfi.obj (.text:MRFI_ReplyDelay)
                  0000cc90    0000003c     nwk.obj (.text:nwk_putNumObjectIntoMsg)
                  0000cccc    0000003a     nwk.obj (.text:nwk_isValidReply)
                  0000cd06    0000003a     nwk_mgmt.obj (.text:nwk_processMgmt)
                  0000cd40    00000038     mrfi.obj (.text:MRFI_SetRFPwr)
                  0000cd78    00000038     mrfi.obj (.text:mrfiSpiInit)
                  0000cdb0    00000038     mrfi.obj (.text:mrfiSpiReadReg)
                  0000cde8    00000034     nwk_api.obj (.text:SMPL_Init)
                  0000ce1c    00000034     mrfi.obj (.text:spiSendBytes)
                  0000ce50    00000032     mrfi.obj (.text:Mrfi_RxModeOff)
                  0000ce82    00000032     nwk_QMgmt.obj (.text:nwk_QadjustOrder)
                  0000ceb4    00000032     nwk_ioctl.obj (.text:nwk_deviceAddress)
                  0000cee6    00000032     nwk.obj (.text:nwk_getConnInfo)
                  0000cf18    00000032     nwk_link.obj (.text:nwk_linkInit)
                  0000cf4a    00000032     reprogrammer.obj (.text:save)
                  0000cf7c    00000032     mrfi.obj (.text:spiWriteRamByte)
                  0000cfae    00000030     bsp.obj (.text:BSP_Delay)
                  0000cfde    00000030     reprogrammer.obj (.text:main)
                  0000d00e    00000030     nwk.obj (.text:map_lid2idx)
                  0000d03e    00000030     nwk_ioctl.obj (.text:nwk_rawReceive)
                  0000d06e    00000030     nwk_frame.obj (.text:nwk_sendFrame)
                  0000d09e    00000030     reprogrammer.obj (.text:savev2)
                  0000d0ce    0000002c     bsp.obj (.text:SetVCore)
                  0000d0fa    0000002c     nwk_link.obj (.text:handleLinkRequest)
                  0000d126    0000002c     mrfi.obj (.text:mrfiSpiBitClear)
                  0000d152    0000002c     mrfi.obj (.text:mrfiSpiBitSet)
                  0000d17e    0000002a     mrfi.obj (.text:Mrfi_DelayUsecSem)
                  0000d1a8    0000002a     reprogrammer.obj (.text:erase)
                  0000d1d2    0000002a     nwk.obj (.text:nwk_checkConnInfo)
                  0000d1fc    00000028     nwk_ping.obj (.text:nwk_processPing)
                  0000d224    00000026     mrfi.obj (.text:Mrfi_TurnOnRadioPower)
                  0000d24a    00000026     bsp.obj (.text:SetVCoreDown)
                  0000d270    00000026     nwk_ioctl.obj (.text:nwk_connectionControl)
                  0000d296    00000026     nwk_link.obj (.text:nwk_processLink)
                  0000d2bc    00000024     mrfi.obj (.text:Mrfi_DelayUsec)
                  0000d2e0    00000024     mrfi.obj (.text:Mrfi_RandomBackoffDelay)
                  0000d304    00000024     rts430x.lib : memcmp.obj (.text:memcmp)
                  0000d328    00000022     mrfi.obj (.text:MRFI_EnableRxAddrFilter)
                  0000d34a    00000022     mrfi.obj (.text:MRFI_RxOn)
                  0000d36c    00000022     mrfi.obj (.text:Mrfi_CalculateRssi)
                  0000d38e    00000022     nwk_frame.obj (.text:nwk_buildAckReqFrame)
                  0000d3b0    00000022     rts430x.lib : mult32_f5hw.obj (.text)
                  0000d3d2    00000020     bsp.obj (.text:BSP_Init)
                  0000d3f2    00000020     nwk_frame.obj (.text:MRFI_RxCompleteISR)
                  0000d412    00000020     mrfi.obj (.text:MRFI_RxIdle)
                  0000d432    00000020     rts430x.lib : memmov.obj (.text:memmove)
                  0000d452    00000020     nwk_frame.obj (.text:nwk_frameInit)
                  0000d472    00000020     nwk_join.obj (.text:nwk_processJoin)
                  0000d492    0000001e     nwk_QMgmt.obj (.text:nwk_QInit)
                  0000d4b0    0000001e     reprogrammer.obj (.text:sCB)
                  0000d4ce    0000001c     nwk_globals.obj (.text:nwk_globalsInit)
                  0000d4ea    0000001c     nwk_globals.obj (.text:nwk_setMyAddress)
                  0000d506    0000001a     nwk_join.obj (.text:nwk_joinInit)
                  0000d520    00000018     mrfi.obj (.text:MRFI_DelayMs)
                  0000d538    00000016     mrfi.obj (.text:MRFI_RandomByte)
                  0000d54e    00000016     mrfi.obj (.text:Mrfi_RxModeOn)
                  0000d564    00000016     mrfi.obj (.text:mrfiSpiRandomByte)
                  0000d57a    00000016     rts430x.lib : mult16_f5hw.obj (.text)
                  0000d590    00000014     mrfi.obj (.text:MRFI_DisableRxAddrFilter)
                  0000d5a4    00000014     mrfi.obj (.text:MRFI_Sleep)
                  0000d5b8    00000014     nwk_api.obj (.text:ioctlPreInitAccessIsOK)
                  0000d5cc    00000014     rts430x.lib : memset.obj (.text:memset)
                  0000d5e0    00000012     bsp.obj (.text:BSP_InitLeds)
                  0000d5f2    00000012     rts430x.lib : memcpy.obj (.text:memcpy)
                  0000d604    00000012     mrfi.obj (.text:mrfiSpiCmdStrobe)
                  0000d616    00000012     nwk_join.obj (.text:nwk_getJoinToken)
                  0000d628    00000012     nwk_link.obj (.text:nwk_getLinkToken)
                  0000d63a    00000012     nwk_globals.obj (.text:nwk_getMyAddress)
                  0000d64c    00000012     nwk_join.obj (.text:nwk_setJoinToken)
                  0000d65e    00000012     nwk_link.obj (.text:nwk_setLinkToken)
                  0000d670    0000000e     mrfi.obj (.text:MRFI_Receive)
                  0000d67e    0000000e     nwk.obj (.text:nwk_getNumObjectFromMsg)
                  0000d68c    0000000e     nwk_globals.obj (.text:nwk_setAPAddress)
                  0000d69a    0000000c     mrfi.obj (.text:MRFI_PostKillSem)
                  0000d6a6    0000000c     mrfi.obj (.text:Mrfi_TurnOffRadioPower)
                  0000d6b2    0000000c     nwk_ping.obj (.text:handlePingRequest)
                  0000d6be    0000000a     nwk_mgmt.obj (.text:nwk_mgmtInit)
                  0000d6c8    0000000a     nwk_ping.obj (.text:nwk_pingInit)
                  0000d6d2    00000008     nwk_api.obj (.text:SMPL_Send)
                  0000d6da    00000008     mrfi.obj (.text:mrfiSpiReadRxFifo)
                  0000d6e2    00000008     mrfi.obj (.text:mrfiSpiWriteTxFifo)
                  0000d6ea    00000006     bsp.obj (.text:BSP_InitDrivers)
                  0000d6f0    00000006     mrfi.obj (.text:MRFI_GetRadioState)
                  0000d6f6    00000006     nwk_api.obj (.text:SMPL_Link)
                  0000d6fc    00000006     nwk_api.obj (.text:SMPL_Unlink)
                  0000d702    00000006     nwk.obj (.text:nwk_freeConnection)
                  0000d708    00000006     nwk_globals.obj (.text:nwk_getBCastAddress)
                  0000d70e    00000006     nwk_globals.obj (.text:nwk_getFWVersion)
                  0000d714    00000006     nwk_frame.obj (.text:nwk_getMyRxType)
                  0000d71a    00000006     nwk_globals.obj (.text:nwk_getProtocolVersion)
                  0000d720    00000004     rts430x.lib : pre_init.obj (.text:_system_pre_init)
                  0000d724    00000004                 : exit.obj (.text:abort)
                  0000d728    00000004     nwk.obj (.text:nwk_NVObj)
                  0000d72c    00000004     nwk_freq.obj (.text:nwk_processFreq)
                  0000d730    00000004     nwk_security.obj (.text:nwk_processSecurity)
                  0000d734    00000002     rts430x.lib : _lock.obj (.text:_nop)
                  0000d736    00000002     nwk_freq.obj (.text:nwk_freqInit)
                  0000d738    00000002     nwk_security.obj (.text:nwk_securityInit)

.const     0    0000d73a    00000046     
                  0000d73a    00000018     nwk_frame.obj (.const:func)
                  0000d752    0000000c     reprogrammer.obj (.const:image_Addr)
                  0000d75e    00000009     nwk_globals.obj (.const)
                  0000d767    00000001     --HOLE-- [fill = 0]
                  0000d768    00000004     reprogrammer.obj (.const:image_1)
                  0000d76c    00000004     mrfi.obj (.const:mrfiBroadcastAddr)
                  0000d770    00000004     mrfi.obj (.const:mrfiLogicalChanTable)
                  0000d774    00000003     mrfi.obj (.const:mrfiRFPowerTable)
                  0000d777    00000001     --HOLE-- [fill = 0]
                  0000d778    00000002     reprogrammer.obj (.const:image_0)
                  0000d77a    00000002     reprogrammer.obj (.const:image_2)
                  0000d77c    00000002     reprogrammer.obj (.const:image_3)
                  0000d77e    00000002     reprogrammer.obj (.const:image_4)

.brintvec 
*          0    0000fe00    0000005a     
                  0000fe00    0000005a     interrupt proxy.obj (.brintvec)

.mainintvec1 
*          0    0000ff80    0000005e     
                  0000ff80    0000005e     interrupt proxy.obj (.mainintvec1)

.int47     0    0000ffde    00000002     
                  0000ffde    00000002     mrfi.obj (.int47)

.mainintvec2 
*          0    0000ffe0    0000001e     
                  0000ffe0    0000001e     interrupt proxy.obj (.mainintvec2)

.reset     0    0000fffe    00000002     
                  0000fffe    00000002     rts430x.lib : boot.obj (.reset)


GLOBAL SYMBOLS: SORTED ALPHABETICALLY BY Name 

address    name
--------   ----
00001c00   .bss
ffffffff   .text
00000700   ADC12CTL0
00000701   ADC12CTL0_H
00000700   ADC12CTL0_L
00000702   ADC12CTL1
00000703   ADC12CTL1_H
00000702   ADC12CTL1_L
00000704   ADC12CTL2
00000705   ADC12CTL2_H
00000704   ADC12CTL2_L
0000070c   ADC12IE
0000070d   ADC12IE_H
0000070c   ADC12IE_L
0000070a   ADC12IFG
0000070b   ADC12IFG_H
0000070a   ADC12IFG_L
0000070e   ADC12IV
0000070f   ADC12IV_H
0000070e   ADC12IV_L
00000710   ADC12MCTL0
00000711   ADC12MCTL1
0000071a   ADC12MCTL10
0000071b   ADC12MCTL11
0000071c   ADC12MCTL12
0000071d   ADC12MCTL13
0000071e   ADC12MCTL14
0000071f   ADC12MCTL15
00000712   ADC12MCTL2
00000713   ADC12MCTL3
00000714   ADC12MCTL4
00000715   ADC12MCTL5
00000716   ADC12MCTL6
00000717   ADC12MCTL7
00000718   ADC12MCTL8
00000719   ADC12MCTL9
00000720   ADC12MEM0
00000721   ADC12MEM0_H
00000720   ADC12MEM0_L
00000722   ADC12MEM1
00000734   ADC12MEM10
00000735   ADC12MEM10_H
00000734   ADC12MEM10_L
00000736   ADC12MEM11
00000737   ADC12MEM11_H
00000736   ADC12MEM11_L
00000738   ADC12MEM12
00000739   ADC12MEM12_H
00000738   ADC12MEM12_L
0000073a   ADC12MEM13
0000073b   ADC12MEM13_H
0000073a   ADC12MEM13_L
0000073c   ADC12MEM14
0000073d   ADC12MEM14_H
0000073c   ADC12MEM14_L
0000073e   ADC12MEM15
0000073f   ADC12MEM15_H
0000073e   ADC12MEM15_L
00000723   ADC12MEM1_H
00000722   ADC12MEM1_L
00000724   ADC12MEM2
00000725   ADC12MEM2_H
00000724   ADC12MEM2_L
00000726   ADC12MEM3
00000727   ADC12MEM3_H
00000726   ADC12MEM3_L
00000728   ADC12MEM4
00000729   ADC12MEM4_H
00000728   ADC12MEM4_L
0000072a   ADC12MEM5
0000072b   ADC12MEM5_H
0000072a   ADC12MEM5_L
0000072c   ADC12MEM6
0000072d   ADC12MEM6_H
0000072c   ADC12MEM6_L
0000072e   ADC12MEM7
0000072f   ADC12MEM7_H
0000072e   ADC12MEM7_L
00000730   ADC12MEM8
00000731   ADC12MEM8_H
00000730   ADC12MEM8_L
00000732   ADC12MEM9
00000733   ADC12MEM9_H
00000732   ADC12MEM9_L
0000cfae   BSP_Delay
0000ae98   BSP_GpioPort1Isr
0000d3d2   BSP_Init
0000bae4   BSP_InitBoard
0000d6ea   BSP_InitDrivers
0000d5e0   BSP_InitLeds
0000d724   C$$EXIT
00000150   CRCDI
00000152   CRCDIRB
00000153   CRCDIRB_H
00000152   CRCDIRB_L
00000151   CRCDI_H
00000150   CRCDI_L
00000154   CRCINIRES
00000155   CRCINIRES_H
00000154   CRCINIRES_L
00000156   CRCRESR
00000157   CRCRESR_H
00000156   CRCRESR_L
00000510   DMA0CTL
00000511   DMA0CTL_H
00000510   DMA0CTL_L
00000516   DMA0DA
00000516   DMA0DAL
00000512   DMA0SA
00000512   DMA0SAL
0000051a   DMA0SZ
00000520   DMA1CTL
00000521   DMA1CTL_H
00000520   DMA1CTL_L
00000526   DMA1DA
00000526   DMA1DAL
00000522   DMA1SA
00000522   DMA1SAL
0000052a   DMA1SZ
00000530   DMA2CTL
00000531   DMA2CTL_H
00000530   DMA2CTL_L
00000536   DMA2DA
00000536   DMA2DAL
00000532   DMA2SA
00000532   DMA2SAL
0000053a   DMA2SZ
00000500   DMACTL0
00000501   DMACTL0_H
00000500   DMACTL0_L
00000502   DMACTL1
00000503   DMACTL1_H
00000502   DMACTL1_L
00000504   DMACTL2
00000505   DMACTL2_H
00000504   DMACTL2_L
00000506   DMACTL3
00000507   DMACTL3_H
00000506   DMACTL3_L
00000508   DMACTL4
00000509   DMACTL4_H
00000508   DMACTL4_L
0000050e   DMAIV
0000050f   DMAIV_H
0000050e   DMAIV_L
00000140   FCTL1
00000141   FCTL1_H
00000140   FCTL1_L
00000144   FCTL3
00000145   FCTL3_H
00000144   FCTL3_L
00000146   FCTL4
00000147   FCTL4_H
00000146   FCTL4_L
00001e7a   INFOMEM
0000cc10   L_LSL_1
0000cbec   L_LSL_10
0000cbe8   L_LSL_11
0000cbe4   L_LSL_12
0000cbe0   L_LSL_13
0000cbdc   L_LSL_14
0000cbd8   L_LSL_15
0000cc0c   L_LSL_2
0000cc08   L_LSL_3
0000cc04   L_LSL_4
0000cc00   L_LSL_5
0000cbfc   L_LSL_6
0000cbf8   L_LSL_7
0000cbf4   L_LSL_8
0000cbf0   L_LSL_9
0000cc4e   L_LSR_1
0000cc2a   L_LSR_10
0000cc26   L_LSR_11
0000cc22   L_LSR_12
0000cc1e   L_LSR_13
0000cc1a   L_LSR_14
0000cc16   L_LSR_15
0000cc4a   L_LSR_2
0000cc46   L_LSR_3
0000cc42   L_LSR_4
0000cc3e   L_LSR_5
0000cc3a   L_LSR_6
0000cc36   L_LSR_7
0000cc32   L_LSR_8
0000cc2e   L_LSR_9
000004c4   MAC
000004da   MAC32H
000004db   MAC32H_H
000004da   MAC32H_L
000004d8   MAC32L
000004d9   MAC32L_H
000004d8   MAC32L_L
000004c6   MACS
000004de   MACS32H
000004df   MACS32H_H
000004de   MACS32H_L
000004dc   MACS32L
000004dd   MACS32L_H
000004dc   MACS32L_L
000004c7   MACS_H
000004c6   MACS_L
000004c5   MAC_H
000004c4   MAC_L
000004c0   MPY
000004ec   MPY32CTL0
000004ed   MPY32CTL0_H
000004ec   MPY32CTL0_L
000004d2   MPY32H
000004d3   MPY32H_H
000004d2   MPY32H_L
000004d0   MPY32L
000004d1   MPY32L_H
000004d0   MPY32L_L
000004c2   MPYS
000004d6   MPYS32H
000004d7   MPYS32H_H
000004d6   MPYS32H_L
000004d4   MPYS32L
000004d5   MPYS32L_H
000004d4   MPYS32L_L
000004c3   MPYS_H
000004c2   MPYS_L
000004c1   MPY_H
000004c0   MPY_L
0000d520   MRFI_DelayMs
0000d590   MRFI_DisableRxAddrFilter
0000d328   MRFI_EnableRxAddrFilter
0000d6f0   MRFI_GetRadioState
0000b8c4   MRFI_Init
0000d69a   MRFI_PostKillSem
0000d538   MRFI_RandomByte
0000d670   MRFI_Receive
0000cc54   MRFI_ReplyDelay
0000ca52   MRFI_Rssi
0000d3f2   MRFI_RxCompleteISR
0000d412   MRFI_RxIdle
0000d34a   MRFI_RxOn
0000ca94   MRFI_SetLogicalChannel
0000cd40   MRFI_SetRFPwr
0000c6c4   MRFI_SetRxAddrFilter
0000d5a4   MRFI_Sleep
0000b9d6   MRFI_Transmit
0000becc   MRFI_WakeUp
0000b528   Mrfi_FiFoPIsr
000004c8   OP2
000004e2   OP2H
000004e3   OP2H_H
000004e2   OP2H_L
000004e0   OP2L
000004e1   OP2L_H
000004e0   OP2L_L
000004c9   OP2_H
000004c8   OP2_L
0000020e   P1IV
0000021e   P2IV
00000204   PADIR
00000205   PADIR_H
00000204   PADIR_L
00000208   PADS
00000209   PADS_H
00000208   PADS_L
0000021a   PAIE
00000218   PAIES
00000219   PAIES_H
00000218   PAIES_L
0000021b   PAIE_H
0000021a   PAIE_L
0000021c   PAIFG
0000021d   PAIFG_H
0000021c   PAIFG_L
00000200   PAIN
00000201   PAIN_H
00000200   PAIN_L
00000202   PAOUT
00000203   PAOUT_H
00000202   PAOUT_L
00000206   PAREN
00000207   PAREN_H
00000206   PAREN_L
0000020a   PASEL
0000020b   PASEL_H
0000020a   PASEL_L
00000224   PBDIR
00000225   PBDIR_H
00000224   PBDIR_L
00000228   PBDS
00000229   PBDS_H
00000228   PBDS_L
00000220   PBIN
00000221   PBIN_H
00000220   PBIN_L
00000222   PBOUT
00000223   PBOUT_H
00000222   PBOUT_L
00000226   PBREN
00000227   PBREN_H
00000226   PBREN_L
0000022a   PBSEL
0000022b   PBSEL_H
0000022a   PBSEL_L
00000244   PCDIR
00000245   PCDIR_H
00000244   PCDIR_L
00000248   PCDS
00000249   PCDS_H
00000248   PCDS_L
00000240   PCIN
00000241   PCIN_H
00000240   PCIN_L
00000242   PCOUT
00000243   PCOUT_H
00000242   PCOUT_L
00000246   PCREN
00000247   PCREN_H
00000246   PCREN_L
0000024a   PCSEL
0000024b   PCSEL_H
0000024a   PCSEL_L
00000264   PDDIR
00000265   PDDIR_H
00000264   PDDIR_L
00000268   PDDS
00000269   PDDS_H
00000268   PDDS_L
00000260   PDIN
00000261   PDIN_H
00000260   PDIN_L
00000262   PDOUT
00000263   PDOUT_H
00000262   PDOUT_L
00000266   PDREN
00000267   PDREN_H
00000266   PDREN_L
0000026a   PDSEL
0000026b   PDSEL_H
0000026a   PDSEL_L
00000284   PEDIR
00000285   PEDIR_H
00000284   PEDIR_L
00000288   PEDS
00000289   PEDS_H
00000288   PEDS_L
00000280   PEIN
00000281   PEIN_H
00000280   PEIN_L
00000282   PEOUT
00000283   PEOUT_H
00000282   PEOUT_L
00000286   PEREN
00000287   PEREN_H
00000286   PEREN_L
0000028a   PESEL
0000028b   PESEL_H
0000028a   PESEL_L
000002a4   PFDIR
000002a5   PFDIR_H
000002a4   PFDIR_L
000002a8   PFDS
000002a9   PFDS_H
000002a8   PFDS_L
000002a0   PFIN
000002a1   PFIN_H
000002a0   PFIN_L
000002a2   PFOUT
000002a3   PFOUT_H
000002a2   PFOUT_L
000002a6   PFREN
000002a7   PFREN_H
000002a6   PFREN_L
000002aa   PFSEL
000002ab   PFSEL_H
000002aa   PFSEL_L
00000324   PJDIR
00000325   PJDIR_H
00000324   PJDIR_L
00000328   PJDS
00000329   PJDS_H
00000328   PJDS_L
00000320   PJIN
00000321   PJIN_H
00000320   PJIN_L
00000322   PJOUT
00000323   PJOUT_H
00000322   PJOUT_L
00000326   PJREN
00000327   PJREN_H
00000326   PJREN_L
00000130   PM5CTL0
00000131   PM5CTL0_H
00000130   PM5CTL0_L
00000120   PMMCTL0
00000121   PMMCTL0_H
00000120   PMMCTL0_L
00000122   PMMCTL1
00000123   PMMCTL1_H
00000122   PMMCTL1_L
0000012c   PMMIFG
0000012d   PMMIFG_H
0000012c   PMMIFG_L
0000012e   PMMRIE
0000012f   PMMRIE_H
0000012e   PMMRIE_L
00000158   RCCTL0
00000159   RCCTL0_H
00000158   RCCTL0_L
000001b0   REFCTL0
000001b1   REFCTL0_H
000001b0   REFCTL0_L
000004e4   RES0
000004e5   RES0_H
000004e4   RES0_L
000004e6   RES1
000004e7   RES1_H
000004e6   RES1_L
000004e8   RES2
000004e9   RES2_H
000004e8   RES2_L
000004ea   RES3
000004eb   RES3_H
000004ea   RES3_L
000004cc   RESHI
000004cd   RESHI_H
000004cc   RESHI_L
000004ca   RESLO
000004cb   RESLO_H
000004ca   RESLO_L
000004ba   RTCADOWDAY
000004bb   RTCADOWDAY_H
000004ba   RTCADOWDAY_L
000004b8   RTCAMINHR
000004b9   RTCAMINHR_H
000004b8   RTCAMINHR_L
000004a0   RTCCTL01
000004a1   RTCCTL01_H
000004a0   RTCCTL01_L
000004a2   RTCCTL23
000004a3   RTCCTL23_H
000004a2   RTCCTL23_L
000004b4   RTCDATE
000004b5   RTCDATE_H
000004b4   RTCDATE_L
000004ae   RTCIV
000004ac   RTCPS
000004a8   RTCPS0CTL
000004a9   RTCPS0CTL_H
000004a8   RTCPS0CTL_L
000004aa   RTCPS1CTL
000004ab   RTCPS1CTL_H
000004aa   RTCPS1CTL_L
000004ad   RTCPS_H
000004ac   RTCPS_L
000004b0   RTCTIM0
000004b1   RTCTIM0_H
000004b0   RTCTIM0_L
000004b2   RTCTIM1
000004b3   RTCTIM1_H
000004b2   RTCTIM1_L
000004b6   RTCYEAR
000004b7   RTCYEAR_H
000004b6   RTCYEAR_L
00000100   SFRIE1
00000101   SFRIE1_H
00000100   SFRIE1_L
00000102   SFRIFG1
00000103   SFRIFG1_H
00000102   SFRIFG1_L
00000104   SFRRPCR
00000105   SFRRPCR_H
00000104   SFRRPCR_L
0000cde8   SMPL_Init
0000b666   SMPL_Ioctl
0000d6f6   SMPL_Link
0000c7b6   SMPL_Receive_Src
0000d6d2   SMPL_Send
0000bbe4   SMPL_SendOpt
0000d6fc   SMPL_Unlink
00001e7c   START_LOC
000004ce   SUMEXT
000004cf   SUMEXT_H
000004ce   SUMEXT_L
00000124   SVSMHCTL
00000125   SVSMHCTL_H
00000124   SVSMHCTL_L
00000128   SVSMIO
00000129   SVSMIO_H
00000128   SVSMIO_L
00000126   SVSMLCTL
00000127   SVSMLCTL_H
00000126   SVSMLCTL_L
00000198   SYSBERRIV
00000199   SYSBERRIV_H
00000198   SYSBERRIV_L
00000182   SYSBSLC
00000183   SYSBSLC_H
00000182   SYSBSLC_L
00000180   SYSCTL
00000181   SYSCTL_H
00000180   SYSCTL_L
00000186   SYSJMBC
00000187   SYSJMBC_H
00000186   SYSJMBC_L
00000188   SYSJMBI0
00000189   SYSJMBI0_H
00000188   SYSJMBI0_L
0000018a   SYSJMBI1
0000018b   SYSJMBI1_H
0000018a   SYSJMBI1_L
0000018c   SYSJMBO0
0000018d   SYSJMBO0_H
0000018c   SYSJMBO0_L
0000018e   SYSJMBO1
0000018f   SYSJMBO1_H
0000018e   SYSJMBO1_L
0000019e   SYSRSTIV
0000019f   SYSRSTIV_H
0000019e   SYSRSTIV_L
0000019c   SYSSNIV
0000019d   SYSSNIV_H
0000019c   SYSSNIV_L
0000019a   SYSUNIV
0000019b   SYSUNIV_H
0000019a   SYSUNIV_L
0000d0ce   SetVCore
0000d24a   SetVCoreDown
0000c8d2   SetVCoreUp
00000352   TA0CCR0
00000354   TA0CCR1
00000356   TA0CCR2
00000358   TA0CCR3
0000035a   TA0CCR4
00000342   TA0CCTL0
00000344   TA0CCTL1
00000346   TA0CCTL2
00000348   TA0CCTL3
0000034a   TA0CCTL4
00000340   TA0CTL
00000360   TA0EX0
0000036e   TA0IV
00000350   TA0R
00000392   TA1CCR0
00000394   TA1CCR1
00000396   TA1CCR2
00000382   TA1CCTL0
00000384   TA1CCTL1
00000386   TA1CCTL2
00000380   TA1CTL
000003a0   TA1EX0
000003ae   TA1IV
00000390   TA1R
000003d2   TB0CCR0
000003d4   TB0CCR1
000003d6   TB0CCR2
000003d8   TB0CCR3
000003da   TB0CCR4
000003dc   TB0CCR5
000003de   TB0CCR6
000003c2   TB0CCTL0
000003c4   TB0CCTL1
000003c6   TB0CCTL2
000003c8   TB0CCTL3
000003ca   TB0CCTL4
000003cc   TB0CCTL5
000003ce   TB0CCTL6
000003c0   TB0CTL
000003e0   TB0EX0
000003ee   TB0IV
000003d0   TB0R
000005d0   UCA0ABCTL
000005c6   UCA0BRW
000005c7   UCA0BRW_H
000005c6   UCA0BRW_L
000005c0   UCA0CTLW0
000005c1   UCA0CTLW0_H
000005c0   UCA0CTLW0_L
000005dc   UCA0ICTL
000005dd   UCA0ICTL_H
000005dc   UCA0ICTL_L
000005d2   UCA0IRCTL
000005d3   UCA0IRCTL_H
000005d2   UCA0IRCTL_L
000005de   UCA0IV
000005c8   UCA0MCTL
000005cc   UCA0RXBUF
000005ca   UCA0STAT
000005ce   UCA0TXBUF
00000610   UCA1ABCTL
00000606   UCA1BRW
00000607   UCA1BRW_H
00000606   UCA1BRW_L
00000600   UCA1CTLW0
00000601   UCA1CTLW0_H
00000600   UCA1CTLW0_L
0000061c   UCA1ICTL
0000061d   UCA1ICTL_H
0000061c   UCA1ICTL_L
00000612   UCA1IRCTL
00000613   UCA1IRCTL_H
00000612   UCA1IRCTL_L
0000061e   UCA1IV
00000608   UCA1MCTL
0000060c   UCA1RXBUF
0000060a   UCA1STAT
0000060e   UCA1TXBUF
00000650   UCA2ABCTL
00000646   UCA2BRW
00000647   UCA2BRW_H
00000646   UCA2BRW_L
00000640   UCA2CTLW0
00000641   UCA2CTLW0_H
00000640   UCA2CTLW0_L
0000065c   UCA2ICTL
0000065d   UCA2ICTL_H
0000065c   UCA2ICTL_L
00000652   UCA2IRCTL
00000653   UCA2IRCTL_H
00000652   UCA2IRCTL_L
0000065e   UCA2IV
00000648   UCA2MCTL
0000064c   UCA2RXBUF
0000064a   UCA2STAT
0000064e   UCA2TXBUF
00000690   UCA3ABCTL
00000686   UCA3BRW
00000687   UCA3BRW_H
00000686   UCA3BRW_L
00000680   UCA3CTLW0
00000681   UCA3CTLW0_H
00000680   UCA3CTLW0_L
0000069c   UCA3ICTL
0000069d   UCA3ICTL_H
0000069c   UCA3ICTL_L
00000692   UCA3IRCTL
00000693   UCA3IRCTL_H
00000692   UCA3IRCTL_L
0000069e   UCA3IV
00000688   UCA3MCTL
0000068c   UCA3RXBUF
0000068a   UCA3STAT
0000068e   UCA3TXBUF
000005e6   UCB0BRW
000005e7   UCB0BRW_H
000005e6   UCB0BRW_L
000005e0   UCB0CTLW0
000005e1   UCB0CTLW0_H
000005e0   UCB0CTLW0_L
000005f0   UCB0I2COA
000005f1   UCB0I2COA_H
000005f0   UCB0I2COA_L
000005f2   UCB0I2CSA
000005f3   UCB0I2CSA_H
000005f2   UCB0I2CSA_L
000005fc   UCB0ICTL
000005fd   UCB0ICTL_H
000005fc   UCB0ICTL_L
000005fe   UCB0IV
000005ec   UCB0RXBUF
000005ea   UCB0STAT
000005ee   UCB0TXBUF
00000626   UCB1BRW
00000627   UCB1BRW_H
00000626   UCB1BRW_L
00000620   UCB1CTLW0
00000621   UCB1CTLW0_H
00000620   UCB1CTLW0_L
00000630   UCB1I2COA
00000631   UCB1I2COA_H
00000630   UCB1I2COA_L
00000632   UCB1I2CSA
00000633   UCB1I2CSA_H
00000632   UCB1I2CSA_L
0000063c   UCB1ICTL
0000063d   UCB1ICTL_H
0000063c   UCB1ICTL_L
0000063e   UCB1IV
0000062c   UCB1RXBUF
0000062a   UCB1STAT
0000062e   UCB1TXBUF
00000666   UCB2BRW
00000667   UCB2BRW_H
00000666   UCB2BRW_L
00000660   UCB2CTLW0
00000661   UCB2CTLW0_H
00000660   UCB2CTLW0_L
00000670   UCB2I2COA
00000671   UCB2I2COA_H
00000670   UCB2I2COA_L
00000672   UCB2I2CSA
00000673   UCB2I2CSA_H
00000672   UCB2I2CSA_L
0000067c   UCB2ICTL
0000067d   UCB2ICTL_H
0000067c   UCB2ICTL_L
0000067e   UCB2IV
0000066c   UCB2RXBUF
0000066a   UCB2STAT
0000066e   UCB2TXBUF
000006a6   UCB3BRW
000006a7   UCB3BRW_H
000006a6   UCB3BRW_L
000006a0   UCB3CTLW0
000006a1   UCB3CTLW0_H
000006a0   UCB3CTLW0_L
000006b0   UCB3I2COA
000006b1   UCB3I2COA_H
000006b0   UCB3I2COA_L
000006b2   UCB3I2CSA
000006b3   UCB3I2CSA_H
000006b2   UCB3I2CSA_L
000006bc   UCB3ICTL
000006bd   UCB3ICTL_H
000006bc   UCB3ICTL_L
000006be   UCB3IV
000006ac   UCB3RXBUF
000006aa   UCB3STAT
000006ae   UCB3TXBUF
00000160   UCSCTL0
00000161   UCSCTL0_H
00000160   UCSCTL0_L
00000162   UCSCTL1
00000163   UCSCTL1_H
00000162   UCSCTL1_L
00000164   UCSCTL2
00000165   UCSCTL2_H
00000164   UCSCTL2_L
00000166   UCSCTL3
00000167   UCSCTL3_H
00000166   UCSCTL3_L
00000168   UCSCTL4
00000169   UCSCTL4_H
00000168   UCSCTL4_L
0000016a   UCSCTL5
0000016b   UCSCTL5_H
0000016a   UCSCTL5_L
0000016c   UCSCTL6
0000016d   UCSCTL6_H
0000016c   UCSCTL6_L
0000016e   UCSCTL7
0000016f   UCSCTL7_H
0000016e   UCSCTL7_L
00000170   UCSCTL8
00000171   UCSCTL8_H
00000170   UCSCTL8_L
0000015c   WDTCTL
0000015d   WDTCTL_H
0000015c   WDTCTL_L
0000adbf   _App_End
0000f9da   _App_Proxy_Vector_Start
0000adbe   _App_Reset_Vector
00005c00   _App_Start
000051c0   _CRC_Size
0000fffe   __Boot_Reset
0000adc0   __Boot_Start
0000ff80   __Boot_VectorTable
0000fe00   __Flash_End
00005c00   __Flash_Start
00005c00   __STACK_END
000000a0   __STACK_SIZE
00000001   __TI_args_main
00000001   __TI_auto_init
00000001   __TI_exit
ffffffff   __binit__
00001c00   __bss__
ffffffff   __c_args__
0000adc0   __cinit__
0000c87a   __divul
00001ea7   __end__
ffffffff   __etext__
0000d57a   __mpyi_f5hw
0000d3b0   __mpyl_f5hw
ffffffff   __pinit__
0000c87a   __remul
ffffffff   __text__
0000c9c6   _auto_init
0000aec2   _c_int00
0000aec2   _c_int00_noexit
00001e9c   _cleanup_ptr
00001ea0   _dtors_ptr
00001e94   _lock
0000d734   _nop
0000fffe   _reset_vector
00005b60   _stack
0000d720   _system_pre_init
00001e98   _unlock
0000d724   abort
ffffffff   binit
0000adc0   cinit
00001ea7   end
0000d1a8   erase
ffffffff   etext
0000d778   image_0
0000d768   image_1
0000d77a   image_2
0000d77c   image_3
0000d77e   image_4
0000d752   image_Addr
0000cfde   main
0000d304   memcmp
0000d5f2   memcpy
0000d432   memmove
0000d5cc   memset
0000d76c   mrfiBroadcastAddr
0000d126   mrfiSpiBitClear
0000d152   mrfiSpiBitSet
0000d604   mrfiSpiCmdStrobe
0000cd78   mrfiSpiInit
0000d564   mrfiSpiRandomByte
0000cdb0   mrfiSpiReadReg
0000d6da   mrfiSpiReadRxFifo
0000cb5a   mrfiSpiWriteReg
0000d6e2   mrfiSpiWriteTxFifo
0000d728   nwk_NVObj
0000d492   nwk_QInit
0000ce82   nwk_QadjustOrder
0000b7a2   nwk_QfindOldest
0000c648   nwk_QfindSlot
0000bfaa   nwk_allocateLocalRxPort
0000d38e   nwk_buildAckReqFrame
0000c370   nwk_buildFrame
0000d1d2   nwk_checkConnInfo
0000d270   nwk_connectionControl
0000ceb4   nwk_deviceAddress
0000ca0c   nwk_findPeer
0000d452   nwk_frameInit
0000d702   nwk_freeConnection
0000d736   nwk_freqInit
0000d708   nwk_getBCastAddress
0000cee6   nwk_getConnInfo
0000d70e   nwk_getFWVersion
0000d616   nwk_getJoinToken
0000d628   nwk_getLinkToken
0000d63a   nwk_getMyAddress
0000d714   nwk_getMyRxType
0000c976   nwk_getNextConnection
0000d67e   nwk_getNumObjectFromMsg
0000d71a   nwk_getProtocolVersion
0000d4ce   nwk_globalsInit
0000c532   nwk_isConnectionValid
0000cad6   nwk_isLinkDuplicate
0000cccc   nwk_isValidReply
0000bce0   nwk_join
0000d506   nwk_joinInit
0000b3d2   nwk_link
0000cf18   nwk_linkInit
0000d6be   nwk_mgmtInit
0000c5c2   nwk_nwkInit
0000d6c8   nwk_pingInit
0000d72c   nwk_processFreq
0000d472   nwk_processJoin
0000d296   nwk_processLink
0000cd06   nwk_processMgmt
0000d1fc   nwk_processPing
0000d730   nwk_processSecurity
0000cc90   nwk_putNumObjectIntoMsg
0000c406   nwk_radioControl
0000d03e   nwk_rawReceive
0000c924   nwk_rawSend
0000c2ca   nwk_retrieveFrame
0000bdd8   nwk_retrieveFrame_ConnInfo
0000d738   nwk_securityInit
0000c49c   nwk_sendAckReply
0000d06e   nwk_sendFrame
0000d68c   nwk_setAPAddress
0000d64c   nwk_setJoinToken
0000d65e   nwk_setLinkToken
0000d4ea   nwk_setMyAddress
0000c086   nwk_unlink
ffffffff   pinit
00001e7e   rp_data
0000cf4a   save
0000d09e   savev2


GLOBAL SYMBOLS: SORTED BY Symbol Address 

address    name
--------   ----
00000001   __TI_args_main
00000001   __TI_auto_init
00000001   __TI_exit
000000a0   __STACK_SIZE
00000100   SFRIE1
00000100   SFRIE1_L
00000101   SFRIE1_H
00000102   SFRIFG1
00000102   SFRIFG1_L
00000103   SFRIFG1_H
00000104   SFRRPCR
00000104   SFRRPCR_L
00000105   SFRRPCR_H
00000120   PMMCTL0
00000120   PMMCTL0_L
00000121   PMMCTL0_H
00000122   PMMCTL1
00000122   PMMCTL1_L
00000123   PMMCTL1_H
00000124   SVSMHCTL
00000124   SVSMHCTL_L
00000125   SVSMHCTL_H
00000126   SVSMLCTL
00000126   SVSMLCTL_L
00000127   SVSMLCTL_H
00000128   SVSMIO
00000128   SVSMIO_L
00000129   SVSMIO_H
0000012c   PMMIFG
0000012c   PMMIFG_L
0000012d   PMMIFG_H
0000012e   PMMRIE
0000012e   PMMRIE_L
0000012f   PMMRIE_H
00000130   PM5CTL0
00000130   PM5CTL0_L
00000131   PM5CTL0_H
00000140   FCTL1
00000140   FCTL1_L
00000141   FCTL1_H
00000144   FCTL3
00000144   FCTL3_L
00000145   FCTL3_H
00000146   FCTL4
00000146   FCTL4_L
00000147   FCTL4_H
00000150   CRCDI
00000150   CRCDI_L
00000151   CRCDI_H
00000152   CRCDIRB
00000152   CRCDIRB_L
00000153   CRCDIRB_H
00000154   CRCINIRES
00000154   CRCINIRES_L
00000155   CRCINIRES_H
00000156   CRCRESR
00000156   CRCRESR_L
00000157   CRCRESR_H
00000158   RCCTL0
00000158   RCCTL0_L
00000159   RCCTL0_H
0000015c   WDTCTL
0000015c   WDTCTL_L
0000015d   WDTCTL_H
00000160   UCSCTL0
00000160   UCSCTL0_L
00000161   UCSCTL0_H
00000162   UCSCTL1
00000162   UCSCTL1_L
00000163   UCSCTL1_H
00000164   UCSCTL2
00000164   UCSCTL2_L
00000165   UCSCTL2_H
00000166   UCSCTL3
00000166   UCSCTL3_L
00000167   UCSCTL3_H
00000168   UCSCTL4
00000168   UCSCTL4_L
00000169   UCSCTL4_H
0000016a   UCSCTL5
0000016a   UCSCTL5_L
0000016b   UCSCTL5_H
0000016c   UCSCTL6
0000016c   UCSCTL6_L
0000016d   UCSCTL6_H
0000016e   UCSCTL7
0000016e   UCSCTL7_L
0000016f   UCSCTL7_H
00000170   UCSCTL8
00000170   UCSCTL8_L
00000171   UCSCTL8_H
00000180   SYSCTL
00000180   SYSCTL_L
00000181   SYSCTL_H
00000182   SYSBSLC
00000182   SYSBSLC_L
00000183   SYSBSLC_H
00000186   SYSJMBC
00000186   SYSJMBC_L
00000187   SYSJMBC_H
00000188   SYSJMBI0
00000188   SYSJMBI0_L
00000189   SYSJMBI0_H
0000018a   SYSJMBI1
0000018a   SYSJMBI1_L
0000018b   SYSJMBI1_H
0000018c   SYSJMBO0
0000018c   SYSJMBO0_L
0000018d   SYSJMBO0_H
0000018e   SYSJMBO1
0000018e   SYSJMBO1_L
0000018f   SYSJMBO1_H
00000198   SYSBERRIV
00000198   SYSBERRIV_L
00000199   SYSBERRIV_H
0000019a   SYSUNIV
0000019a   SYSUNIV_L
0000019b   SYSUNIV_H
0000019c   SYSSNIV
0000019c   SYSSNIV_L
0000019d   SYSSNIV_H
0000019e   SYSRSTIV
0000019e   SYSRSTIV_L
0000019f   SYSRSTIV_H
000001b0   REFCTL0
000001b0   REFCTL0_L
000001b1   REFCTL0_H
00000200   PAIN
00000200   PAIN_L
00000201   PAIN_H
00000202   PAOUT
00000202   PAOUT_L
00000203   PAOUT_H
00000204   PADIR
00000204   PADIR_L
00000205   PADIR_H
00000206   PAREN
00000206   PAREN_L
00000207   PAREN_H
00000208   PADS
00000208   PADS_L
00000209   PADS_H
0000020a   PASEL
0000020a   PASEL_L
0000020b   PASEL_H
0000020e   P1IV
00000218   PAIES
00000218   PAIES_L
00000219   PAIES_H
0000021a   PAIE
0000021a   PAIE_L
0000021b   PAIE_H
0000021c   PAIFG
0000021c   PAIFG_L
0000021d   PAIFG_H
0000021e   P2IV
00000220   PBIN
00000220   PBIN_L
00000221   PBIN_H
00000222   PBOUT
00000222   PBOUT_L
00000223   PBOUT_H
00000224   PBDIR
00000224   PBDIR_L
00000225   PBDIR_H
00000226   PBREN
00000226   PBREN_L
00000227   PBREN_H
00000228   PBDS
00000228   PBDS_L
00000229   PBDS_H
0000022a   PBSEL
0000022a   PBSEL_L
0000022b   PBSEL_H
00000240   PCIN
00000240   PCIN_L
00000241   PCIN_H
00000242   PCOUT
00000242   PCOUT_L
00000243   PCOUT_H
00000244   PCDIR
00000244   PCDIR_L
00000245   PCDIR_H
00000246   PCREN
00000246   PCREN_L
00000247   PCREN_H
00000248   PCDS
00000248   PCDS_L
00000249   PCDS_H
0000024a   PCSEL
0000024a   PCSEL_L
0000024b   PCSEL_H
00000260   PDIN
00000260   PDIN_L
00000261   PDIN_H
00000262   PDOUT
00000262   PDOUT_L
00000263   PDOUT_H
00000264   PDDIR
00000264   PDDIR_L
00000265   PDDIR_H
00000266   PDREN
00000266   PDREN_L
00000267   PDREN_H
00000268   PDDS
00000268   PDDS_L
00000269   PDDS_H
0000026a   PDSEL
0000026a   PDSEL_L
0000026b   PDSEL_H
00000280   PEIN
00000280   PEIN_L
00000281   PEIN_H
00000282   PEOUT
00000282   PEOUT_L
00000283   PEOUT_H
00000284   PEDIR
00000284   PEDIR_L
00000285   PEDIR_H
00000286   PEREN
00000286   PEREN_L
00000287   PEREN_H
00000288   PEDS
00000288   PEDS_L
00000289   PEDS_H
0000028a   PESEL
0000028a   PESEL_L
0000028b   PESEL_H
000002a0   PFIN
000002a0   PFIN_L
000002a1   PFIN_H
000002a2   PFOUT
000002a2   PFOUT_L
000002a3   PFOUT_H
000002a4   PFDIR
000002a4   PFDIR_L
000002a5   PFDIR_H
000002a6   PFREN
000002a6   PFREN_L
000002a7   PFREN_H
000002a8   PFDS
000002a8   PFDS_L
000002a9   PFDS_H
000002aa   PFSEL
000002aa   PFSEL_L
000002ab   PFSEL_H
00000320   PJIN
00000320   PJIN_L
00000321   PJIN_H
00000322   PJOUT
00000322   PJOUT_L
00000323   PJOUT_H
00000324   PJDIR
00000324   PJDIR_L
00000325   PJDIR_H
00000326   PJREN
00000326   PJREN_L
00000327   PJREN_H
00000328   PJDS
00000328   PJDS_L
00000329   PJDS_H
00000340   TA0CTL
00000342   TA0CCTL0
00000344   TA0CCTL1
00000346   TA0CCTL2
00000348   TA0CCTL3
0000034a   TA0CCTL4
00000350   TA0R
00000352   TA0CCR0
00000354   TA0CCR1
00000356   TA0CCR2
00000358   TA0CCR3
0000035a   TA0CCR4
00000360   TA0EX0
0000036e   TA0IV
00000380   TA1CTL
00000382   TA1CCTL0
00000384   TA1CCTL1
00000386   TA1CCTL2
00000390   TA1R
00000392   TA1CCR0
00000394   TA1CCR1
00000396   TA1CCR2
000003a0   TA1EX0
000003ae   TA1IV
000003c0   TB0CTL
000003c2   TB0CCTL0
000003c4   TB0CCTL1
000003c6   TB0CCTL2
000003c8   TB0CCTL3
000003ca   TB0CCTL4
000003cc   TB0CCTL5
000003ce   TB0CCTL6
000003d0   TB0R
000003d2   TB0CCR0
000003d4   TB0CCR1
000003d6   TB0CCR2
000003d8   TB0CCR3
000003da   TB0CCR4
000003dc   TB0CCR5
000003de   TB0CCR6
000003e0   TB0EX0
000003ee   TB0IV
000004a0   RTCCTL01
000004a0   RTCCTL01_L
000004a1   RTCCTL01_H
000004a2   RTCCTL23
000004a2   RTCCTL23_L
000004a3   RTCCTL23_H
000004a8   RTCPS0CTL
000004a8   RTCPS0CTL_L
000004a9   RTCPS0CTL_H
000004aa   RTCPS1CTL
000004aa   RTCPS1CTL_L
000004ab   RTCPS1CTL_H
000004ac   RTCPS
000004ac   RTCPS_L
000004ad   RTCPS_H
000004ae   RTCIV
000004b0   RTCTIM0
000004b0   RTCTIM0_L
000004b1   RTCTIM0_H
000004b2   RTCTIM1
000004b2   RTCTIM1_L
000004b3   RTCTIM1_H
000004b4   RTCDATE
000004b4   RTCDATE_L
000004b5   RTCDATE_H
000004b6   RTCYEAR
000004b6   RTCYEAR_L
000004b7   RTCYEAR_H
000004b8   RTCAMINHR
000004b8   RTCAMINHR_L
000004b9   RTCAMINHR_H
000004ba   RTCADOWDAY
000004ba   RTCADOWDAY_L
000004bb   RTCADOWDAY_H
000004c0   MPY
000004c0   MPY_L
000004c1   MPY_H
000004c2   MPYS
000004c2   MPYS_L
000004c3   MPYS_H
000004c4   MAC
000004c4   MAC_L
000004c5   MAC_H
000004c6   MACS
000004c6   MACS_L
000004c7   MACS_H
000004c8   OP2
000004c8   OP2_L
000004c9   OP2_H
000004ca   RESLO
000004ca   RESLO_L
000004cb   RESLO_H
000004cc   RESHI
000004cc   RESHI_L
000004cd   RESHI_H
000004ce   SUMEXT
000004ce   SUMEXT_L
000004cf   SUMEXT_H
000004d0   MPY32L
000004d0   MPY32L_L
000004d1   MPY32L_H
000004d2   MPY32H
000004d2   MPY32H_L
000004d3   MPY32H_H
000004d4   MPYS32L
000004d4   MPYS32L_L
000004d5   MPYS32L_H
000004d6   MPYS32H
000004d6   MPYS32H_L
000004d7   MPYS32H_H
000004d8   MAC32L
000004d8   MAC32L_L
000004d9   MAC32L_H
000004da   MAC32H
000004da   MAC32H_L
000004db   MAC32H_H
000004dc   MACS32L
000004dc   MACS32L_L
000004dd   MACS32L_H
000004de   MACS32H
000004de   MACS32H_L
000004df   MACS32H_H
000004e0   OP2L
000004e0   OP2L_L
000004e1   OP2L_H
000004e2   OP2H
000004e2   OP2H_L
000004e3   OP2H_H
000004e4   RES0
000004e4   RES0_L
000004e5   RES0_H
000004e6   RES1
000004e6   RES1_L
000004e7   RES1_H
000004e8   RES2
000004e8   RES2_L
000004e9   RES2_H
000004ea   RES3
000004ea   RES3_L
000004eb   RES3_H
000004ec   MPY32CTL0
000004ec   MPY32CTL0_L
000004ed   MPY32CTL0_H
00000500   DMACTL0
00000500   DMACTL0_L
00000501   DMACTL0_H
00000502   DMACTL1
00000502   DMACTL1_L
00000503   DMACTL1_H
00000504   DMACTL2
00000504   DMACTL2_L
00000505   DMACTL2_H
00000506   DMACTL3
00000506   DMACTL3_L
00000507   DMACTL3_H
00000508   DMACTL4
00000508   DMACTL4_L
00000509   DMACTL4_H
0000050e   DMAIV
0000050e   DMAIV_L
0000050f   DMAIV_H
00000510   DMA0CTL
00000510   DMA0CTL_L
00000511   DMA0CTL_H
00000512   DMA0SA
00000512   DMA0SAL
00000516   DMA0DA
00000516   DMA0DAL
0000051a   DMA0SZ
00000520   DMA1CTL
00000520   DMA1CTL_L
00000521   DMA1CTL_H
00000522   DMA1SA
00000522   DMA1SAL
00000526   DMA1DA
00000526   DMA1DAL
0000052a   DMA1SZ
00000530   DMA2CTL
00000530   DMA2CTL_L
00000531   DMA2CTL_H
00000532   DMA2SA
00000532   DMA2SAL
00000536   DMA2DA
00000536   DMA2DAL
0000053a   DMA2SZ
000005c0   UCA0CTLW0
000005c0   UCA0CTLW0_L
000005c1   UCA0CTLW0_H
000005c6   UCA0BRW
000005c6   UCA0BRW_L
000005c7   UCA0BRW_H
000005c8   UCA0MCTL
000005ca   UCA0STAT
000005cc   UCA0RXBUF
000005ce   UCA0TXBUF
000005d0   UCA0ABCTL
000005d2   UCA0IRCTL
000005d2   UCA0IRCTL_L
000005d3   UCA0IRCTL_H
000005dc   UCA0ICTL
000005dc   UCA0ICTL_L
000005dd   UCA0ICTL_H
000005de   UCA0IV
000005e0   UCB0CTLW0
000005e0   UCB0CTLW0_L
000005e1   UCB0CTLW0_H
000005e6   UCB0BRW
000005e6   UCB0BRW_L
000005e7   UCB0BRW_H
000005ea   UCB0STAT
000005ec   UCB0RXBUF
000005ee   UCB0TXBUF
000005f0   UCB0I2COA
000005f0   UCB0I2COA_L
000005f1   UCB0I2COA_H
000005f2   UCB0I2CSA
000005f2   UCB0I2CSA_L
000005f3   UCB0I2CSA_H
000005fc   UCB0ICTL
000005fc   UCB0ICTL_L
000005fd   UCB0ICTL_H
000005fe   UCB0IV
00000600   UCA1CTLW0
00000600   UCA1CTLW0_L
00000601   UCA1CTLW0_H
00000606   UCA1BRW
00000606   UCA1BRW_L
00000607   UCA1BRW_H
00000608   UCA1MCTL
0000060a   UCA1STAT
0000060c   UCA1RXBUF
0000060e   UCA1TXBUF
00000610   UCA1ABCTL
00000612   UCA1IRCTL
00000612   UCA1IRCTL_L
00000613   UCA1IRCTL_H
0000061c   UCA1ICTL
0000061c   UCA1ICTL_L
0000061d   UCA1ICTL_H
0000061e   UCA1IV
00000620   UCB1CTLW0
00000620   UCB1CTLW0_L
00000621   UCB1CTLW0_H
00000626   UCB1BRW
00000626   UCB1BRW_L
00000627   UCB1BRW_H
0000062a   UCB1STAT
0000062c   UCB1RXBUF
0000062e   UCB1TXBUF
00000630   UCB1I2COA
00000630   UCB1I2COA_L
00000631   UCB1I2COA_H
00000632   UCB1I2CSA
00000632   UCB1I2CSA_L
00000633   UCB1I2CSA_H
0000063c   UCB1ICTL
0000063c   UCB1ICTL_L
0000063d   UCB1ICTL_H
0000063e   UCB1IV
00000640   UCA2CTLW0
00000640   UCA2CTLW0_L
00000641   UCA2CTLW0_H
00000646   UCA2BRW
00000646   UCA2BRW_L
00000647   UCA2BRW_H
00000648   UCA2MCTL
0000064a   UCA2STAT
0000064c   UCA2RXBUF
0000064e   UCA2TXBUF
00000650   UCA2ABCTL
00000652   UCA2IRCTL
00000652   UCA2IRCTL_L
00000653   UCA2IRCTL_H
0000065c   UCA2ICTL
0000065c   UCA2ICTL_L
0000065d   UCA2ICTL_H
0000065e   UCA2IV
00000660   UCB2CTLW0
00000660   UCB2CTLW0_L
00000661   UCB2CTLW0_H
00000666   UCB2BRW
00000666   UCB2BRW_L
00000667   UCB2BRW_H
0000066a   UCB2STAT
0000066c   UCB2RXBUF
0000066e   UCB2TXBUF
00000670   UCB2I2COA
00000670   UCB2I2COA_L
00000671   UCB2I2COA_H
00000672   UCB2I2CSA
00000672   UCB2I2CSA_L
00000673   UCB2I2CSA_H
0000067c   UCB2ICTL
0000067c   UCB2ICTL_L
0000067d   UCB2ICTL_H
0000067e   UCB2IV
00000680   UCA3CTLW0
00000680   UCA3CTLW0_L
00000681   UCA3CTLW0_H
00000686   UCA3BRW
00000686   UCA3BRW_L
00000687   UCA3BRW_H
00000688   UCA3MCTL
0000068a   UCA3STAT
0000068c   UCA3RXBUF
0000068e   UCA3TXBUF
00000690   UCA3ABCTL
00000692   UCA3IRCTL
00000692   UCA3IRCTL_L
00000693   UCA3IRCTL_H
0000069c   UCA3ICTL
0000069c   UCA3ICTL_L
0000069d   UCA3ICTL_H
0000069e   UCA3IV
000006a0   UCB3CTLW0
000006a0   UCB3CTLW0_L
000006a1   UCB3CTLW0_H
000006a6   UCB3BRW
000006a6   UCB3BRW_L
000006a7   UCB3BRW_H
000006aa   UCB3STAT
000006ac   UCB3RXBUF
000006ae   UCB3TXBUF
000006b0   UCB3I2COA
000006b0   UCB3I2COA_L
000006b1   UCB3I2COA_H
000006b2   UCB3I2CSA
000006b2   UCB3I2CSA_L
000006b3   UCB3I2CSA_H
000006bc   UCB3ICTL
000006bc   UCB3ICTL_L
000006bd   UCB3ICTL_H
000006be   UCB3IV
00000700   ADC12CTL0
00000700   ADC12CTL0_L
00000701   ADC12CTL0_H
00000702   ADC12CTL1
00000702   ADC12CTL1_L
00000703   ADC12CTL1_H
00000704   ADC12CTL2
00000704   ADC12CTL2_L
00000705   ADC12CTL2_H
0000070a   ADC12IFG
0000070a   ADC12IFG_L
0000070b   ADC12IFG_H
0000070c   ADC12IE
0000070c   ADC12IE_L
0000070d   ADC12IE_H
0000070e   ADC12IV
0000070e   ADC12IV_L
0000070f   ADC12IV_H
00000710   ADC12MCTL0
00000711   ADC12MCTL1
00000712   ADC12MCTL2
00000713   ADC12MCTL3
00000714   ADC12MCTL4
00000715   ADC12MCTL5
00000716   ADC12MCTL6
00000717   ADC12MCTL7
00000718   ADC12MCTL8
00000719   ADC12MCTL9
0000071a   ADC12MCTL10
0000071b   ADC12MCTL11
0000071c   ADC12MCTL12
0000071d   ADC12MCTL13
0000071e   ADC12MCTL14
0000071f   ADC12MCTL15
00000720   ADC12MEM0
00000720   ADC12MEM0_L
00000721   ADC12MEM0_H
00000722   ADC12MEM1
00000722   ADC12MEM1_L
00000723   ADC12MEM1_H
00000724   ADC12MEM2
00000724   ADC12MEM2_L
00000725   ADC12MEM2_H
00000726   ADC12MEM3
00000726   ADC12MEM3_L
00000727   ADC12MEM3_H
00000728   ADC12MEM4
00000728   ADC12MEM4_L
00000729   ADC12MEM4_H
0000072a   ADC12MEM5
0000072a   ADC12MEM5_L
0000072b   ADC12MEM5_H
0000072c   ADC12MEM6
0000072c   ADC12MEM6_L
0000072d   ADC12MEM6_H
0000072e   ADC12MEM7
0000072e   ADC12MEM7_L
0000072f   ADC12MEM7_H
00000730   ADC12MEM8
00000730   ADC12MEM8_L
00000731   ADC12MEM8_H
00000732   ADC12MEM9
00000732   ADC12MEM9_L
00000733   ADC12MEM9_H
00000734   ADC12MEM10
00000734   ADC12MEM10_L
00000735   ADC12MEM10_H
00000736   ADC12MEM11
00000736   ADC12MEM11_L
00000737   ADC12MEM11_H
00000738   ADC12MEM12
00000738   ADC12MEM12_L
00000739   ADC12MEM12_H
0000073a   ADC12MEM13
0000073a   ADC12MEM13_L
0000073b   ADC12MEM13_H
0000073c   ADC12MEM14
0000073c   ADC12MEM14_L
0000073d   ADC12MEM14_H
0000073e   ADC12MEM15
0000073e   ADC12MEM15_L
0000073f   ADC12MEM15_H
00001c00   .bss
00001c00   __bss__
00001e7a   INFOMEM
00001e7c   START_LOC
00001e7e   rp_data
00001e94   _lock
00001e98   _unlock
00001e9c   _cleanup_ptr
00001ea0   _dtors_ptr
00001ea7   __end__
00001ea7   end
000051c0   _CRC_Size
00005b60   _stack
00005c00   _App_Start
00005c00   __Flash_Start
00005c00   __STACK_END
0000adbe   _App_Reset_Vector
0000adbf   _App_End
0000adc0   __Boot_Start
0000adc0   __cinit__
0000adc0   cinit
0000ae98   BSP_GpioPort1Isr
0000aec2   _c_int00
0000aec2   _c_int00_noexit
0000b3d2   nwk_link
0000b528   Mrfi_FiFoPIsr
0000b666   SMPL_Ioctl
0000b7a2   nwk_QfindOldest
0000b8c4   MRFI_Init
0000b9d6   MRFI_Transmit
0000bae4   BSP_InitBoard
0000bbe4   SMPL_SendOpt
0000bce0   nwk_join
0000bdd8   nwk_retrieveFrame_ConnInfo
0000becc   MRFI_WakeUp
0000bfaa   nwk_allocateLocalRxPort
0000c086   nwk_unlink
0000c2ca   nwk_retrieveFrame
0000c370   nwk_buildFrame
0000c406   nwk_radioControl
0000c49c   nwk_sendAckReply
0000c532   nwk_isConnectionValid
0000c5c2   nwk_nwkInit
0000c648   nwk_QfindSlot
0000c6c4   MRFI_SetRxAddrFilter
0000c7b6   SMPL_Receive_Src
0000c87a   __divul
0000c87a   __remul
0000c8d2   SetVCoreUp
0000c924   nwk_rawSend
0000c976   nwk_getNextConnection
0000c9c6   _auto_init
0000ca0c   nwk_findPeer
0000ca52   MRFI_Rssi
0000ca94   MRFI_SetLogicalChannel
0000cad6   nwk_isLinkDuplicate
0000cb5a   mrfiSpiWriteReg
0000cbd8   L_LSL_15
0000cbdc   L_LSL_14
0000cbe0   L_LSL_13
0000cbe4   L_LSL_12
0000cbe8   L_LSL_11
0000cbec   L_LSL_10
0000cbf0   L_LSL_9
0000cbf4   L_LSL_8
0000cbf8   L_LSL_7
0000cbfc   L_LSL_6
0000cc00   L_LSL_5
0000cc04   L_LSL_4
0000cc08   L_LSL_3
0000cc0c   L_LSL_2
0000cc10   L_LSL_1
0000cc16   L_LSR_15
0000cc1a   L_LSR_14
0000cc1e   L_LSR_13
0000cc22   L_LSR_12
0000cc26   L_LSR_11
0000cc2a   L_LSR_10
0000cc2e   L_LSR_9
0000cc32   L_LSR_8
0000cc36   L_LSR_7
0000cc3a   L_LSR_6
0000cc3e   L_LSR_5
0000cc42   L_LSR_4
0000cc46   L_LSR_3
0000cc4a   L_LSR_2
0000cc4e   L_LSR_1
0000cc54   MRFI_ReplyDelay
0000cc90   nwk_putNumObjectIntoMsg
0000cccc   nwk_isValidReply
0000cd06   nwk_processMgmt
0000cd40   MRFI_SetRFPwr
0000cd78   mrfiSpiInit
0000cdb0   mrfiSpiReadReg
0000cde8   SMPL_Init
0000ce82   nwk_QadjustOrder
0000ceb4   nwk_deviceAddress
0000cee6   nwk_getConnInfo
0000cf18   nwk_linkInit
0000cf4a   save
0000cfae   BSP_Delay
0000cfde   main
0000d03e   nwk_rawReceive
0000d06e   nwk_sendFrame
0000d09e   savev2
0000d0ce   SetVCore
0000d126   mrfiSpiBitClear
0000d152   mrfiSpiBitSet
0000d1a8   erase
0000d1d2   nwk_checkConnInfo
0000d1fc   nwk_processPing
0000d24a   SetVCoreDown
0000d270   nwk_connectionControl
0000d296   nwk_processLink
0000d304   memcmp
0000d328   MRFI_EnableRxAddrFilter
0000d34a   MRFI_RxOn
0000d38e   nwk_buildAckReqFrame
0000d3b0   __mpyl_f5hw
0000d3d2   BSP_Init
0000d3f2   MRFI_RxCompleteISR
0000d412   MRFI_RxIdle
0000d432   memmove
0000d452   nwk_frameInit
0000d472   nwk_processJoin
0000d492   nwk_QInit
0000d4ce   nwk_globalsInit
0000d4ea   nwk_setMyAddress
0000d506   nwk_joinInit
0000d520   MRFI_DelayMs
0000d538   MRFI_RandomByte
0000d564   mrfiSpiRandomByte
0000d57a   __mpyi_f5hw
0000d590   MRFI_DisableRxAddrFilter
0000d5a4   MRFI_Sleep
0000d5cc   memset
0000d5e0   BSP_InitLeds
0000d5f2   memcpy
0000d604   mrfiSpiCmdStrobe
0000d616   nwk_getJoinToken
0000d628   nwk_getLinkToken
0000d63a   nwk_getMyAddress
0000d64c   nwk_setJoinToken
0000d65e   nwk_setLinkToken
0000d670   MRFI_Receive
0000d67e   nwk_getNumObjectFromMsg
0000d68c   nwk_setAPAddress
0000d69a   MRFI_PostKillSem
0000d6be   nwk_mgmtInit
0000d6c8   nwk_pingInit
0000d6d2   SMPL_Send
0000d6da   mrfiSpiReadRxFifo
0000d6e2   mrfiSpiWriteTxFifo
0000d6ea   BSP_InitDrivers
0000d6f0   MRFI_GetRadioState
0000d6f6   SMPL_Link
0000d6fc   SMPL_Unlink
0000d702   nwk_freeConnection
0000d708   nwk_getBCastAddress
0000d70e   nwk_getFWVersion
0000d714   nwk_getMyRxType
0000d71a   nwk_getProtocolVersion
0000d720   _system_pre_init
0000d724   C$$EXIT
0000d724   abort
0000d728   nwk_NVObj
0000d72c   nwk_processFreq
0000d730   nwk_processSecurity
0000d734   _nop
0000d736   nwk_freqInit
0000d738   nwk_securityInit
0000d752   image_Addr
0000d768   image_1
0000d76c   mrfiBroadcastAddr
0000d778   image_0
0000d77a   image_2
0000d77c   image_3
0000d77e   image_4
0000f9da   _App_Proxy_Vector_Start
0000fe00   __Flash_End
0000ff80   __Boot_VectorTable
0000fffe   __Boot_Reset
0000fffe   _reset_vector
ffffffff   .text
ffffffff   __binit__
ffffffff   __c_args__
ffffffff   __etext__
ffffffff   __pinit__
ffffffff   __text__
ffffffff   binit
ffffffff   etext
ffffffff   pinit

[870 symbols]
