******************************************************************************
                  MSP430 Linker PC v3.3.3                      
******************************************************************************
>> Linked Fri Nov 20 14:35:16 2015

OUTPUT FILE NAME:   <Project.out>
ENTRY POINT SYMBOL: "_c_int00"  address: 00005d32


MEMORY CONFIGURATION

         name            origin    length      used     unused   attr    fill
----------------------  --------  ---------  --------  --------  ----  --------
  SFR                   00000000   00000010  00000000  00000010  RWIX
  PERIPHERALS_8BIT      00000010   000000f0  00000000  000000f0  RWIX
  PERIPHERALS_16BIT     00000100   00000100  00000000  00000100  RWIX
  INFOD                 00001800   00000080  00000000  00000080  RWIX
  INFOC                 00001880   00000080  00000000  00000080  RWIX
  INFOB                 00001900   00000080  00000002  0000007e  RWIX
  INFOA                 00001980   00000080  00000000  00000080  RWIX
  RAM                   00001c00   00004000  00000d53  000032ad  RWIX
  INT00                 00005c00   00000002  00000000  00000002  RWIX
  INT01                 00005c02   00000002  00000000  00000002  RWIX
  INT02                 00005c04   00000002  00000000  00000002  RWIX
  INT03                 00005c06   00000002  00000000  00000002  RWIX
  INT04                 00005c08   00000002  00000000  00000002  RWIX
  INT05                 00005c0a   00000002  00000000  00000002  RWIX
  INT06                 00005c0c   00000002  00000000  00000002  RWIX
  INT07                 00005c0e   00000002  00000000  00000002  RWIX
  INT08                 00005c10   00000002  00000000  00000002  RWIX
  INT09                 00005c12   00000002  00000000  00000002  RWIX
  INT10                 00005c14   00000002  00000000  00000002  RWIX
  INT11                 00005c16   00000002  00000000  00000002  RWIX
  INT12                 00005c18   00000002  00000000  00000002  RWIX
  INT13                 00005c1a   00000002  00000000  00000002  RWIX
  INT14                 00005c1c   00000002  00000000  00000002  RWIX
  INT15                 00005c1e   00000002  00000000  00000002  RWIX
  INT16                 00005c20   00000002  00000000  00000002  RWIX
  INT17                 00005c22   00000002  00000000  00000002  RWIX
  INT18                 00005c24   00000002  00000000  00000002  RWIX
  INT19                 00005c26   00000002  00000000  00000002  RWIX
  INT20                 00005c28   00000002  00000000  00000002  RWIX
  INT21                 00005c2a   00000002  00000000  00000002  RWIX
  INT22                 00005c2c   00000002  00000000  00000002  RWIX
  INT23                 00005c2e   00000002  00000000  00000002  RWIX
  INT24                 00005c30   00000002  00000000  00000002  RWIX
  INT25                 00005c32   00000002  00000000  00000002  RWIX
  INT26                 00005c34   00000002  00000000  00000002  RWIX
  INT27                 00005c36   00000002  00000000  00000002  RWIX
  INT28                 00005c38   00000002  00000000  00000002  RWIX
  INT29                 00005c3a   00000002  00000000  00000002  RWIX
  INT30                 00005c3c   00000002  00000000  00000002  RWIX
  INT31                 00005c3e   00000002  00000000  00000002  RWIX
  INT32                 00005c40   00000002  00000000  00000002  RWIX
  INT33                 00005c42   00000002  00000000  00000002  RWIX
  INT34                 00005c44   00000002  00000000  00000002  RWIX
  INT35                 00005c46   00000002  00000000  00000002  RWIX
  INT36                 00005c48   00000002  00000000  00000002  RWIX
  INT37                 00005c4a   00000002  00000000  00000002  RWIX
  INT38                 00005c4c   00000002  00000000  00000002  RWIX
  INT39                 00005c4e   00000002  00000000  00000002  RWIX
  INT40                 00005c50   00000002  00000000  00000002  RWIX
  INT41                 00005c52   00000002  00000002  00000000  RWIX
  INT42                 00005c54   00000002  00000000  00000002  RWIX
  INT43                 00005c56   00000002  00000000  00000002  RWIX
  INT44                 00005c58   00000002  00000000  00000002  RWIX
  INT45                 00005c5a   00000002  00000000  00000002  RWIX
  INT46                 00005c5c   00000002  00000002  00000000  RWIX
  INT47                 00005c5e   00000002  00000002  00000000  RWIX
  INT48                 00005c60   00000002  00000000  00000002  RWIX
  INT49                 00005c62   00000002  00000000  00000002  RWIX
  INT50                 00005c64   00000002  00000002  00000000  RWIX
  INT51                 00005c66   00000002  00000000  00000002  RWIX
  INT52                 00005c68   00000002  00000000  00000002  RWIX
  INT53                 00005c6a   00000002  00000000  00000002  RWIX
  INT54                 00005c6c   00000002  00000000  00000002  RWIX
  INT55                 00005c6e   00000002  00000000  00000002  RWIX
  INT56                 00005c70   00000002  00000000  00000002  RWIX
  INT57                 00005c72   00000002  00000000  00000002  RWIX
  INT58                 00005c74   00000002  00000002  00000000  RWIX
  INT59                 00005c76   00000002  00000000  00000002  RWIX
  INT60                 00005c78   00000002  00000002  00000000  RWIX
  INT61                 00005c7a   00000002  00000000  00000002  RWIX
  INT62                 00005c7c   00000002  00000000  00000002  RWIX
  RESET                 00005c7e   00000002  00000002  00000000  RWIX
  FLASH                 00005c80   00005140  00002b90  000025b0  RWIX
  BRINTVEC              0000fe00   00000180  00000000  00000180  RWIX
  MAININTVEC            0000ff80   00000080  00000000  00000080  RWIX
  FLASH2                00010000   00015c00  00000000  00015c00  RWIX


SECTION ALLOCATION MAP

 output                                  attributes/
section   page    origin      length       input sections
--------  ----  ----------  ----------   ----------------
.pinit     0    00005c80    00000000     UNINITIALIZED

.rstdata   0    00001900    00000002     UNINITIALIZED
                  00001900    00000002     main_manyEDs.obj (.rstdata)

.bss       0    00001c00    00000cb3     UNINITIALIZED
                  00001c00    00000914     main_manyEDs.obj (.bss)
                  00002514    000001bc     nwk_QMgmt.obj (.bss)
                  000026d0    00000102     usb.obj (.bss)
                  000027d2    0000007d     mrfi.obj (.bss)
                  0000284f    00000029     nwk.obj (.bss)
                  00002878    0000000a     nwk_frame.obj (.bss)
                  00002882    0000000a     nwk_link.obj (.bss)
                  0000288c    00000009     nwk_globals.obj (.bss)
                  00002895    00000001     nwk_api.obj (.bss)
                  00002896    00000009     nwk_join.obj (.bss)
                  0000289f    00000001     nwk_ping.obj (.bss)
                  000028a0    00000008     rts430x.lib : _lock.obj (.bss)
                  000028a8    00000008                 : boot.obj (.bss)
                  000028b0    00000003     nwk_mgmt.obj (.bss)

.stack     0    00005b60    000000a0     UNINITIALIZED
                  00005b60    00000002     rts430x.lib : boot.obj (.stack)
                  00005b62    0000009e     --HOLE--

.int41     0    00005c52    00000002     
                  00005c52    00000002     bsp_rtc.obj (.int41)

.int46     0    00005c5c    00000002     
                  00005c5c    00000002     usb.obj (.int46)

.int47     0    00005c5e    00000002     
                  00005c5e    00000002     mrfi.obj (.int47)

.int50     0    00005c64    00000002     
                  00005c64    00000002     main_manyEDs.obj (.int50)

.int58     0    00005c74    00000002     
                  00005c74    00000002     main_manyEDs.obj (.int58)

.int60     0    00005c78    00000002     
                  00005c78    00000002     main_manyEDs.obj (.int60)

.reset     0    00005c7e    00000002     
                  00005c7e    00000002     rts430x.lib : boot.obj (.reset)

.text:_isr 
*          0    00005c80    00000154     
                  00005c80    000000b2     main_manyEDs.obj (.text:_isr:DMA_ISR)
                  00005d32    0000002a     rts430x.lib : boot.obj (.text:_isr:_c_int00_noexit)
                  00005d5c    0000001e     bsp_rtc.obj (.text:_isr:RTC_ISR)
                  00005d7a    0000001e     main_manyEDs.obj (.text:_isr:watchdog_timer)
                  00005d98    0000001a     mrfi.obj (.text:_isr:BSP_GpioPort1Isr)
                  00005db2    0000001a     usb.obj (.text:_isr:USCI_A1_ISR)
                  00005dcc    00000008     main_manyEDs.obj (.text:_isr:TIMER0_B0_VECTOR_ISR)

.cinit     0    00005dd4    00000102     
                  00005dd4    00000042     main_manyEDs.obj (.cinit)
                  00005e16    0000003d     mrfi.obj (.cinit)
                  00005e53    00000001     --HOLE-- [fill = 0]
                  00005e54    00000020     nwk_frame.obj (.cinit)
                  00005e74    00000019     nwk_link.obj (.cinit)
                  00005e8d    00000001     --HOLE-- [fill = 0]
                  00005e8e    00000015     nwk_join.obj (.cinit)
                  00005ea3    00000001     --HOLE-- [fill = 0]
                  00005ea4    0000000b     nwk_mgmt.obj (.cinit)
                  00005eaf    00000001     --HOLE-- [fill = 0]
                  00005eb0    0000000b     usb.obj (.cinit)
                  00005ebb    00000001     --HOLE-- [fill = 0]
                  00005ebc    00000005     nwk.obj (.cinit)
                  00005ec1    00000001     --HOLE-- [fill = 0]
                  00005ec2    00000005     nwk_api.obj (.cinit)
                  00005ec7    00000001     --HOLE-- [fill = 0]
                  00005ec8    00000005     nwk_globals.obj (.cinit)
                  00005ecd    00000001     --HOLE-- [fill = 0]
                  00005ece    00000005     nwk_ping.obj (.cinit)
                  00005ed3    00000001     --HOLE-- [fill = 0]
                  00005ed4    00000002     (.pad.cinit) [fill = 0]

.text      0    00005ed6    0000290a     
                  00005ed6    000002f0     main_manyEDs.obj (.text:linkTo)
                  000061c6    0000018e     nwk_link.obj (.text:smpl_send_link_reply)
                  00006354    00000156     nwk_link.obj (.text:nwk_link)
                  000064aa    0000013e     mrfi.obj (.text:Mrfi_FiFoPIsr)
                  000065e8    0000013c     nwk_api.obj (.text:SMPL_Ioctl)
                  00006724    00000122     nwk_QMgmt.obj (.text:nwk_QfindOldest)
                  00006846    00000112     mrfi.obj (.text:MRFI_Init)
                  00006958    0000010e     mrfi.obj (.text:MRFI_Transmit)
                  00006a66    00000100     bsp.obj (.text:BSP_InitBoard)
                  00006b66    000000fc     nwk_api.obj (.text:SMPL_SendOpt)
                  00006c62    000000fc     main_manyEDs.obj (.text:Sleep_command)
                  00006d5e    000000f8     nwk_join.obj (.text:nwk_join)
                  00006e56    000000f4     main_manyEDs.obj (.text:AccelerometerInit)
                  00006f4a    000000f4     nwk_frame.obj (.text:nwk_retrieveFrame_ConnInfo)
                  0000703e    000000de     mrfi.obj (.text:MRFI_WakeUp)
                  0000711c    000000dc     nwk.obj (.text:nwk_allocateLocalRxPort)
                  000071f8    000000d8     nwk_link.obj (.text:nwk_unlink)
                  000072d0    000000ae     nwk_frame.obj (.text:dispatchFrame)
                  0000737e    000000a6     nwk_frame.obj (.text:nwk_retrieveFrame)
                  00007424    00000096     nwk_frame.obj (.text:nwk_buildFrame)
                  000074ba    00000096     nwk_ioctl.obj (.text:nwk_radioControl)
                  00007550    00000096     nwk_frame.obj (.text:nwk_sendAckReply)
                  000075e6    00000090     nwk.obj (.text:nwk_isConnectionValid)
                  00007676    00000086     nwk.obj (.text:nwk_nwkInit)
                  000076fc    0000007c     nwk_QMgmt.obj (.text:nwk_QfindSlot)
                  00007778    0000007a     mrfi.obj (.text:MRFI_SetRxAddrFilter)
                  000077f2    00000078     mrfi.obj (.text:spiFifoAccess)
                  0000786a    00000062     nwk_api.obj (.text:SMPL_Receive_Src)
                  000078cc    00000062     nwk_link.obj (.text:smpl_send_unlink_reply)
                  0000792e    00000058     rts430x.lib : div32u.obj (.text)
                  00007986    00000056     main_manyEDs.obj (.text:reprogram)
                  000079dc    00000052     bsp.obj (.text:SetVCoreUp)
                  00007a2e    00000052     main_manyEDs.obj (.text:main)
                  00007a80    00000052     nwk_ioctl.obj (.text:nwk_rawSend)
                  00007ad2    00000050     nwk.obj (.text:nwk_getNextConnection)
                  00007b22    00000046     rts430x.lib : autoinit.obj (.text:_auto_init)
                  00007b68    00000046     nwk.obj (.text:nwk_findPeer)
                  00007bae    00000042     mrfi.obj (.text:MRFI_Rssi)
                  00007bf0    00000042     mrfi.obj (.text:MRFI_SetLogicalChannel)
                  00007c32    00000042     nwk.obj (.text:nwk_isLinkDuplicate)
                  00007c74    00000042     nwk_ping.obj (.text:smpl_send_ping_reply)
                  00007cb6    00000040     mrfi.obj (.text:mrfiSpiWriteReg)
                  00007cf6    0000003e     nwk.obj (.text:initializeConnection)
                  00007d34    0000003c     mrfi.obj (.text:MRFI_ReplyDelay)
                  00007d70    0000003c     nwk.obj (.text:nwk_putNumObjectIntoMsg)
                  00007dac    0000003a     nwk.obj (.text:nwk_isValidReply)
                  00007de6    0000003a     nwk_mgmt.obj (.text:nwk_processMgmt)
                  00007e20    0000003a     main_manyEDs.obj (.text:turnAccOn)
                  00007e5a    00000038     mrfi.obj (.text:MRFI_SetRFPwr)
                  00007e92    00000038     mrfi.obj (.text:mrfiSpiInit)
                  00007eca    00000038     mrfi.obj (.text:mrfiSpiReadReg)
                  00007f02    00000034     nwk_api.obj (.text:SMPL_Init)
                  00007f36    00000034     mrfi.obj (.text:spiSendBytes)
                  00007f6a    00000032     mrfi.obj (.text:Mrfi_RxModeOff)
                  00007f9c    00000032     nwk_QMgmt.obj (.text:nwk_QadjustOrder)
                  00007fce    00000032     nwk_ioctl.obj (.text:nwk_deviceAddress)
                  00008000    00000032     nwk.obj (.text:nwk_getConnInfo)
                  00008032    00000032     nwk_link.obj (.text:nwk_linkInit)
                  00008064    00000032     mrfi.obj (.text:spiWriteRamByte)
                  00008096    00000030     bsp.obj (.text:BSP_Delay)
                  000080c6    00000030     nwk.obj (.text:map_lid2idx)
                  000080f6    00000030     nwk_ioctl.obj (.text:nwk_rawReceive)
                  00008126    00000030     nwk_frame.obj (.text:nwk_sendFrame)
                  00008156    0000002c     bsp.obj (.text:SetVCore)
                  00008182    0000002c     nwk_link.obj (.text:handleLinkRequest)
                  000081ae    0000002c     mrfi.obj (.text:mrfiSpiBitClear)
                  000081da    0000002c     mrfi.obj (.text:mrfiSpiBitSet)
                  00008206    0000002a     mrfi.obj (.text:Mrfi_DelayUsecSem)
                  00008230    0000002a     nwk.obj (.text:nwk_checkConnInfo)
                  0000825a    0000002a     bsp_rtc.obj (.text:setupRTC)
                  00008284    00000028     nwk_ping.obj (.text:nwk_processPing)
                  000082ac    00000026     mrfi.obj (.text:Mrfi_TurnOnRadioPower)
                  000082d2    00000026     bsp.obj (.text:SetVCoreDown)
                  000082f8    00000026     nwk_ioctl.obj (.text:nwk_connectionControl)
                  0000831e    00000026     nwk_link.obj (.text:nwk_processLink)
                  00008344    00000024     mrfi.obj (.text:Mrfi_DelayUsec)
                  00008368    00000024     mrfi.obj (.text:Mrfi_RandomBackoffDelay)
                  0000838c    00000024     rts430x.lib : memcmp.obj (.text:memcmp)
                  000083b0    00000022     mrfi.obj (.text:MRFI_EnableRxAddrFilter)
                  000083d2    00000022     mrfi.obj (.text:MRFI_RxOn)
                  000083f4    00000022     mrfi.obj (.text:Mrfi_CalculateRssi)
                  00008416    00000022     nwk_frame.obj (.text:nwk_buildAckReqFrame)
                  00008438    00000020     bsp.obj (.text:BSP_Init)
                  00008458    00000020     nwk_frame.obj (.text:MRFI_RxCompleteISR)
                  00008478    00000020     mrfi.obj (.text:MRFI_RxIdle)
                  00008498    00000020     rts430x.lib : memmov.obj (.text:memmove)
                  000084b8    00000020     nwk_frame.obj (.text:nwk_frameInit)
                  000084d8    00000020     nwk_join.obj (.text:nwk_processJoin)
                  000084f8    0000001e     nwk_QMgmt.obj (.text:nwk_QInit)
                  00008516    0000001e     main_manyEDs.obj (.text:sCB)
                  00008534    0000001c     nwk_globals.obj (.text:nwk_globalsInit)
                  00008550    0000001c     nwk_globals.obj (.text:nwk_setMyAddress)
                  0000856c    0000001a     nwk_join.obj (.text:nwk_joinInit)
                  00008586    00000018     mrfi.obj (.text:MRFI_DelayMs)
                  0000859e    00000016     mrfi.obj (.text:MRFI_RandomByte)
                  000085b4    00000016     mrfi.obj (.text:Mrfi_RxModeOn)
                  000085ca    00000016     mrfi.obj (.text:mrfiSpiRandomByte)
                  000085e0    00000016     rts430x.lib : mult16_f5hw.obj (.text)
                  000085f6    00000014     mrfi.obj (.text:MRFI_DisableRxAddrFilter)
                  0000860a    00000014     mrfi.obj (.text:MRFI_Sleep)
                  0000861e    00000014     nwk_api.obj (.text:ioctlPreInitAccessIsOK)
                  00008632    00000014     rts430x.lib : memset.obj (.text:memset)
                  00008646    00000014     main_manyEDs.obj (.text:toggleLED)
                  0000865a    00000014     main_manyEDs.obj (.text:turnAccOff)
                  0000866e    00000012     bsp.obj (.text:BSP_InitLeds)
                  00008680    00000012     rts430x.lib : memcpy.obj (.text:memcpy)
                  00008692    00000012     mrfi.obj (.text:mrfiSpiCmdStrobe)
                  000086a4    00000012     nwk_join.obj (.text:nwk_getJoinToken)
                  000086b6    00000012     nwk_link.obj (.text:nwk_getLinkToken)
                  000086c8    00000012     nwk_globals.obj (.text:nwk_getMyAddress)
                  000086da    00000012     nwk_join.obj (.text:nwk_setJoinToken)
                  000086ec    00000012     nwk_link.obj (.text:nwk_setLinkToken)
                  000086fe    0000000e     mrfi.obj (.text:MRFI_Receive)
                  0000870c    0000000e     nwk.obj (.text:nwk_getNumObjectFromMsg)
                  0000871a    0000000e     nwk_globals.obj (.text:nwk_setAPAddress)
                  00008728    0000000c     mrfi.obj (.text:MRFI_PostKillSem)
                  00008734    0000000c     mrfi.obj (.text:Mrfi_TurnOffRadioPower)
                  00008740    0000000c     nwk_ping.obj (.text:handlePingRequest)
                  0000874c    0000000a     nwk_mgmt.obj (.text:nwk_mgmtInit)
                  00008756    0000000a     nwk_ping.obj (.text:nwk_pingInit)
                  00008760    00000008     nwk_api.obj (.text:SMPL_Send)
                  00008768    00000008     mrfi.obj (.text:mrfiSpiReadRxFifo)
                  00008770    00000008     mrfi.obj (.text:mrfiSpiWriteTxFifo)
                  00008778    00000006     bsp.obj (.text:BSP_InitDrivers)
                  0000877e    00000006     mrfi.obj (.text:MRFI_GetRadioState)
                  00008784    00000006     nwk_api.obj (.text:SMPL_Link)
                  0000878a    00000006     nwk_api.obj (.text:SMPL_Unlink)
                  00008790    00000006     bsp_rtc.obj (.text:getRTCNT1)
                  00008796    00000006     bsp_rtc.obj (.text:getRTCNT2)
                  0000879c    00000006     bsp_rtc.obj (.text:getRTCNT3)
                  000087a2    00000006     bsp_rtc.obj (.text:getRTCNT4)
                  000087a8    00000006     nwk.obj (.text:nwk_freeConnection)
                  000087ae    00000006     nwk_globals.obj (.text:nwk_getBCastAddress)
                  000087b4    00000006     nwk_globals.obj (.text:nwk_getFWVersion)
                  000087ba    00000006     nwk_frame.obj (.text:nwk_getMyRxType)
                  000087c0    00000006     nwk_globals.obj (.text:nwk_getProtocolVersion)
                  000087c6    00000004     rts430x.lib : pre_init.obj (.text:_system_pre_init)
                  000087ca    00000004                 : exit.obj (.text:abort)
                  000087ce    00000004     nwk.obj (.text:nwk_NVObj)
                  000087d2    00000004     nwk_freq.obj (.text:nwk_processFreq)
                  000087d6    00000004     nwk_security.obj (.text:nwk_processSecurity)
                  000087da    00000002     rts430x.lib : _lock.obj (.text:_nop)
                  000087dc    00000002     nwk_freq.obj (.text:nwk_freqInit)
                  000087de    00000002     nwk_security.obj (.text:nwk_securityInit)

.const     0    000087e0    00000030     
                  000087e0    00000018     nwk_frame.obj (.const:func)
                  000087f8    00000009     nwk_globals.obj (.const)
                  00008801    00000001     --HOLE-- [fill = 0]
                  00008802    00000004     mrfi.obj (.const:mrfiBroadcastAddr)
                  00008806    00000004     mrfi.obj (.const:mrfiLogicalChanTable)
                  0000880a    00000003     mrfi.obj (.const:mrfiRFPowerTable)
                  0000880d    00000001     --HOLE-- [fill = 0]
                  0000880e    00000002     main_manyEDs.obj (.const)


GLOBAL SYMBOLS: SORTED ALPHABETICALLY BY Name 

address    name
--------   ----
00001c00   .bss
ffffffff   .text
00000700   ADC12CTL0
00000701   ADC12CTL0_H
00000700   ADC12CTL0_L
00000702   ADC12CTL1
00000703   ADC12CTL1_H
00000702   ADC12CTL1_L
00000704   ADC12CTL2
00000705   ADC12CTL2_H
00000704   ADC12CTL2_L
0000070c   ADC12IE
0000070d   ADC12IE_H
0000070c   ADC12IE_L
0000070a   ADC12IFG
0000070b   ADC12IFG_H
0000070a   ADC12IFG_L
0000070e   ADC12IV
0000070f   ADC12IV_H
0000070e   ADC12IV_L
00000710   ADC12MCTL0
00000711   ADC12MCTL1
0000071a   ADC12MCTL10
0000071b   ADC12MCTL11
0000071c   ADC12MCTL12
0000071d   ADC12MCTL13
0000071e   ADC12MCTL14
0000071f   ADC12MCTL15
00000712   ADC12MCTL2
00000713   ADC12MCTL3
00000714   ADC12MCTL4
00000715   ADC12MCTL5
00000716   ADC12MCTL6
00000717   ADC12MCTL7
00000718   ADC12MCTL8
00000719   ADC12MCTL9
00000720   ADC12MEM0
00000721   ADC12MEM0_H
00000720   ADC12MEM0_L
00000722   ADC12MEM1
00000734   ADC12MEM10
00000735   ADC12MEM10_H
00000734   ADC12MEM10_L
00000736   ADC12MEM11
00000737   ADC12MEM11_H
00000736   ADC12MEM11_L
00000738   ADC12MEM12
00000739   ADC12MEM12_H
00000738   ADC12MEM12_L
0000073a   ADC12MEM13
0000073b   ADC12MEM13_H
0000073a   ADC12MEM13_L
0000073c   ADC12MEM14
0000073d   ADC12MEM14_H
0000073c   ADC12MEM14_L
0000073e   ADC12MEM15
0000073f   ADC12MEM15_H
0000073e   ADC12MEM15_L
00000723   ADC12MEM1_H
00000722   ADC12MEM1_L
00000724   ADC12MEM2
00000725   ADC12MEM2_H
00000724   ADC12MEM2_L
00000726   ADC12MEM3
00000727   ADC12MEM3_H
00000726   ADC12MEM3_L
00000728   ADC12MEM4
00000729   ADC12MEM4_H
00000728   ADC12MEM4_L
0000072a   ADC12MEM5
0000072b   ADC12MEM5_H
0000072a   ADC12MEM5_L
0000072c   ADC12MEM6
0000072d   ADC12MEM6_H
0000072c   ADC12MEM6_L
0000072e   ADC12MEM7
0000072f   ADC12MEM7_H
0000072e   ADC12MEM7_L
00000730   ADC12MEM8
00000731   ADC12MEM8_H
00000730   ADC12MEM8_L
00000732   ADC12MEM9
00000733   ADC12MEM9_H
00000732   ADC12MEM9_L
00006e56   AccelerometerInit
00002512   AcceloON
00008096   BSP_Delay
00005d98   BSP_GpioPort1Isr
00008438   BSP_Init
00006a66   BSP_InitBoard
00008778   BSP_InitDrivers
0000866e   BSP_InitLeds
000027d0   BufferSize
00002406   BufferT
00001c06   BufferX
00002006   BufferZ
000087ca   C$$EXIT
00000150   CRCDI
00000152   CRCDIRB
00000153   CRCDIRB_H
00000152   CRCDIRB_L
00000151   CRCDI_H
00000150   CRCDI_L
00000154   CRCINIRES
00000155   CRCINIRES_H
00000154   CRCINIRES_L
00000156   CRCRESR
00000157   CRCRESR_H
00000156   CRCRESR_L
000027d1   CmdComplete
00000510   DMA0CTL
00000511   DMA0CTL_H
00000510   DMA0CTL_L
00000516   DMA0DA
00000516   DMA0DAL
00000512   DMA0SA
00000512   DMA0SAL
0000051a   DMA0SZ
00000520   DMA1CTL
00000521   DMA1CTL_H
00000520   DMA1CTL_L
00000526   DMA1DA
00000526   DMA1DAL
00000522   DMA1SA
00000522   DMA1SAL
0000052a   DMA1SZ
00000530   DMA2CTL
00000531   DMA2CTL_H
00000530   DMA2CTL_L
00000536   DMA2DA
00000536   DMA2DAL
00000532   DMA2SA
00000532   DMA2SAL
0000053a   DMA2SZ
00000500   DMACTL0
00000501   DMACTL0_H
00000500   DMACTL0_L
00000502   DMACTL1
00000503   DMACTL1_H
00000502   DMACTL1_L
00000504   DMACTL2
00000505   DMACTL2_H
00000504   DMACTL2_L
00000506   DMACTL3
00000507   DMACTL3_H
00000506   DMACTL3_L
00000508   DMACTL4
00000509   DMACTL4_H
00000508   DMACTL4_L
0000050e   DMAIV
0000050f   DMAIV_H
0000050e   DMAIV_L
00005c80   DMA_ISR
0000250c   DMAsegments
00000140   FCTL1
00000141   FCTL1_H
00000140   FCTL1_L
00000144   FCTL3
00000145   FCTL3_H
00000144   FCTL3_L
00000146   FCTL4
00000147   FCTL4_H
00000146   FCTL4_L
000004c4   MAC
000004da   MAC32H
000004db   MAC32H_H
000004da   MAC32H_L
000004d8   MAC32L
000004d9   MAC32L_H
000004d8   MAC32L_L
000004c6   MACS
000004de   MACS32H
000004df   MACS32H_H
000004de   MACS32H_L
000004dc   MACS32L
000004dd   MACS32L_H
000004dc   MACS32L_L
000004c7   MACS_H
000004c6   MACS_L
000004c5   MAC_H
000004c4   MAC_L
000004c0   MPY
000004ec   MPY32CTL0
000004ed   MPY32CTL0_H
000004ec   MPY32CTL0_L
000004d2   MPY32H
000004d3   MPY32H_H
000004d2   MPY32H_L
000004d0   MPY32L
000004d1   MPY32L_H
000004d0   MPY32L_L
000004c2   MPYS
000004d6   MPYS32H
000004d7   MPYS32H_H
000004d6   MPYS32H_L
000004d4   MPYS32L
000004d5   MPYS32L_H
000004d4   MPYS32L_L
000004c3   MPYS_H
000004c2   MPYS_L
000004c1   MPY_H
000004c0   MPY_L
00008586   MRFI_DelayMs
000085f6   MRFI_DisableRxAddrFilter
000083b0   MRFI_EnableRxAddrFilter
0000877e   MRFI_GetRadioState
00006846   MRFI_Init
00008728   MRFI_PostKillSem
0000859e   MRFI_RandomByte
000086fe   MRFI_Receive
00007d34   MRFI_ReplyDelay
00007bae   MRFI_Rssi
00008458   MRFI_RxCompleteISR
00008478   MRFI_RxIdle
000083d2   MRFI_RxOn
00007bf0   MRFI_SetLogicalChannel
00007e5a   MRFI_SetRFPwr
00007778   MRFI_SetRxAddrFilter
0000860a   MRFI_Sleep
00006958   MRFI_Transmit
0000703e   MRFI_WakeUp
000064aa   Mrfi_FiFoPIsr
000004c8   OP2
000004e2   OP2H
000004e3   OP2H_H
000004e2   OP2H_L
000004e0   OP2L
000004e1   OP2L_H
000004e0   OP2L_L
000004c9   OP2_H
000004c8   OP2_L
0000020e   P1IV
0000021e   P2IV
00000204   PADIR
00000205   PADIR_H
00000204   PADIR_L
00000208   PADS
00000209   PADS_H
00000208   PADS_L
0000021a   PAIE
00000218   PAIES
00000219   PAIES_H
00000218   PAIES_L
0000021b   PAIE_H
0000021a   PAIE_L
0000021c   PAIFG
0000021d   PAIFG_H
0000021c   PAIFG_L
00000200   PAIN
00000201   PAIN_H
00000200   PAIN_L
00000202   PAOUT
00000203   PAOUT_H
00000202   PAOUT_L
00000206   PAREN
00000207   PAREN_H
00000206   PAREN_L
0000020a   PASEL
0000020b   PASEL_H
0000020a   PASEL_L
00000224   PBDIR
00000225   PBDIR_H
00000224   PBDIR_L
00000228   PBDS
00000229   PBDS_H
00000228   PBDS_L
00000220   PBIN
00000221   PBIN_H
00000220   PBIN_L
00000222   PBOUT
00000223   PBOUT_H
00000222   PBOUT_L
00000226   PBREN
00000227   PBREN_H
00000226   PBREN_L
0000022a   PBSEL
0000022b   PBSEL_H
0000022a   PBSEL_L
00000244   PCDIR
00000245   PCDIR_H
00000244   PCDIR_L
00000248   PCDS
00000249   PCDS_H
00000248   PCDS_L
00000240   PCIN
00000241   PCIN_H
00000240   PCIN_L
00000242   PCOUT
00000243   PCOUT_H
00000242   PCOUT_L
00000246   PCREN
00000247   PCREN_H
00000246   PCREN_L
0000024a   PCSEL
0000024b   PCSEL_H
0000024a   PCSEL_L
00000264   PDDIR
00000265   PDDIR_H
00000264   PDDIR_L
00000268   PDDS
00000269   PDDS_H
00000268   PDDS_L
00000260   PDIN
00000261   PDIN_H
00000260   PDIN_L
00000262   PDOUT
00000263   PDOUT_H
00000262   PDOUT_L
00000266   PDREN
00000267   PDREN_H
00000266   PDREN_L
0000026a   PDSEL
0000026b   PDSEL_H
0000026a   PDSEL_L
00000284   PEDIR
00000285   PEDIR_H
00000284   PEDIR_L
00000288   PEDS
00000289   PEDS_H
00000288   PEDS_L
00000280   PEIN
00000281   PEIN_H
00000280   PEIN_L
00000282   PEOUT
00000283   PEOUT_H
00000282   PEOUT_L
00000286   PEREN
00000287   PEREN_H
00000286   PEREN_L
0000028a   PESEL
0000028b   PESEL_H
0000028a   PESEL_L
000002a4   PFDIR
000002a5   PFDIR_H
000002a4   PFDIR_L
000002a8   PFDS
000002a9   PFDS_H
000002a8   PFDS_L
000002a0   PFIN
000002a1   PFIN_H
000002a0   PFIN_L
000002a2   PFOUT
000002a3   PFOUT_H
000002a2   PFOUT_L
000002a6   PFREN
000002a7   PFREN_H
000002a6   PFREN_L
000002aa   PFSEL
000002ab   PFSEL_H
000002aa   PFSEL_L
00000324   PJDIR
00000325   PJDIR_H
00000324   PJDIR_L
00000328   PJDS
00000329   PJDS_H
00000328   PJDS_L
00000320   PJIN
00000321   PJIN_H
00000320   PJIN_L
00000322   PJOUT
00000323   PJOUT_H
00000322   PJOUT_L
00000326   PJREN
00000327   PJREN_H
00000326   PJREN_L
00000130   PM5CTL0
00000131   PM5CTL0_H
00000130   PM5CTL0_L
00000120   PMMCTL0
00000121   PMMCTL0_H
00000120   PMMCTL0_L
00000122   PMMCTL1
00000123   PMMCTL1_H
00000122   PMMCTL1_L
0000012c   PMMIFG
0000012d   PMMIFG_H
0000012c   PMMIFG_L
0000012e   PMMRIE
0000012f   PMMRIE_H
0000012e   PMMRIE_L
00000158   RCCTL0
00000159   RCCTL0_H
00000158   RCCTL0_L
000001b0   REFCTL0
000001b1   REFCTL0_H
000001b0   REFCTL0_L
000004e4   RES0
000004e5   RES0_H
000004e4   RES0_L
000004e6   RES1
000004e7   RES1_H
000004e6   RES1_L
000004e8   RES2
000004e9   RES2_H
000004e8   RES2_L
000004ea   RES3
000004eb   RES3_H
000004ea   RES3_L
000004cc   RESHI
000004cd   RESHI_H
000004cc   RESHI_L
000004ca   RESLO
000004cb   RESLO_H
000004ca   RESLO_L
000004ba   RTCADOWDAY
000004bb   RTCADOWDAY_H
000004ba   RTCADOWDAY_L
000004b8   RTCAMINHR
000004b9   RTCAMINHR_H
000004b8   RTCAMINHR_L
000004a0   RTCCTL01
000004a1   RTCCTL01_H
000004a0   RTCCTL01_L
000004a2   RTCCTL23
000004a3   RTCCTL23_H
000004a2   RTCCTL23_L
000004b4   RTCDATE
000004b5   RTCDATE_H
000004b4   RTCDATE_L
000004ae   RTCIV
000004ac   RTCPS
000004a8   RTCPS0CTL
000004a9   RTCPS0CTL_H
000004a8   RTCPS0CTL_L
000004aa   RTCPS1CTL
000004ab   RTCPS1CTL_H
000004aa   RTCPS1CTL_L
000004ad   RTCPS_H
000004ac   RTCPS_L
000004b0   RTCTIM0
000004b1   RTCTIM0_H
000004b0   RTCTIM0_L
000004b2   RTCTIM1
000004b3   RTCTIM1_H
000004b2   RTCTIM1_L
000004b6   RTCYEAR
000004b7   RTCYEAR_H
000004b6   RTCYEAR_L
00005d5c   RTC_ISR
00000100   SFRIE1
00000101   SFRIE1_H
00000100   SFRIE1_L
00000102   SFRIFG1
00000103   SFRIFG1_H
00000102   SFRIFG1_L
00000104   SFRRPCR
00000105   SFRRPCR_H
00000104   SFRRPCR_L
00007f02   SMPL_Init
000065e8   SMPL_Ioctl
00008784   SMPL_Link
0000786a   SMPL_Receive_Src
00008760   SMPL_Send
00006b66   SMPL_SendOpt
0000878a   SMPL_Unlink
000004ce   SUMEXT
000004cf   SUMEXT_H
000004ce   SUMEXT_L
00000124   SVSMHCTL
00000125   SVSMHCTL_H
00000124   SVSMHCTL_L
00000128   SVSMIO
00000129   SVSMIO_H
00000128   SVSMIO_L
00000126   SVSMLCTL
00000127   SVSMLCTL_H
00000126   SVSMLCTL_L
00000198   SYSBERRIV
00000199   SYSBERRIV_H
00000198   SYSBERRIV_L
00000182   SYSBSLC
00000183   SYSBSLC_H
00000182   SYSBSLC_L
00000180   SYSCTL
00000181   SYSCTL_H
00000180   SYSCTL_L
00000186   SYSJMBC
00000187   SYSJMBC_H
00000186   SYSJMBC_L
00000188   SYSJMBI0
00000189   SYSJMBI0_H
00000188   SYSJMBI0_L
0000018a   SYSJMBI1
0000018b   SYSJMBI1_H
0000018a   SYSJMBI1_L
0000018c   SYSJMBO0
0000018d   SYSJMBO0_H
0000018c   SYSJMBO0_L
0000018e   SYSJMBO1
0000018f   SYSJMBO1_H
0000018e   SYSJMBO1_L
0000019e   SYSRSTIV
0000019f   SYSRSTIV_H
0000019e   SYSRSTIV_L
0000019c   SYSSNIV
0000019d   SYSSNIV_H
0000019c   SYSSNIV_L
0000019a   SYSUNIV
0000019b   SYSUNIV_H
0000019a   SYSUNIV_L
00008156   SetVCore
000082d2   SetVCoreDown
000079dc   SetVCoreUp
00006c62   Sleep_command
00001900   Sleep_time
00000352   TA0CCR0
00000354   TA0CCR1
00000356   TA0CCR2
00000358   TA0CCR3
0000035a   TA0CCR4
00000342   TA0CCTL0
00000344   TA0CCTL1
00000346   TA0CCTL2
00000348   TA0CCTL3
0000034a   TA0CCTL4
00000340   TA0CTL
00000360   TA0EX0
0000036e   TA0IV
00000350   TA0R
00000392   TA1CCR0
00000394   TA1CCR1
00000396   TA1CCR2
00000382   TA1CCTL0
00000384   TA1CCTL1
00000386   TA1CCTL2
00000380   TA1CTL
000003a0   TA1EX0
000003ae   TA1IV
00000390   TA1R
000003d2   TB0CCR0
000003d4   TB0CCR1
000003d6   TB0CCR2
000003d8   TB0CCR3
000003da   TB0CCR4
000003dc   TB0CCR5
000003de   TB0CCR6
000003c2   TB0CCTL0
000003c4   TB0CCTL1
000003c6   TB0CCTL2
000003c8   TB0CCTL3
000003ca   TB0CCTL4
000003cc   TB0CCTL5
000003ce   TB0CCTL6
000003c0   TB0CTL
000003e0   TB0EX0
000003ee   TB0IV
000003d0   TB0R
00005dcc   TIMER0_B0_VECTOR_ISR
000005d0   UCA0ABCTL
000005c6   UCA0BRW
000005c7   UCA0BRW_H
000005c6   UCA0BRW_L
000005c0   UCA0CTLW0
000005c1   UCA0CTLW0_H
000005c0   UCA0CTLW0_L
000005dc   UCA0ICTL
000005dd   UCA0ICTL_H
000005dc   UCA0ICTL_L
000005d2   UCA0IRCTL
000005d3   UCA0IRCTL_H
000005d2   UCA0IRCTL_L
000005de   UCA0IV
000005c8   UCA0MCTL
000005cc   UCA0RXBUF
000005ca   UCA0STAT
000005ce   UCA0TXBUF
00000610   UCA1ABCTL
00000606   UCA1BRW
00000607   UCA1BRW_H
00000606   UCA1BRW_L
00000600   UCA1CTLW0
00000601   UCA1CTLW0_H
00000600   UCA1CTLW0_L
0000061c   UCA1ICTL
0000061d   UCA1ICTL_H
0000061c   UCA1ICTL_L
00000612   UCA1IRCTL
00000613   UCA1IRCTL_H
00000612   UCA1IRCTL_L
0000061e   UCA1IV
00000608   UCA1MCTL
0000060c   UCA1RXBUF
0000060a   UCA1STAT
0000060e   UCA1TXBUF
00000650   UCA2ABCTL
00000646   UCA2BRW
00000647   UCA2BRW_H
00000646   UCA2BRW_L
00000640   UCA2CTLW0
00000641   UCA2CTLW0_H
00000640   UCA2CTLW0_L
0000065c   UCA2ICTL
0000065d   UCA2ICTL_H
0000065c   UCA2ICTL_L
00000652   UCA2IRCTL
00000653   UCA2IRCTL_H
00000652   UCA2IRCTL_L
0000065e   UCA2IV
00000648   UCA2MCTL
0000064c   UCA2RXBUF
0000064a   UCA2STAT
0000064e   UCA2TXBUF
00000690   UCA3ABCTL
00000686   UCA3BRW
00000687   UCA3BRW_H
00000686   UCA3BRW_L
00000680   UCA3CTLW0
00000681   UCA3CTLW0_H
00000680   UCA3CTLW0_L
0000069c   UCA3ICTL
0000069d   UCA3ICTL_H
0000069c   UCA3ICTL_L
00000692   UCA3IRCTL
00000693   UCA3IRCTL_H
00000692   UCA3IRCTL_L
0000069e   UCA3IV
00000688   UCA3MCTL
0000068c   UCA3RXBUF
0000068a   UCA3STAT
0000068e   UCA3TXBUF
000005e6   UCB0BRW
000005e7   UCB0BRW_H
000005e6   UCB0BRW_L
000005e0   UCB0CTLW0
000005e1   UCB0CTLW0_H
000005e0   UCB0CTLW0_L
000005f0   UCB0I2COA
000005f1   UCB0I2COA_H
000005f0   UCB0I2COA_L
000005f2   UCB0I2CSA
000005f3   UCB0I2CSA_H
000005f2   UCB0I2CSA_L
000005fc   UCB0ICTL
000005fd   UCB0ICTL_H
000005fc   UCB0ICTL_L
000005fe   UCB0IV
000005ec   UCB0RXBUF
000005ea   UCB0STAT
000005ee   UCB0TXBUF
00000626   UCB1BRW
00000627   UCB1BRW_H
00000626   UCB1BRW_L
00000620   UCB1CTLW0
00000621   UCB1CTLW0_H
00000620   UCB1CTLW0_L
00000630   UCB1I2COA
00000631   UCB1I2COA_H
00000630   UCB1I2COA_L
00000632   UCB1I2CSA
00000633   UCB1I2CSA_H
00000632   UCB1I2CSA_L
0000063c   UCB1ICTL
0000063d   UCB1ICTL_H
0000063c   UCB1ICTL_L
0000063e   UCB1IV
0000062c   UCB1RXBUF
0000062a   UCB1STAT
0000062e   UCB1TXBUF
00000666   UCB2BRW
00000667   UCB2BRW_H
00000666   UCB2BRW_L
00000660   UCB2CTLW0
00000661   UCB2CTLW0_H
00000660   UCB2CTLW0_L
00000670   UCB2I2COA
00000671   UCB2I2COA_H
00000670   UCB2I2COA_L
00000672   UCB2I2CSA
00000673   UCB2I2CSA_H
00000672   UCB2I2CSA_L
0000067c   UCB2ICTL
0000067d   UCB2ICTL_H
0000067c   UCB2ICTL_L
0000067e   UCB2IV
0000066c   UCB2RXBUF
0000066a   UCB2STAT
0000066e   UCB2TXBUF
000006a6   UCB3BRW
000006a7   UCB3BRW_H
000006a6   UCB3BRW_L
000006a0   UCB3CTLW0
000006a1   UCB3CTLW0_H
000006a0   UCB3CTLW0_L
000006b0   UCB3I2COA
000006b1   UCB3I2COA_H
000006b0   UCB3I2COA_L
000006b2   UCB3I2CSA
000006b3   UCB3I2CSA_H
000006b2   UCB3I2CSA_L
000006bc   UCB3ICTL
000006bd   UCB3ICTL_H
000006bc   UCB3ICTL_L
000006be   UCB3IV
000006ac   UCB3RXBUF
000006aa   UCB3STAT
000006ae   UCB3TXBUF
00000160   UCSCTL0
00000161   UCSCTL0_H
00000160   UCSCTL0_L
00000162   UCSCTL1
00000163   UCSCTL1_H
00000162   UCSCTL1_L
00000164   UCSCTL2
00000165   UCSCTL2_H
00000164   UCSCTL2_L
00000166   UCSCTL3
00000167   UCSCTL3_H
00000166   UCSCTL3_L
00000168   UCSCTL4
00000169   UCSCTL4_H
00000168   UCSCTL4_L
0000016a   UCSCTL5
0000016b   UCSCTL5_H
0000016a   UCSCTL5_L
0000016c   UCSCTL6
0000016d   UCSCTL6_H
0000016c   UCSCTL6_L
0000016e   UCSCTL7
0000016f   UCSCTL7_H
0000016e   UCSCTL7_L
00000170   UCSCTL8
00000171   UCSCTL8_H
00000170   UCSCTL8_L
00005db2   USCI_A1_ISR
000026d0   UsbReceiveBuffer
0000015c   WDTCTL
0000015d   WDTCTL_H
0000015c   WDTCTL_L
00005c00   __STACK_END
000000a0   __STACK_SIZE
00000001   __TI_args_main
00000001   __TI_auto_init
00000001   __TI_exit
ffffffff   __binit__
00001c00   __bss__
ffffffff   __c_args__
00005dd4   __cinit__
0000792e   __divul
000028b3   __end__
ffffffff   __etext__
000085e0   __mpyi_f5hw
ffffffff   __pinit__
0000792e   __remul
ffffffff   __text__
00007b22   _auto_init
00005d32   _c_int00
00005d32   _c_int00_noexit
000028a8   _cleanup_ptr
000028ac   _dtors_ptr
000028a0   _lock
000087da   _nop
00005c7e   _reset_vector
00005b60   _stack
000087c6   _system_pre_init
000028a4   _unlock
000087ca   abort
ffffffff   binit
00005dd4   cinit
000028b3   end
ffffffff   etext
00008790   getRTCNT1
00008796   getRTCNT2
0000879c   getRTCNT3
000087a2   getRTCNT4
00007a2e   main
0000838c   memcmp
00008680   memcpy
00008498   memmove
00008632   memset
00008802   mrfiBroadcastAddr
000081ae   mrfiSpiBitClear
000081da   mrfiSpiBitSet
00008692   mrfiSpiCmdStrobe
00007e92   mrfiSpiInit
000085ca   mrfiSpiRandomByte
00007eca   mrfiSpiReadReg
00008768   mrfiSpiReadRxFifo
00007cb6   mrfiSpiWriteReg
00008770   mrfiSpiWriteTxFifo
0000250a   msgT
00002506   msgX
00002508   msgZ
000087ce   nwk_NVObj
000084f8   nwk_QInit
00007f9c   nwk_QadjustOrder
00006724   nwk_QfindOldest
000076fc   nwk_QfindSlot
0000711c   nwk_allocateLocalRxPort
00008416   nwk_buildAckReqFrame
00007424   nwk_buildFrame
00008230   nwk_checkConnInfo
000082f8   nwk_connectionControl
00007fce   nwk_deviceAddress
00007b68   nwk_findPeer
000084b8   nwk_frameInit
000087a8   nwk_freeConnection
000087dc   nwk_freqInit
000087ae   nwk_getBCastAddress
00008000   nwk_getConnInfo
000087b4   nwk_getFWVersion
000086a4   nwk_getJoinToken
000086b6   nwk_getLinkToken
000086c8   nwk_getMyAddress
000087ba   nwk_getMyRxType
00007ad2   nwk_getNextConnection
0000870c   nwk_getNumObjectFromMsg
000087c0   nwk_getProtocolVersion
00008534   nwk_globalsInit
000075e6   nwk_isConnectionValid
00007c32   nwk_isLinkDuplicate
00007dac   nwk_isValidReply
00006d5e   nwk_join
0000856c   nwk_joinInit
00006354   nwk_link
00008032   nwk_linkInit
0000874c   nwk_mgmtInit
00007676   nwk_nwkInit
00008756   nwk_pingInit
000087d2   nwk_processFreq
000084d8   nwk_processJoin
0000831e   nwk_processLink
00007de6   nwk_processMgmt
00008284   nwk_processPing
000087d6   nwk_processSecurity
00007d70   nwk_putNumObjectIntoMsg
000074ba   nwk_radioControl
000080f6   nwk_rawReceive
00007a80   nwk_rawSend
0000737e   nwk_retrieveFrame
00006f4a   nwk_retrieveFrame_ConnInfo
000087de   nwk_securityInit
00007550   nwk_sendAckReply
00008126   nwk_sendFrame
0000871a   nwk_setAPAddress
000086da   nwk_setJoinToken
000086ec   nwk_setLinkToken
00008550   nwk_setMyAddress
000071f8   nwk_unlink
ffffffff   pinit
0000250d   q
00002510   qToffset
0000250e   qoffset
00007986   reprogram
0000825a   setupRTC
00008646   toggleLED
0000865a   turnAccOff
00007e20   turnAccOn
00005d7a   watchdog_timer


GLOBAL SYMBOLS: SORTED BY Symbol Address 

address    name
--------   ----
00000001   __TI_args_main
00000001   __TI_auto_init
00000001   __TI_exit
000000a0   __STACK_SIZE
00000100   SFRIE1
00000100   SFRIE1_L
00000101   SFRIE1_H
00000102   SFRIFG1
00000102   SFRIFG1_L
00000103   SFRIFG1_H
00000104   SFRRPCR
00000104   SFRRPCR_L
00000105   SFRRPCR_H
00000120   PMMCTL0
00000120   PMMCTL0_L
00000121   PMMCTL0_H
00000122   PMMCTL1
00000122   PMMCTL1_L
00000123   PMMCTL1_H
00000124   SVSMHCTL
00000124   SVSMHCTL_L
00000125   SVSMHCTL_H
00000126   SVSMLCTL
00000126   SVSMLCTL_L
00000127   SVSMLCTL_H
00000128   SVSMIO
00000128   SVSMIO_L
00000129   SVSMIO_H
0000012c   PMMIFG
0000012c   PMMIFG_L
0000012d   PMMIFG_H
0000012e   PMMRIE
0000012e   PMMRIE_L
0000012f   PMMRIE_H
00000130   PM5CTL0
00000130   PM5CTL0_L
00000131   PM5CTL0_H
00000140   FCTL1
00000140   FCTL1_L
00000141   FCTL1_H
00000144   FCTL3
00000144   FCTL3_L
00000145   FCTL3_H
00000146   FCTL4
00000146   FCTL4_L
00000147   FCTL4_H
00000150   CRCDI
00000150   CRCDI_L
00000151   CRCDI_H
00000152   CRCDIRB
00000152   CRCDIRB_L
00000153   CRCDIRB_H
00000154   CRCINIRES
00000154   CRCINIRES_L
00000155   CRCINIRES_H
00000156   CRCRESR
00000156   CRCRESR_L
00000157   CRCRESR_H
00000158   RCCTL0
00000158   RCCTL0_L
00000159   RCCTL0_H
0000015c   WDTCTL
0000015c   WDTCTL_L
0000015d   WDTCTL_H
00000160   UCSCTL0
00000160   UCSCTL0_L
00000161   UCSCTL0_H
00000162   UCSCTL1
00000162   UCSCTL1_L
00000163   UCSCTL1_H
00000164   UCSCTL2
00000164   UCSCTL2_L
00000165   UCSCTL2_H
00000166   UCSCTL3
00000166   UCSCTL3_L
00000167   UCSCTL3_H
00000168   UCSCTL4
00000168   UCSCTL4_L
00000169   UCSCTL4_H
0000016a   UCSCTL5
0000016a   UCSCTL5_L
0000016b   UCSCTL5_H
0000016c   UCSCTL6
0000016c   UCSCTL6_L
0000016d   UCSCTL6_H
0000016e   UCSCTL7
0000016e   UCSCTL7_L
0000016f   UCSCTL7_H
00000170   UCSCTL8
00000170   UCSCTL8_L
00000171   UCSCTL8_H
00000180   SYSCTL
00000180   SYSCTL_L
00000181   SYSCTL_H
00000182   SYSBSLC
00000182   SYSBSLC_L
00000183   SYSBSLC_H
00000186   SYSJMBC
00000186   SYSJMBC_L
00000187   SYSJMBC_H
00000188   SYSJMBI0
00000188   SYSJMBI0_L
00000189   SYSJMBI0_H
0000018a   SYSJMBI1
0000018a   SYSJMBI1_L
0000018b   SYSJMBI1_H
0000018c   SYSJMBO0
0000018c   SYSJMBO0_L
0000018d   SYSJMBO0_H
0000018e   SYSJMBO1
0000018e   SYSJMBO1_L
0000018f   SYSJMBO1_H
00000198   SYSBERRIV
00000198   SYSBERRIV_L
00000199   SYSBERRIV_H
0000019a   SYSUNIV
0000019a   SYSUNIV_L
0000019b   SYSUNIV_H
0000019c   SYSSNIV
0000019c   SYSSNIV_L
0000019d   SYSSNIV_H
0000019e   SYSRSTIV
0000019e   SYSRSTIV_L
0000019f   SYSRSTIV_H
000001b0   REFCTL0
000001b0   REFCTL0_L
000001b1   REFCTL0_H
00000200   PAIN
00000200   PAIN_L
00000201   PAIN_H
00000202   PAOUT
00000202   PAOUT_L
00000203   PAOUT_H
00000204   PADIR
00000204   PADIR_L
00000205   PADIR_H
00000206   PAREN
00000206   PAREN_L
00000207   PAREN_H
00000208   PADS
00000208   PADS_L
00000209   PADS_H
0000020a   PASEL
0000020a   PASEL_L
0000020b   PASEL_H
0000020e   P1IV
00000218   PAIES
00000218   PAIES_L
00000219   PAIES_H
0000021a   PAIE
0000021a   PAIE_L
0000021b   PAIE_H
0000021c   PAIFG
0000021c   PAIFG_L
0000021d   PAIFG_H
0000021e   P2IV
00000220   PBIN
00000220   PBIN_L
00000221   PBIN_H
00000222   PBOUT
00000222   PBOUT_L
00000223   PBOUT_H
00000224   PBDIR
00000224   PBDIR_L
00000225   PBDIR_H
00000226   PBREN
00000226   PBREN_L
00000227   PBREN_H
00000228   PBDS
00000228   PBDS_L
00000229   PBDS_H
0000022a   PBSEL
0000022a   PBSEL_L
0000022b   PBSEL_H
00000240   PCIN
00000240   PCIN_L
00000241   PCIN_H
00000242   PCOUT
00000242   PCOUT_L
00000243   PCOUT_H
00000244   PCDIR
00000244   PCDIR_L
00000245   PCDIR_H
00000246   PCREN
00000246   PCREN_L
00000247   PCREN_H
00000248   PCDS
00000248   PCDS_L
00000249   PCDS_H
0000024a   PCSEL
0000024a   PCSEL_L
0000024b   PCSEL_H
00000260   PDIN
00000260   PDIN_L
00000261   PDIN_H
00000262   PDOUT
00000262   PDOUT_L
00000263   PDOUT_H
00000264   PDDIR
00000264   PDDIR_L
00000265   PDDIR_H
00000266   PDREN
00000266   PDREN_L
00000267   PDREN_H
00000268   PDDS
00000268   PDDS_L
00000269   PDDS_H
0000026a   PDSEL
0000026a   PDSEL_L
0000026b   PDSEL_H
00000280   PEIN
00000280   PEIN_L
00000281   PEIN_H
00000282   PEOUT
00000282   PEOUT_L
00000283   PEOUT_H
00000284   PEDIR
00000284   PEDIR_L
00000285   PEDIR_H
00000286   PEREN
00000286   PEREN_L
00000287   PEREN_H
00000288   PEDS
00000288   PEDS_L
00000289   PEDS_H
0000028a   PESEL
0000028a   PESEL_L
0000028b   PESEL_H
000002a0   PFIN
000002a0   PFIN_L
000002a1   PFIN_H
000002a2   PFOUT
000002a2   PFOUT_L
000002a3   PFOUT_H
000002a4   PFDIR
000002a4   PFDIR_L
000002a5   PFDIR_H
000002a6   PFREN
000002a6   PFREN_L
000002a7   PFREN_H
000002a8   PFDS
000002a8   PFDS_L
000002a9   PFDS_H
000002aa   PFSEL
000002aa   PFSEL_L
000002ab   PFSEL_H
00000320   PJIN
00000320   PJIN_L
00000321   PJIN_H
00000322   PJOUT
00000322   PJOUT_L
00000323   PJOUT_H
00000324   PJDIR
00000324   PJDIR_L
00000325   PJDIR_H
00000326   PJREN
00000326   PJREN_L
00000327   PJREN_H
00000328   PJDS
00000328   PJDS_L
00000329   PJDS_H
00000340   TA0CTL
00000342   TA0CCTL0
00000344   TA0CCTL1
00000346   TA0CCTL2
00000348   TA0CCTL3
0000034a   TA0CCTL4
00000350   TA0R
00000352   TA0CCR0
00000354   TA0CCR1
00000356   TA0CCR2
00000358   TA0CCR3
0000035a   TA0CCR4
00000360   TA0EX0
0000036e   TA0IV
00000380   TA1CTL
00000382   TA1CCTL0
00000384   TA1CCTL1
00000386   TA1CCTL2
00000390   TA1R
00000392   TA1CCR0
00000394   TA1CCR1
00000396   TA1CCR2
000003a0   TA1EX0
000003ae   TA1IV
000003c0   TB0CTL
000003c2   TB0CCTL0
000003c4   TB0CCTL1
000003c6   TB0CCTL2
000003c8   TB0CCTL3
000003ca   TB0CCTL4
000003cc   TB0CCTL5
000003ce   TB0CCTL6
000003d0   TB0R
000003d2   TB0CCR0
000003d4   TB0CCR1
000003d6   TB0CCR2
000003d8   TB0CCR3
000003da   TB0CCR4
000003dc   TB0CCR5
000003de   TB0CCR6
000003e0   TB0EX0
000003ee   TB0IV
000004a0   RTCCTL01
000004a0   RTCCTL01_L
000004a1   RTCCTL01_H
000004a2   RTCCTL23
000004a2   RTCCTL23_L
000004a3   RTCCTL23_H
000004a8   RTCPS0CTL
000004a8   RTCPS0CTL_L
000004a9   RTCPS0CTL_H
000004aa   RTCPS1CTL
000004aa   RTCPS1CTL_L
000004ab   RTCPS1CTL_H
000004ac   RTCPS
000004ac   RTCPS_L
000004ad   RTCPS_H
000004ae   RTCIV
000004b0   RTCTIM0
000004b0   RTCTIM0_L
000004b1   RTCTIM0_H
000004b2   RTCTIM1
000004b2   RTCTIM1_L
000004b3   RTCTIM1_H
000004b4   RTCDATE
000004b4   RTCDATE_L
000004b5   RTCDATE_H
000004b6   RTCYEAR
000004b6   RTCYEAR_L
000004b7   RTCYEAR_H
000004b8   RTCAMINHR
000004b8   RTCAMINHR_L
000004b9   RTCAMINHR_H
000004ba   RTCADOWDAY
000004ba   RTCADOWDAY_L
000004bb   RTCADOWDAY_H
000004c0   MPY
000004c0   MPY_L
000004c1   MPY_H
000004c2   MPYS
000004c2   MPYS_L
000004c3   MPYS_H
000004c4   MAC
000004c4   MAC_L
000004c5   MAC_H
000004c6   MACS
000004c6   MACS_L
000004c7   MACS_H
000004c8   OP2
000004c8   OP2_L
000004c9   OP2_H
000004ca   RESLO
000004ca   RESLO_L
000004cb   RESLO_H
000004cc   RESHI
000004cc   RESHI_L
000004cd   RESHI_H
000004ce   SUMEXT
000004ce   SUMEXT_L
000004cf   SUMEXT_H
000004d0   MPY32L
000004d0   MPY32L_L
000004d1   MPY32L_H
000004d2   MPY32H
000004d2   MPY32H_L
000004d3   MPY32H_H
000004d4   MPYS32L
000004d4   MPYS32L_L
000004d5   MPYS32L_H
000004d6   MPYS32H
000004d6   MPYS32H_L
000004d7   MPYS32H_H
000004d8   MAC32L
000004d8   MAC32L_L
000004d9   MAC32L_H
000004da   MAC32H
000004da   MAC32H_L
000004db   MAC32H_H
000004dc   MACS32L
000004dc   MACS32L_L
000004dd   MACS32L_H
000004de   MACS32H
000004de   MACS32H_L
000004df   MACS32H_H
000004e0   OP2L
000004e0   OP2L_L
000004e1   OP2L_H
000004e2   OP2H
000004e2   OP2H_L
000004e3   OP2H_H
000004e4   RES0
000004e4   RES0_L
000004e5   RES0_H
000004e6   RES1
000004e6   RES1_L
000004e7   RES1_H
000004e8   RES2
000004e8   RES2_L
000004e9   RES2_H
000004ea   RES3
000004ea   RES3_L
000004eb   RES3_H
000004ec   MPY32CTL0
000004ec   MPY32CTL0_L
000004ed   MPY32CTL0_H
00000500   DMACTL0
00000500   DMACTL0_L
00000501   DMACTL0_H
00000502   DMACTL1
00000502   DMACTL1_L
00000503   DMACTL1_H
00000504   DMACTL2
00000504   DMACTL2_L
00000505   DMACTL2_H
00000506   DMACTL3
00000506   DMACTL3_L
00000507   DMACTL3_H
00000508   DMACTL4
00000508   DMACTL4_L
00000509   DMACTL4_H
0000050e   DMAIV
0000050e   DMAIV_L
0000050f   DMAIV_H
00000510   DMA0CTL
00000510   DMA0CTL_L
00000511   DMA0CTL_H
00000512   DMA0SA
00000512   DMA0SAL
00000516   DMA0DA
00000516   DMA0DAL
0000051a   DMA0SZ
00000520   DMA1CTL
00000520   DMA1CTL_L
00000521   DMA1CTL_H
00000522   DMA1SA
00000522   DMA1SAL
00000526   DMA1DA
00000526   DMA1DAL
0000052a   DMA1SZ
00000530   DMA2CTL
00000530   DMA2CTL_L
00000531   DMA2CTL_H
00000532   DMA2SA
00000532   DMA2SAL
00000536   DMA2DA
00000536   DMA2DAL
0000053a   DMA2SZ
000005c0   UCA0CTLW0
000005c0   UCA0CTLW0_L
000005c1   UCA0CTLW0_H
000005c6   UCA0BRW
000005c6   UCA0BRW_L
000005c7   UCA0BRW_H
000005c8   UCA0MCTL
000005ca   UCA0STAT
000005cc   UCA0RXBUF
000005ce   UCA0TXBUF
000005d0   UCA0ABCTL
000005d2   UCA0IRCTL
000005d2   UCA0IRCTL_L
000005d3   UCA0IRCTL_H
000005dc   UCA0ICTL
000005dc   UCA0ICTL_L
000005dd   UCA0ICTL_H
000005de   UCA0IV
000005e0   UCB0CTLW0
000005e0   UCB0CTLW0_L
000005e1   UCB0CTLW0_H
000005e6   UCB0BRW
000005e6   UCB0BRW_L
000005e7   UCB0BRW_H
000005ea   UCB0STAT
000005ec   UCB0RXBUF
000005ee   UCB0TXBUF
000005f0   UCB0I2COA
000005f0   UCB0I2COA_L
000005f1   UCB0I2COA_H
000005f2   UCB0I2CSA
000005f2   UCB0I2CSA_L
000005f3   UCB0I2CSA_H
000005fc   UCB0ICTL
000005fc   UCB0ICTL_L
000005fd   UCB0ICTL_H
000005fe   UCB0IV
00000600   UCA1CTLW0
00000600   UCA1CTLW0_L
00000601   UCA1CTLW0_H
00000606   UCA1BRW
00000606   UCA1BRW_L
00000607   UCA1BRW_H
00000608   UCA1MCTL
0000060a   UCA1STAT
0000060c   UCA1RXBUF
0000060e   UCA1TXBUF
00000610   UCA1ABCTL
00000612   UCA1IRCTL
00000612   UCA1IRCTL_L
00000613   UCA1IRCTL_H
0000061c   UCA1ICTL
0000061c   UCA1ICTL_L
0000061d   UCA1ICTL_H
0000061e   UCA1IV
00000620   UCB1CTLW0
00000620   UCB1CTLW0_L
00000621   UCB1CTLW0_H
00000626   UCB1BRW
00000626   UCB1BRW_L
00000627   UCB1BRW_H
0000062a   UCB1STAT
0000062c   UCB1RXBUF
0000062e   UCB1TXBUF
00000630   UCB1I2COA
00000630   UCB1I2COA_L
00000631   UCB1I2COA_H
00000632   UCB1I2CSA
00000632   UCB1I2CSA_L
00000633   UCB1I2CSA_H
0000063c   UCB1ICTL
0000063c   UCB1ICTL_L
0000063d   UCB1ICTL_H
0000063e   UCB1IV
00000640   UCA2CTLW0
00000640   UCA2CTLW0_L
00000641   UCA2CTLW0_H
00000646   UCA2BRW
00000646   UCA2BRW_L
00000647   UCA2BRW_H
00000648   UCA2MCTL
0000064a   UCA2STAT
0000064c   UCA2RXBUF
0000064e   UCA2TXBUF
00000650   UCA2ABCTL
00000652   UCA2IRCTL
00000652   UCA2IRCTL_L
00000653   UCA2IRCTL_H
0000065c   UCA2ICTL
0000065c   UCA2ICTL_L
0000065d   UCA2ICTL_H
0000065e   UCA2IV
00000660   UCB2CTLW0
00000660   UCB2CTLW0_L
00000661   UCB2CTLW0_H
00000666   UCB2BRW
00000666   UCB2BRW_L
00000667   UCB2BRW_H
0000066a   UCB2STAT
0000066c   UCB2RXBUF
0000066e   UCB2TXBUF
00000670   UCB2I2COA
00000670   UCB2I2COA_L
00000671   UCB2I2COA_H
00000672   UCB2I2CSA
00000672   UCB2I2CSA_L
00000673   UCB2I2CSA_H
0000067c   UCB2ICTL
0000067c   UCB2ICTL_L
0000067d   UCB2ICTL_H
0000067e   UCB2IV
00000680   UCA3CTLW0
00000680   UCA3CTLW0_L
00000681   UCA3CTLW0_H
00000686   UCA3BRW
00000686   UCA3BRW_L
00000687   UCA3BRW_H
00000688   UCA3MCTL
0000068a   UCA3STAT
0000068c   UCA3RXBUF
0000068e   UCA3TXBUF
00000690   UCA3ABCTL
00000692   UCA3IRCTL
00000692   UCA3IRCTL_L
00000693   UCA3IRCTL_H
0000069c   UCA3ICTL
0000069c   UCA3ICTL_L
0000069d   UCA3ICTL_H
0000069e   UCA3IV
000006a0   UCB3CTLW0
000006a0   UCB3CTLW0_L
000006a1   UCB3CTLW0_H
000006a6   UCB3BRW
000006a6   UCB3BRW_L
000006a7   UCB3BRW_H
000006aa   UCB3STAT
000006ac   UCB3RXBUF
000006ae   UCB3TXBUF
000006b0   UCB3I2COA
000006b0   UCB3I2COA_L
000006b1   UCB3I2COA_H
000006b2   UCB3I2CSA
000006b2   UCB3I2CSA_L
000006b3   UCB3I2CSA_H
000006bc   UCB3ICTL
000006bc   UCB3ICTL_L
000006bd   UCB3ICTL_H
000006be   UCB3IV
00000700   ADC12CTL0
00000700   ADC12CTL0_L
00000701   ADC12CTL0_H
00000702   ADC12CTL1
00000702   ADC12CTL1_L
00000703   ADC12CTL1_H
00000704   ADC12CTL2
00000704   ADC12CTL2_L
00000705   ADC12CTL2_H
0000070a   ADC12IFG
0000070a   ADC12IFG_L
0000070b   ADC12IFG_H
0000070c   ADC12IE
0000070c   ADC12IE_L
0000070d   ADC12IE_H
0000070e   ADC12IV
0000070e   ADC12IV_L
0000070f   ADC12IV_H
00000710   ADC12MCTL0
00000711   ADC12MCTL1
00000712   ADC12MCTL2
00000713   ADC12MCTL3
00000714   ADC12MCTL4
00000715   ADC12MCTL5
00000716   ADC12MCTL6
00000717   ADC12MCTL7
00000718   ADC12MCTL8
00000719   ADC12MCTL9
0000071a   ADC12MCTL10
0000071b   ADC12MCTL11
0000071c   ADC12MCTL12
0000071d   ADC12MCTL13
0000071e   ADC12MCTL14
0000071f   ADC12MCTL15
00000720   ADC12MEM0
00000720   ADC12MEM0_L
00000721   ADC12MEM0_H
00000722   ADC12MEM1
00000722   ADC12MEM1_L
00000723   ADC12MEM1_H
00000724   ADC12MEM2
00000724   ADC12MEM2_L
00000725   ADC12MEM2_H
00000726   ADC12MEM3
00000726   ADC12MEM3_L
00000727   ADC12MEM3_H
00000728   ADC12MEM4
00000728   ADC12MEM4_L
00000729   ADC12MEM4_H
0000072a   ADC12MEM5
0000072a   ADC12MEM5_L
0000072b   ADC12MEM5_H
0000072c   ADC12MEM6
0000072c   ADC12MEM6_L
0000072d   ADC12MEM6_H
0000072e   ADC12MEM7
0000072e   ADC12MEM7_L
0000072f   ADC12MEM7_H
00000730   ADC12MEM8
00000730   ADC12MEM8_L
00000731   ADC12MEM8_H
00000732   ADC12MEM9
00000732   ADC12MEM9_L
00000733   ADC12MEM9_H
00000734   ADC12MEM10
00000734   ADC12MEM10_L
00000735   ADC12MEM10_H
00000736   ADC12MEM11
00000736   ADC12MEM11_L
00000737   ADC12MEM11_H
00000738   ADC12MEM12
00000738   ADC12MEM12_L
00000739   ADC12MEM12_H
0000073a   ADC12MEM13
0000073a   ADC12MEM13_L
0000073b   ADC12MEM13_H
0000073c   ADC12MEM14
0000073c   ADC12MEM14_L
0000073d   ADC12MEM14_H
0000073e   ADC12MEM15
0000073e   ADC12MEM15_L
0000073f   ADC12MEM15_H
00001900   Sleep_time
00001c00   .bss
00001c00   __bss__
00001c06   BufferX
00002006   BufferZ
00002406   BufferT
00002506   msgX
00002508   msgZ
0000250a   msgT
0000250c   DMAsegments
0000250d   q
0000250e   qoffset
00002510   qToffset
00002512   AcceloON
000026d0   UsbReceiveBuffer
000027d0   BufferSize
000027d1   CmdComplete
000028a0   _lock
000028a4   _unlock
000028a8   _cleanup_ptr
000028ac   _dtors_ptr
000028b3   __end__
000028b3   end
00005b60   _stack
00005c00   __STACK_END
00005c7e   _reset_vector
00005c80   DMA_ISR
00005d32   _c_int00
00005d32   _c_int00_noexit
00005d5c   RTC_ISR
00005d7a   watchdog_timer
00005d98   BSP_GpioPort1Isr
00005db2   USCI_A1_ISR
00005dcc   TIMER0_B0_VECTOR_ISR
00005dd4   __cinit__
00005dd4   cinit
00006354   nwk_link
000064aa   Mrfi_FiFoPIsr
000065e8   SMPL_Ioctl
00006724   nwk_QfindOldest
00006846   MRFI_Init
00006958   MRFI_Transmit
00006a66   BSP_InitBoard
00006b66   SMPL_SendOpt
00006c62   Sleep_command
00006d5e   nwk_join
00006e56   AccelerometerInit
00006f4a   nwk_retrieveFrame_ConnInfo
0000703e   MRFI_WakeUp
0000711c   nwk_allocateLocalRxPort
000071f8   nwk_unlink
0000737e   nwk_retrieveFrame
00007424   nwk_buildFrame
000074ba   nwk_radioControl
00007550   nwk_sendAckReply
000075e6   nwk_isConnectionValid
00007676   nwk_nwkInit
000076fc   nwk_QfindSlot
00007778   MRFI_SetRxAddrFilter
0000786a   SMPL_Receive_Src
0000792e   __divul
0000792e   __remul
00007986   reprogram
000079dc   SetVCoreUp
00007a2e   main
00007a80   nwk_rawSend
00007ad2   nwk_getNextConnection
00007b22   _auto_init
00007b68   nwk_findPeer
00007bae   MRFI_Rssi
00007bf0   MRFI_SetLogicalChannel
00007c32   nwk_isLinkDuplicate
00007cb6   mrfiSpiWriteReg
00007d34   MRFI_ReplyDelay
00007d70   nwk_putNumObjectIntoMsg
00007dac   nwk_isValidReply
00007de6   nwk_processMgmt
00007e20   turnAccOn
00007e5a   MRFI_SetRFPwr
00007e92   mrfiSpiInit
00007eca   mrfiSpiReadReg
00007f02   SMPL_Init
00007f9c   nwk_QadjustOrder
00007fce   nwk_deviceAddress
00008000   nwk_getConnInfo
00008032   nwk_linkInit
00008096   BSP_Delay
000080f6   nwk_rawReceive
00008126   nwk_sendFrame
00008156   SetVCore
000081ae   mrfiSpiBitClear
000081da   mrfiSpiBitSet
00008230   nwk_checkConnInfo
0000825a   setupRTC
00008284   nwk_processPing
000082d2   SetVCoreDown
000082f8   nwk_connectionControl
0000831e   nwk_processLink
0000838c   memcmp
000083b0   MRFI_EnableRxAddrFilter
000083d2   MRFI_RxOn
00008416   nwk_buildAckReqFrame
00008438   BSP_Init
00008458   MRFI_RxCompleteISR
00008478   MRFI_RxIdle
00008498   memmove
000084b8   nwk_frameInit
000084d8   nwk_processJoin
000084f8   nwk_QInit
00008534   nwk_globalsInit
00008550   nwk_setMyAddress
0000856c   nwk_joinInit
00008586   MRFI_DelayMs
0000859e   MRFI_RandomByte
000085ca   mrfiSpiRandomByte
000085e0   __mpyi_f5hw
000085f6   MRFI_DisableRxAddrFilter
0000860a   MRFI_Sleep
00008632   memset
00008646   toggleLED
0000865a   turnAccOff
0000866e   BSP_InitLeds
00008680   memcpy
00008692   mrfiSpiCmdStrobe
000086a4   nwk_getJoinToken
000086b6   nwk_getLinkToken
000086c8   nwk_getMyAddress
000086da   nwk_setJoinToken
000086ec   nwk_setLinkToken
000086fe   MRFI_Receive
0000870c   nwk_getNumObjectFromMsg
0000871a   nwk_setAPAddress
00008728   MRFI_PostKillSem
0000874c   nwk_mgmtInit
00008756   nwk_pingInit
00008760   SMPL_Send
00008768   mrfiSpiReadRxFifo
00008770   mrfiSpiWriteTxFifo
00008778   BSP_InitDrivers
0000877e   MRFI_GetRadioState
00008784   SMPL_Link
0000878a   SMPL_Unlink
00008790   getRTCNT1
00008796   getRTCNT2
0000879c   getRTCNT3
000087a2   getRTCNT4
000087a8   nwk_freeConnection
000087ae   nwk_getBCastAddress
000087b4   nwk_getFWVersion
000087ba   nwk_getMyRxType
000087c0   nwk_getProtocolVersion
000087c6   _system_pre_init
000087ca   C$$EXIT
000087ca   abort
000087ce   nwk_NVObj
000087d2   nwk_processFreq
000087d6   nwk_processSecurity
000087da   _nop
000087dc   nwk_freqInit
000087de   nwk_securityInit
00008802   mrfiBroadcastAddr
ffffffff   .text
ffffffff   __binit__
ffffffff   __c_args__
ffffffff   __etext__
ffffffff   __pinit__
ffffffff   __text__
ffffffff   binit
ffffffff   etext
ffffffff   pinit

[848 symbols]
